<html>
<body>
<pre>
<h1>µVision Build Log</h1>
<h2>Tool Versions:</h2>
IDE-Version: •ÏVision V5.24.2.0
Copyright (C) 2017 ARM Ltd and ARM Germany GmbH. All rights reserved.
License Information: k jj, jj, LIC=UJWEV-PJ2MA-8FJIE-5NI63-BKKD1-H3BPH
 
Tool Versions:
Toolchain:       MDK-ARM Plus  Version: 5.24.1
Toolchain Path:  C:\Keil_v5\ARM\ARMCC\Bin
C Compiler:      Armcc.exe V5.06 update 5 (build 528)
Assembler:       Armasm.exe V5.06 update 5 (build 528)
Linker/Locator:  ArmLink.exe V5.06 update 5 (build 528)
Library Manager: ArmAr.exe V5.06 update 5 (build 528)
Hex Converter:   FromElf.exe V5.06 update 5 (build 528)
CPU DLL:         SARMCM3.DLL V5.24.1
Dialog DLL:      DARMCM1.DLL V1.18.0.0
Target DLL:      UL2CM3.DLL V1.160.3.0
Dialog DLL:      TARMCM1.DLL V1.13.0.0
 
<h2>Project:</h2>
C:\Users\kjjqq\Documents\HelloWorld\BVM_1.0\Projects\BLE_Examples\BLE_SerialPort\MDK-ARM\STEVAL-IDB011V1\BLE_SerialPort.uvprojx
Project File Date:  03/06/2023

<h2>Output:</h2>
*** Using Compiler 'V5.06 update 5 (build 528)', folder: 'C:\Keil_v5\ARM\ARMCC\Bin'
Build target 'Server'
linking...
Program Size: Code=87524 RO-data=1860 RW-data=1168 ZI-data=9876  
FromELF: creating hex file...
After Build - User command #1: fromelf.exe --bin Server\Objects\BLE_SerialPort_Server.axf --output Server\Objects\BLE_SerialPort_Server.bin
".\Server\Objects\BLE_SerialPort_Server.axf" - 0 Error(s), 0 Warning(s).

<h2>Software Packages used:</h2>

Package Vendor: Keil
                http://www.keil.com/pack/Keil.STBlueNRG-LP_DFP.3.0.0.pack
                Keil.STBlueNRG-LP_DFP.3.0.0
                STMicroelectronics BlueNRG-LP Series Device Support

<h2>Collection of Component include folders:</h2>
  .\RTE\_Server
  C:\Keil_v5\ARM\PACK\Keil\STBlueNRG-LP_DFP\3.0.0\Drivers\CMSIS\Device\ST\BlueNRG_LP\Include

<h2>Collection of Component Files used:</h2>
Build Time Elapsed:  00:00:01
</pre>
</body>
</html>
