<html>
<body>
<pre>
<h1>µVision Build Log</h1>
<h2>Tool Versions:</h2>
IDE-Version: •ÏVision V5.27.1.0
Copyright (C) 2019 ARM Ltd and ARM Germany GmbH. All rights reserved.
License Information: June Ra, Sigmalab Co.,Ltd., LIC=Y2B1Q-NUGP3-F1DPT-R35L9-CELB1-R9HP9
 
Tool Versions:
Toolchain:       MDK-ARM Professional  Version: 5.28.0.0
Toolchain Path:  C:\Keil_v5\ARM\ARMCC\Bin
C Compiler:      Armcc.exe V5.06 update 6 (build 750)
Assembler:       Armasm.exe V5.06 update 6 (build 750)
Linker/Locator:  ArmLink.exe V5.06 update 6 (build 750)
Library Manager: ArmAr.exe V5.06 update 6 (build 750)
Hex Converter:   FromElf.exe V5.06 update 6 (build 750)
CPU DLL:         SARMCM3.DLL V5.28.0.0
Dialog DLL:      DARMCM1.DLL V1.19.2.0
Target DLL:      STLink\ST-LINKIII-KEIL_SWO.dll V3.0.6.0
Dialog DLL:      TARMCM1.DLL V1.14.1.0
 
<h2>Project:</h2>
D:\Work\_Tnn\Development\BLE_Module\_firmware\BlueNRG-LP DK 1.1.0\Projects\BLE_Examples\BLE_SerialPort\MDK-ARM\STEVAL-IDB011V1\BLE_SerialPort.uvprojx
Project File Date:  07/08/2022

<h2>Output:</h2>
*** Using Compiler 'V5.06 update 6 (build 750)', folder: 'C:\Keil_v5\ARM\ARMCC\Bin'
Build target 'Client'
compiling bluenrg_lp_evb_button.c...
compiling bluenrg_lp_evb_i2c.c...
compiling bluenrg_lp_evb_com.c...
compiling bluenrg_lp_evb_io.c...
compiling bluenrg_lp_evb_led.c...
compiling bluenrg_lp_evb_spi.c...
compiling serial_port.c...
compiling bluenrg_lp_it.c...
compiling BLE_SerialPort_main.c...
linking...
Program Size: Code=99428 RO-data=2232 RW-data=1088 ZI-data=10132  
FromELF: creating hex file...
After Build - User command #1: fromelf.exe --bin Client\Objects\BLE_SerialPort_Client.axf --output Client\Objects\BLE_SerialPort_Client.bin
".\Client\Objects\BLE_SerialPort_Client.axf" - 0 Error(s), 0 Warning(s).

<h2>Software Packages used:</h2>

Package Vendor: Keil
                http://www.keil.com/pack/Keil.STBlueNRG-LP_DFP.2.0.0.pack
                Keil.STBlueNRG-LP_DFP.2.0.0
                STMicroelectronics BlueNRG-LP Series Device Support

<h2>Collection of Component include folders:</h2>
  .\RTE\_Client

<h2>Collection of Component Files used:</h2>
Build Time Elapsed:  00:00:15
</pre>
</body>
</html>
