<!doctype html public "-//w3c//dtd html 4.0 transitional//en">
<html><head>
<title>Static Call Graph - [.\Client\Objects\BLE_SerialPort_Client.axf]</title></head>
<body><HR>
<H1>Static Call Graph for image .\Client\Objects\BLE_SerialPort_Client.axf</H1><HR>
<BR><P>#&#060CALLGRAPH&#062# ARM Linker, 5060750: Last Updated: Fri Aug 12 12:43:23 2022
<BR><P>
<H3>Maximum Stack Usage =       2544 bytes + Unknown(Functions without stacksize, Untraceable Function Pointers)</H3><H3>
Call chain for Maximum Stack Depth:</H3>
RESET_HANDLER &rArr; main &rArr; ModulesTick &rArr; NVMDB_Tick &rArr; NVMDB_CleanDB &rArr; CleanLargeDB &rArr; LoadDBToRAM &rArr; ReadNextRecordNoLock &rArr; NextRecordNoLock &rArr; ReadRecordInCache &rArr; CacheFindOperation &rArr; __aeabi_memcpy
<P>
<H3>
Functions with no stack information
</H3><UL>
 <LI><a href="#[266]">ACL_list_get_pckt_count</a>
 <LI><a href="#[25f]">ACL_list_init</a>
 <LI><a href="#[4b3]">ACL_list_insert_head</a>
 <LI><a href="#[265]">ACL_list_insert_tail</a>
 <LI><a href="#[25b]">ACL_list_remove</a>
 <LI><a href="#[267]">ACL_list_remove_head</a>
 <LI><a href="#[48]">ADV_ISR</a>
 <LI><a href="#[47]">ADV_cancelslot</a>
 <LI><a href="#[49]">ADV_createslot</a>
 <LI><a href="#[4a]">ADV_skiproutine</a>
 <LI><a href="#[353]">Acl_Init</a>
 <LI><a href="#[12d]">Acl_Rcv_Pkt_Handler</a>
 <LI><a href="#[130]">Acl_Transmit_Data</a>
 <LI><a href="#[132]">Acl_Tx_Cmpl_Pkt_Handler</a>
 <LI><a href="#[16b]">BLEPLAT_aes128_encrypt</a>
 <LI><a href="#[16e]">BLE_STACK_Init</a>
 <LI><a href="#[172]">BLE_STACK_RadioHandler</a>
 <LI><a href="#[47f]">BLE_STACK_ReadNextRadioActivity</a>
 <LI><a href="#[17e]">BLE_STACK_Tick</a>
 <LI><a href="#[19e]">BleNvm_DEV_ID_DATA_AddRecord</a>
 <LI><a href="#[19f]">BleNvm_DEV_ID_DATA_GetRecord</a>
 <LI><a href="#[1a0]">BleNvm_GATT_GetData</a>
 <LI><a href="#[1a3]">BleNvm_GATT_UpdateData</a>
 <LI><a href="#[1a5]">BleNvm_SEC_AddRecord</a>
 <LI><a href="#[1a7]">BleNvm_SEC_Dump</a>
 <LI><a href="#[48e]">BleNvm_SEC_DumpInit</a>
 <LI><a href="#[1a6]">BleNvm_SEC_GetRecord</a>
 <LI><a href="#[1a9]">BleNvm_SEC_GetRecordNumber</a>
 <LI><a href="#[1aa]">BleNvm_SEC_RemoveRecord</a>
 <LI><a href="#[221]">CST_init</a>
 <LI><a href="#[1b8]">CST_start</a>
 <LI><a href="#[1ba]">CST_stop</a>
 <LI><a href="#[67]">Controller_Process_Q</a>
 <LI><a href="#[339]">Data_Len_Update_Offline_Processing_ucfg</a>
 <LI><a href="#[5bc]">Data_Len_Update_Offline_Processing_ucfg_weak</a>
 <LI><a href="#[2c]">EADV_Offline_Callback</a>
 <LI><a href="#[1d4]">EADV_init</a>
 <LI><a href="#[116]">EADV_vPrepareAdvOrRspLegacyPacket</a>
 <LI><a href="#[51]">Events_Process_Q</a>
 <LI><a href="#[1b2]">Events_Process_init</a>
 <LI><a href="#[1ef]">GAP_DiscProcTimeoutcb</a>
 <LI><a href="#[1f3]">GAP_Init</a>
 <LI><a href="#[1fc]">GAP_LimDiscTimeoutcb</a>
 <LI><a href="#[1fe]">GAP_PrivateAddrTimercb</a>
 <LI><a href="#[202]">GAP_Terminate_Link</a>
 <LI><a href="#[1ff]">GAP_check_adv_status</a>
 <LI><a href="#[205]">GAP_check_and_set_role</a>
 <LI><a href="#[207]">GAP_check_flags</a>
 <LI><a href="#[209]">GAP_connection_procedure</a>
 <LI><a href="#[20b]">GAP_create_connection_ucfg</a>
 <LI><a href="#[20d]">GAP_create_connection_ucfg_weak</a>
 <LI><a href="#[20f]">GAP_discover_peer_name</a>
 <LI><a href="#[1f6]">GAP_enable_controller_privacy_ucfg</a>
 <LI><a href="#[5bd]">GAP_enable_controller_privacy_ucfg_weak</a>
 <LI><a href="#[213]">GAP_enable_disable_scan_legacy</a>
 <LI><a href="#[215]">GAP_generate_new_rpa</a>
 <LI><a href="#[216]">GAP_get_current_address</a>
 <LI><a href="#[21a]">GAP_get_identity_address_type</a>
 <LI><a href="#[20a]">GAP_get_own_address_type</a>
 <LI><a href="#[219]">GAP_get_public_address</a>
 <LI><a href="#[217]">GAP_get_rpa</a>
 <LI><a href="#[218]">GAP_get_static_random_address</a>
 <LI><a href="#[521]">GAP_hci_disconnection_complete_evt_hndl</a>
 <LI><a href="#[21b]">GAP_hci_le_advertising_report_evt_hndl</a>
 <LI><a href="#[527]">GAP_hci_le_advertising_set_terminated_evt_hndl_ucfg</a>
 <LI><a href="#[5be]">GAP_hci_le_advertising_set_terminated_evt_hndl_ucfg_weak</a>
 <LI><a href="#[21e]">GAP_hci_le_connection_complete_evt_hndl</a>
 <LI><a href="#[1b6]">GAP_init_context</a>
 <LI><a href="#[222]">GAP_internal_evt_handler</a>
 <LI><a href="#[224]">GAP_master_connection_complete_handler</a>
 <LI><a href="#[56]">GAP_name_disc_proc_connected_check</a>
 <LI><a href="#[225]">GAP_parse_advertising_report</a>
 <LI><a href="#[226]">GAP_parse_connectable_advertising_report</a>
 <LI><a href="#[227]">GAP_scan_procedure</a>
 <LI><a href="#[208]">GAP_search_flags_index</a>
 <LI><a href="#[1fd]">GAP_set_advertising_enable_ucfg</a>
 <LI><a href="#[228]">GAP_set_advertising_enable_ucfg_weak</a>
 <LI><a href="#[22a]">GAP_set_connect_configuration</a>
 <LI><a href="#[1fb]">GAP_set_controller_random_address_ucfg</a>
 <LI><a href="#[22d]">GAP_set_controller_random_address_ucfg_weak</a>
 <LI><a href="#[229]">GAP_set_legacy_advertising_enable</a>
 <LI><a href="#[231]">GAP_set_scan_configuration</a>
 <LI><a href="#[20c]">GAP_set_scan_parameters_ucfg</a>
 <LI><a href="#[232]">GAP_set_scan_parameters_ucfg_weak</a>
 <LI><a href="#[21f]">GAP_slave_connection_complete_handler_ucfg</a>
 <LI><a href="#[234]">GAP_slave_connection_complete_handler_ucfg_weak</a>
 <LI><a href="#[235]">GAP_start_procedure</a>
 <LI><a href="#[2a8]">GAP_started_gatt_proc</a>
 <LI><a href="#[201]">GAP_suspend_resume_active_advertising_sets_ucfg</a>
 <LI><a href="#[236]">GAP_suspend_resume_active_advertising_sets_ucfg_weak</a>
 <LI><a href="#[239]">GAT_att_clt_connection</a>
 <LI><a href="#[23b]">GAT_att_clt_disconnection</a>
 <LI><a href="#[241]">GAT_att_clt_find_info_get_last_attr_h</a>
 <LI><a href="#[243]">GAT_att_clt_find_type_val_get_last_attr_h</a>
 <LI><a href="#[245]">GAT_att_clt_init</a>
 <LI><a href="#[247]">GAT_att_clt_parse_error_resp</a>
 <LI><a href="#[248]">GAT_att_clt_prep_wr_cmp_data</a>
 <LI><a href="#[24a]">GAT_att_clt_rcv</a>
 <LI><a href="#[252]">GAT_att_clt_read_grp_type_get_last_attr_h</a>
 <LI><a href="#[253]">GAT_att_clt_read_type_get_data</a>
 <LI><a href="#[254]">GAT_att_clt_read_type_get_last_attr_h</a>
 <LI><a href="#[255]">GAT_att_clt_tx</a>
 <LI><a href="#[258]">GAT_att_cmn_connection</a>
 <LI><a href="#[25a]">GAT_att_cmn_disconnection</a>
 <LI><a href="#[269]">GAT_att_cmn_for_each_conn_descr</a>
 <LI><a href="#[24b]">GAT_att_cmn_get_conn_descr_p</a>
 <LI><a href="#[25e]">GAT_att_cmn_get_conn_index</a>
 <LI><a href="#[31]">GAT_att_cmn_handle_disconnec_iterate_f</a>
 <LI><a href="#[1b5]">GAT_att_cmn_init</a>
 <LI><a href="#[261]">GAT_att_cmn_rcv</a>
 <LI><a href="#[257]">GAT_att_cmn_send</a>
 <LI><a href="#[57]">GAT_att_cmn_send_pending_tsk</a>
 <LI><a href="#[24f]">GAT_att_cmn_start_timer</a>
 <LI><a href="#[24c]">GAT_att_cmn_stop_timer</a>
 <LI><a href="#[30]">GAT_att_cmn_timeout_cb</a>
 <LI><a href="#[2f]">GAT_att_cmn_timeout_cb_wrapper</a>
 <LI><a href="#[58]">GAT_att_cmn_timer_expire_tsk</a>
 <LI><a href="#[59]">GAT_att_cmn_tx_pool_evt_tsk</a>
 <LI><a href="#[26f]">GAT_att_db_find_by_def</a>
 <LI><a href="#[270]">GAT_att_db_find_by_handle</a>
 <LI><a href="#[271]">GAT_att_db_find_from_handle</a>
 <LI><a href="#[2bc]">GAT_att_db_find_last_attr_of_type</a>
 <LI><a href="#[274]">GAT_att_db_get_last_group_handle</a>
 <LI><a href="#[27a]">GAT_att_db_get_last_handle</a>
 <LI><a href="#[275]">GAT_att_db_get_next</a>
 <LI><a href="#[276]">GAT_att_db_init</a>
 <LI><a href="#[277]">GAT_att_db_insert</a>
 <LI><a href="#[278]">GAT_att_db_reverse_find_attr_of_type</a>
 <LI><a href="#[279]">GAT_att_db_rm_att_range</a>
 <LI><a href="#[281]">GAT_att_srv_confirmation_pending</a>
 <LI><a href="#[259]">GAT_att_srv_connection</a>
 <LI><a href="#[25c]">GAT_att_srv_disconnection</a>
 <LI><a href="#[286]">GAT_att_srv_extract_write_packet_data</a>
 <LI><a href="#[28d]">GAT_att_srv_flush_user_pending_list</a>
 <LI><a href="#[28e]">GAT_att_srv_hvtx</a>
 <LI><a href="#[260]">GAT_att_srv_init</a>
 <LI><a href="#[5a]">GAT_att_srv_process_rx_pckt_tsk</a>
 <LI><a href="#[262]">GAT_att_srv_rcv</a>
 <LI><a href="#[2cb]">GAT_att_srv_request_user_pending</a>
 <LI><a href="#[298]">GAT_att_srv_resp</a>
 <LI><a href="#[23a]">GAT_clt_connection</a>
 <LI><a href="#[2a0]">GAT_clt_disc_chr_by_uuid</a>
 <LI><a href="#[23c]">GAT_clt_disconnection</a>
 <LI><a href="#[246]">GAT_clt_init</a>
 <LI><a href="#[5d]">GAT_clt_proc_exec_tsk</a>
 <LI><a href="#[2e]">GAT_clt_rcv</a>
 <LI><a href="#[24d]">GAT_clt_rcv_corrupted</a>
 <LI><a href="#[250]">GAT_clt_rcv_srv_initiated</a>
 <LI><a href="#[210]">GAT_clt_read_chr_by_uuid</a>
 <LI><a href="#[2a1]">GAT_clt_start_proc</a>
 <LI><a href="#[2b2]">GAT_clt_write</a>
 <LI><a href="#[2b3]">GAT_clt_write_cmd</a>
 <LI><a href="#[2b4]">GAT_srv_add_char_descriptor</a>
 <LI><a href="#[2b8]">GAT_srv_add_characteristic</a>
 <LI><a href="#[2bb]">GAT_srv_add_service</a>
 <LI><a href="#[29a]">GAT_srv_attr_value_read</a>
 <LI><a href="#[29c]">GAT_srv_attr_value_write</a>
 <LI><a href="#[287]">GAT_srv_check_change_aware</a>
 <LI><a href="#[295]">GAT_srv_check_perms</a>
 <LI><a href="#[282]">GAT_srv_connection</a>
 <LI><a href="#[5b]">GAT_srv_db_hash_tsk</a>
 <LI><a href="#[283]">GAT_srv_disconnection</a>
 <LI><a href="#[288]">GAT_srv_find_by_type_attr_p</a>
 <LI><a href="#[28a]">GAT_srv_get_att_group_end_handle</a>
 <LI><a href="#[28b]">GAT_srv_get_attr_type</a>
 <LI><a href="#[296]">GAT_srv_get_attr_value</a>
 <LI><a href="#[2d6]">GAT_srv_get_attribute_handle</a>
 <LI><a href="#[2d7]">GAT_srv_get_cccd_attr_p</a>
 <LI><a href="#[2d8]">GAT_srv_get_cccd_val</a>
 <LI><a href="#[2d9]">GAT_srv_get_char_decl_handle</a>
 <LI><a href="#[2dc]">GAT_srv_get_service_handle</a>
 <LI><a href="#[28f]">GAT_srv_init</a>
 <LI><a href="#[293]">GAT_srv_is_supported_grouping_type</a>
 <LI><a href="#[2de]">GAT_srv_resp</a>
 <LI><a href="#[2ba]">GAT_srv_rm_characteristic</a>
 <LI><a href="#[2bd]">GAT_srv_rm_service</a>
 <LI><a href="#[5c]">GAT_srv_send_srv_change_tsk</a>
 <LI><a href="#[554]">GapIsPrivacySupported</a>
 <LI><a href="#[2e9]">Get_Random_Addr</a>
 <LI><a href="#[2ea]">HAL_Generate_Random_Bytes_To</a>
 <LI><a href="#[2ef]">HAL_Set_TX_Power_Level</a>
 <LI><a href="#[303]">HAL_Write_ConfigData</a>
 <LI><a href="#[30b]">HCI_Init</a>
 <LI><a href="#[2eb]">Hal_Get_Random_Number</a>
 <LI><a href="#[11a]">Hal_Get_Random_Number32</a>
 <LI><a href="#[1f4]">IDD_Initialize_Device_IDs</a>
 <LI><a href="#[4ad]">Is_Address_Initialized</a>
 <LI><a href="#[1b3]">L2C_Init</a>
 <LI><a href="#[314]">L2C_acl_cframe_signaling_hndl</a>
 <LI><a href="#[319]">L2C_build_command_reject_pdu</a>
 <LI><a href="#[313]">L2C_cos_cfc_init_ucfg</a>
 <LI><a href="#[5bf]">L2C_cos_cfc_init_ucfg_weak</a>
 <LI><a href="#[316]">L2C_cos_is_pdu_cframe_cfc_command_opcode_ucfg</a>
 <LI><a href="#[5c0]">L2C_cos_is_pdu_cframe_cfc_command_opcode_ucfg_weak</a>
 <LI><a href="#[324]">L2C_cos_le_frame_data_hndl_ucfg</a>
 <LI><a href="#[31c]">L2C_cos_le_frame_data_hndl_ucfg_weak</a>
 <LI><a href="#[55]">L2C_cos_perform_pdu_reassembly_tsk_ucfg</a>
 <LI><a href="#[5c1]">L2C_cos_perform_pdu_reassembly_tsk_ucfg_weak</a>
 <LI><a href="#[53]">L2C_cos_perform_sdu_segmentation_tsk_ucfg</a>
 <LI><a href="#[5c2]">L2C_cos_perform_sdu_segmentation_tsk_ucfg_weak</a>
 <LI><a href="#[320]">L2C_cos_physical_link_disconnection_hndl_ucfg</a>
 <LI><a href="#[5c3]">L2C_cos_physical_link_disconnection_hndl_ucfg_weak</a>
 <LI><a href="#[317]">L2C_cos_process_cfc_mode_command_ucfg</a>
 <LI><a href="#[5c4]">L2C_cos_process_cfc_mode_command_ucfg_weak</a>
 <LI><a href="#[52]">L2C_cos_process_pending_actions_tsk_ucfg</a>
 <LI><a href="#[5c5]">L2C_cos_process_pending_actions_tsk_ucfg_weak</a>
 <LI><a href="#[32d]">L2C_cos_reset_any_pending_channel_ucfg</a>
 <LI><a href="#[5c6]">L2C_cos_reset_any_pending_channel_ucfg_weak</a>
 <LI><a href="#[54]">L2C_cos_transmit_pdu_packets_tsk_ucfg</a>
 <LI><a href="#[5c7]">L2C_cos_transmit_pdu_packets_tsk_ucfg_weak</a>
 <LI><a href="#[31a]">L2C_get_link_control_block_ref</a>
 <LI><a href="#[31f]">L2C_hci_disconnection_complete_evt_hndl</a>
 <LI><a href="#[321]">L2C_hci_le_connection_complete_evt_hndl</a>
 <LI><a href="#[322]">L2C_mux_acl_packet</a>
 <LI><a href="#[326]">L2C_post_process_incoming_request_packet</a>
 <LI><a href="#[31b]">L2C_post_process_outgoing_response_packet</a>
 <LI><a href="#[325]">L2C_pre_process_incoming_response_packet</a>
 <LI><a href="#[329]">L2C_receive_data</a>
 <LI><a href="#[31d]">L2C_release_unexpected_acl_packet</a>
 <LI><a href="#[264]">L2C_send_frame</a>
 <LI><a href="#[32c]">L2C_timeout_handler_signalling</a>
 <LI><a href="#[32e]">LLC_authenticated_payload_timeout_cb</a>
 <LI><a href="#[65]">LLC_authenticated_payload_timeout_processing</a>
 <LI><a href="#[332]">LLC_authenticated_payload_timeout_reset</a>
 <LI><a href="#[3b2]">LLC_conn_init_cte_ctxt_ucfg</a>
 <LI><a href="#[5c8]">LLC_conn_init_cte_ctxt_ucfg_weak</a>
 <LI><a href="#[3b3]">LLC_conn_init_pcl_ctxt_ucfg</a>
 <LI><a href="#[5c9]">LLC_conn_init_pcl_ctxt_ucfg_weak</a>
 <LI><a href="#[3ef]">LLC_conn_process_rx_cte_ucfg</a>
 <LI><a href="#[5ca]">LLC_conn_process_rx_cte_ucfg_weak</a>
 <LI><a href="#[33a]">LLC_cte_request_procedure_ucfg</a>
 <LI><a href="#[5cb]">LLC_cte_request_procedure_ucfg_weak</a>
 <LI><a href="#[425]">LLC_get_cte_buffers</a>
 <LI><a href="#[336]">LLC_init_le_ping_params</a>
 <LI><a href="#[46]">LLC_le_ping</a>
 <LI><a href="#[63]">LLC_offline_control_procedures_processing</a>
 <LI><a href="#[519]">LLC_pcl_hal_cntxt_init_ucfg</a>
 <LI><a href="#[5cc]">LLC_pcl_hal_cntxt_init_ucfg_weak</a>
 <LI><a href="#[3f0]">LLC_pcl_incr_rx_packets_ucfg</a>
 <LI><a href="#[5cd]">LLC_pcl_incr_rx_packets_ucfg_weak</a>
 <LI><a href="#[33b]">LLC_pcl_offline_processing_ucfg</a>
 <LI><a href="#[5ce]">LLC_pcl_offline_processing_ucfg_weak</a>
 <LI><a href="#[2f0]">LLC_pcl_set_radio_tx_power_and_eval_indication_ucfg</a>
 <LI><a href="#[5cf]">LLC_pcl_set_radio_tx_power_and_eval_indication_ucfg_weak</a>
 <LI><a href="#[3b4]">LLC_pcl_set_radio_tx_power_conn_start_ucfg</a>
 <LI><a href="#[33c]">LLC_pcl_set_radio_tx_power_conn_start_ucfg_weak</a>
 <LI><a href="#[3db]">LLC_pcl_update_avg_rssi_ucfg</a>
 <LI><a href="#[5d0]">LLC_pcl_update_avg_rssi_ucfg_weak</a>
 <LI><a href="#[33e]">LLC_update_le_ping_params</a>
 <LI><a href="#[340]">LL_Context_Test_Advertising_Handle</a>
 <LI><a href="#[203]">LL_Disconnect_Link</a>
 <LI><a href="#[344]">LL_Ext_Create_Connection</a>
 <LI><a href="#[346]">LL_Extented_Create_Connection</a>
 <LI><a href="#[34b]">LL_Get_LTK</a>
 <LI><a href="#[1b0]">LL_Init</a>
 <LI><a href="#[355]">LL_LE_Set_Advertise_Enable</a>
 <LI><a href="#[359]">LL_LE_Set_Advertising_Parameters</a>
 <LI><a href="#[338]">LL_Read_Remote_Used_Features</a>
 <LI><a href="#[131]">LL_Send_ACL_Data</a>
 <LI><a href="#[367]">LL_Set_Advertising_Set_Random_Address</a>
 <LI><a href="#[349]">LL_Set_Extended_Scan_Enable_ucfg</a>
 <LI><a href="#[368]">LL_Set_Extended_Scan_Enable_ucfg_weak</a>
 <LI><a href="#[357]">LL_Set_Extented_Advertising_Enable</a>
 <LI><a href="#[358]">LL_Set_Extented_Advertising_Set_Random_Address</a>
 <LI><a href="#[36f]">LL_Set_Extented_Scan_Params</a>
 <LI><a href="#[370]">LL_Set_Extented_Scan_Params_legacy</a>
 <LI><a href="#[347]">LL_Set_Extented_conn_Params</a>
 <LI><a href="#[348]">LL_Set_Extented_conn_Params_ucfg</a>
 <LI><a href="#[374]">LL_Set_Extented_conn_Params_ucfg_weak</a>
 <LI><a href="#[375]">LL_Start_Encryption</a>
 <LI><a href="#[43]">LL_channel_map_update</a>
 <LI><a href="#[37b]">LL_channel_map_update_param_check</a>
 <LI><a href="#[3b7]">LL_conn_calc_packetlength</a>
 <LI><a href="#[3ba]">LL_conn_calculate_ww</a>
 <LI><a href="#[372]">LL_conn_ce_length_min_needed</a>
 <LI><a href="#[387]">LL_conn_clr_ch_classification_pending</a>
 <LI><a href="#[388]">LL_conn_clr_disconnect_reason</a>
 <LI><a href="#[389]">LL_conn_clr_instant_reached_passed</a>
 <LI><a href="#[38b]">LL_conn_clr_isr_active</a>
 <LI><a href="#[38c]">LL_conn_clr_nack_flag</a>
 <LI><a href="#[38d]">LL_conn_clr_rx_acl_blocked</a>
 <LI><a href="#[38f]">LL_conn_clr_rx_ctrl_pdu_full</a>
 <LI><a href="#[390]">LL_conn_clr_start_enc</a>
 <LI><a href="#[391]">LL_conn_clr_stop_enc</a>
 <LI><a href="#[392]">LL_conn_clr_tx_acl_blocked</a>
 <LI><a href="#[3b9]">LL_conn_convert_sca_to_ppm</a>
 <LI><a href="#[37e]">LL_conn_disconnect_link_from_CPF</a>
 <LI><a href="#[398]">LL_conn_encryption_on_off_routine</a>
 <LI><a href="#[39d]">LL_conn_enhanced_get_latency</a>
 <LI><a href="#[39e]">LL_conn_get_ch_classification_pending</a>
 <LI><a href="#[39f]">LL_conn_get_ch_map</a>
 <LI><a href="#[376]">LL_conn_get_cntxt_p</a>
 <LI><a href="#[32f]">LL_conn_get_cntxt_per_p</a>
 <LI><a href="#[35c]">LL_conn_get_cntxt_per_p_from_handle</a>
 <LI><a href="#[341]">LL_conn_get_conn_idx</a>
 <LI><a href="#[364]">LL_conn_get_ctrl_pdu_data_p</a>
 <LI><a href="#[3a1]">LL_conn_get_disconnect_reason</a>
 <LI><a href="#[330]">LL_conn_get_enc_on</a>
 <LI><a href="#[377]">LL_conn_get_eventcount</a>
 <LI><a href="#[3a2]">LL_conn_get_handle</a>
 <LI><a href="#[3a3]">LL_conn_get_instant_passed</a>
 <LI><a href="#[3a4]">LL_conn_get_instant_reached</a>
 <LI><a href="#[3a5]">LL_conn_get_isr_active</a>
 <LI><a href="#[378]">LL_conn_get_latency</a>
 <LI><a href="#[3a6]">LL_conn_get_phy_upd_cntx_per_p</a>
 <LI><a href="#[3a8]">LL_conn_get_rx_acl_blocked</a>
 <LI><a href="#[3a9]">LL_conn_get_rx_ctrl_pdu_full</a>
 <LI><a href="#[3aa]">LL_conn_get_start_enc</a>
 <LI><a href="#[3ab]">LL_conn_get_stop_enc</a>
 <LI><a href="#[363]">LL_conn_get_tx_acl_blocked</a>
 <LI><a href="#[3ac]">LL_conn_get_tx_ctrl_pdu_state</a>
 <LI><a href="#[3ad]">LL_conn_get_version_exchange_cached</a>
 <LI><a href="#[109]">LL_conn_go_to_connect</a>
 <LI><a href="#[3d1]">LL_conn_guard_time_for_close_conn_event</a>
 <LI><a href="#[34f]">LL_conn_init</a>
 <LI><a href="#[3b1]">LL_conn_init_data_len_pdu_params</a>
 <LI><a href="#[34c]">LL_conn_is_slave</a>
 <LI><a href="#[3e]">LL_conn_isr</a>
 <LI><a href="#[308]">LL_conn_multi_link_connection</a>
 <LI><a href="#[3d6]">LL_conn_per_init</a>
 <LI><a href="#[3dc]">LL_conn_process_enc_params</a>
 <LI><a href="#[3f]">LL_conn_program_next_taskslot</a>
 <LI><a href="#[3e9]">LL_conn_receive_data</a>
 <LI><a href="#[1e1]">LL_conn_release_conn_idx</a>
 <LI><a href="#[40]">LL_conn_reschedule_taskslot_params</a>
 <LI><a href="#[1dc]">LL_conn_reserve_conn_idx</a>
 <LI><a href="#[3fa]">LL_conn_set_ch_classification_pending</a>
 <LI><a href="#[379]">LL_conn_set_chmap_params</a>
 <LI><a href="#[3fb]">LL_conn_set_conn_update_params</a>
 <LI><a href="#[396]">LL_conn_set_disconnect_reason</a>
 <LI><a href="#[3fc]">LL_conn_set_enc_params</a>
 <LI><a href="#[3ed]">LL_conn_set_instant_active</a>
 <LI><a href="#[3fd]">LL_conn_set_nack_flag</a>
 <LI><a href="#[3fe]">LL_conn_set_rx_acl_blocked</a>
 <LI><a href="#[3ff]">LL_conn_set_start_enc</a>
 <LI><a href="#[400]">LL_conn_set_stop_enc</a>
 <LI><a href="#[401]">LL_conn_set_tx_acl_blocked</a>
 <LI><a href="#[402]">LL_conn_set_tx_ctrl_pdu_has_instant</a>
 <LI><a href="#[3e7]">LL_conn_set_tx_ctrl_pdu_state</a>
 <LI><a href="#[404]">LL_conn_slave_sleep_latency_cancellation</a>
 <LI><a href="#[66]">LL_conn_slave_sleep_latency_cancellation_check</a>
 <LI><a href="#[423]">LL_conn_upd_data_length_change_event_ucfg</a>
 <LI><a href="#[5d1]">LL_conn_upd_data_length_change_event_ucfg_weak</a>
 <LI><a href="#[422]">LL_conn_upd_max_tx_time_coded_ucfg</a>
 <LI><a href="#[5d2]">LL_conn_upd_max_tx_time_coded_ucfg_weak</a>
 <LI><a href="#[406]">LL_conn_version_exchange_set_cached</a>
 <LI><a href="#[3d]">LL_connect_cancel_taskslot_dummy</a>
 <LI><a href="#[337]">LL_cpe_clr_active</a>
 <LI><a href="#[405]">LL_cpe_conn_exception_opcode_from_sm</a>
 <LI><a href="#[35d]">LL_cpe_conn_get_proc_id_from_sm</a>
 <LI><a href="#[1cd]">LL_cpe_engine</a>
 <LI><a href="#[333]">LL_cpe_get_active_status</a>
 <LI><a href="#[34d]">LL_cpe_get_cntxt</a>
 <LI><a href="#[342]">LL_cpe_get_tx_terminate_in_progress</a>
 <LI><a href="#[350]">LL_cpe_init</a>
 <LI><a href="#[419]">LL_cpe_init_cte_ucfg</a>
 <LI><a href="#[41d]">LL_cpe_init_cte_ucfg_weak</a>
 <LI><a href="#[417]">LL_cpe_init_length_update_ucfg</a>
 <LI><a href="#[41e]">LL_cpe_init_length_update_ucfg_weak</a>
 <LI><a href="#[41a]">LL_cpe_init_past_ucfg</a>
 <LI><a href="#[41f]">LL_cpe_init_past_ucfg_weak</a>
 <LI><a href="#[41b]">LL_cpe_init_pcl_ucfg</a>
 <LI><a href="#[420]">LL_cpe_init_pcl_ucfg_weak</a>
 <LI><a href="#[418]">LL_cpe_init_phy_update_ucfg</a>
 <LI><a href="#[421]">LL_cpe_init_phy_update_ucfg_weak</a>
 <LI><a href="#[416]">LL_cpe_register_cpf</a>
 <LI><a href="#[335]">LL_cpe_set_active</a>
 <LI><a href="#[37c]">LL_cpe_set_blocked</a>
 <LI><a href="#[343]">LL_cpe_set_disconnect</a>
 <LI><a href="#[334]">LL_cpe_set_prepare_tx_pdu</a>
 <LI><a href="#[37d]">LL_cpe_set_rx_with_instant</a>
 <LI><a href="#[37a]">LL_cpe_set_tx_with_instant</a>
 <LI><a href="#[41]">LL_cpf_conn_upd</a>
 <LI><a href="#[352]">LL_dtm_init</a>
 <LI><a href="#[1de]">LL_eadv_BLUE_SM</a>
 <LI><a href="#[426]">LL_eadv_Blue_Rx</a>
 <LI><a href="#[427]">LL_eadv_Blue_Tx</a>
 <LI><a href="#[35a]">LL_eadv_initializedata_data_struc_not_enable</a>
 <LI><a href="#[1e0]">LL_eadv_start_extended_ucfg</a>
 <LI><a href="#[5d3]">LL_eadv_start_extended_ucfg_weak</a>
 <LI><a href="#[11b]">LL_eadv_switchbackupdata_data_struc</a>
 <LI><a href="#[42]">LL_encryption</a>
 <LI><a href="#[39]">LL_escan_EscanCancelSlot</a>
 <LI><a href="#[3b]">LL_escan_EscanCreateSlot1MPhy</a>
 <LI><a href="#[3a]">LL_escan_EscanIsr1MPhy</a>
 <LI><a href="#[3c]">LL_escan_EscanSkipRoutine1MPhy</a>
 <LI><a href="#[36b]">LL_escan_ScanStart_ucfg</a>
 <LI><a href="#[445]">LL_escan_ScanStart_ucfg_weak</a>
 <LI><a href="#[440]">LL_escan_ScanStopCancel_ucfg</a>
 <LI><a href="#[447]">LL_escan_ScanStopCancel_ucfg_weak</a>
 <LI><a href="#[436]">LL_escan_extended_adv_receive_process_ucfg</a>
 <LI><a href="#[5d4]">LL_escan_extended_adv_receive_process_ucfg_weak</a>
 <LI><a href="#[441]">LL_escan_produce_accessaddress</a>
 <LI><a href="#[43d]">LL_escan_push_hci_le_extended_advertising_report_event_ucfg</a>
 <LI><a href="#[5d5]">LL_escan_push_hci_le_extended_advertising_report_event_ucfg_weak</a>
 <LI><a href="#[1d2]">LL_ext_scan_get_cntxt_p</a>
 <LI><a href="#[44]">LL_feature_exchange</a>
 <LI><a href="#[309]">LL_force_chsel_1</a>
 <LI><a href="#[1d1]">LL_get_control_pdu_size</a>
 <LI><a href="#[fd]">LL_get_rx_common_buffer_p</a>
 <LI><a href="#[115]">LL_get_tx_common_buffer_p</a>
 <LI><a href="#[3bd]">LL_past_default_params_ucfg</a>
 <LI><a href="#[5d6]">LL_past_default_params_ucfg_weak</a>
 <LI><a href="#[545]">LL_past_initialize_connect_context_ucfg</a>
 <LI><a href="#[5d7]">LL_past_initialize_connect_context_ucfg_weak</a>
 <LI><a href="#[1d5]">LL_periodicadv_init_ucfg</a>
 <LI><a href="#[5d8]">LL_periodicadv_init_ucfg_weak</a>
 <LI><a href="#[433]">LL_periodicscan_check_received_txaddress_true_on_accept_ucfg</a>
 <LI><a href="#[5d9]">LL_periodicscan_check_received_txaddress_true_on_accept_ucfg_weak</a>
 <LI><a href="#[44f]">LL_periodicscan_get_overall_context_ptr</a>
 <LI><a href="#[1d6]">LL_periodicscan_init_ucfg</a>
 <LI><a href="#[5da]">LL_periodicscan_init_ucfg_weak</a>
 <LI><a href="#[3f6]">LL_phy_upd_pending_ucfg</a>
 <LI><a href="#[5db]">LL_phy_upd_pending_ucfg_weak</a>
 <LI><a href="#[3b0]">LL_phy_update_init_per_st_data_ucfg</a>
 <LI><a href="#[5dc]">LL_phy_update_init_per_st_data_ucfg_weak</a>
 <LI><a href="#[3d5]">LL_phy_update_init_ucfg</a>
 <LI><a href="#[5dd]">LL_phy_update_init_ucfg_weak</a>
 <LI><a href="#[450]">LL_priv_AddAddrInEachList</a>
 <LI><a href="#[453]">LL_priv_Init_ResolvedPart_ucfg</a>
 <LI><a href="#[5de]">LL_priv_Init_ResolvedPart_ucfg_weak</a>
 <LI><a href="#[1d7]">LL_priv_PRIVWHIT_vInit_Struct</a>
 <LI><a href="#[454]">LL_priv_SearchAddrReturnMatch</a>
 <LI><a href="#[451]">LL_priv_SearchAddrReturnMatchAndNextSlot</a>
 <LI><a href="#[345]">LL_priv_SynchPeerIDList_And_WhiteIDList_ucfg</a>
 <LI><a href="#[5df]">LL_priv_SynchPeerIDList_And_WhiteIDList_ucfg_weak</a>
 <LI><a href="#[10a]">LL_priv_add_to_ConnIDList</a>
 <LI><a href="#[2b]">LL_priv_notallow_resolvinglistaccess_function</a>
 <LI><a href="#[455]">LL_priv_remove_from_ConnIDList</a>
 <LI><a href="#[105]">LL_priv_test_address_in_ConnIDList</a>
 <LI><a href="#[104]">LL_priv_u32ProcessAdvPacket_ucfg</a>
 <LI><a href="#[457]">LL_priv_u32ProcessAdvPacket_ucfg_weak</a>
 <LI><a href="#[448]">LL_priv_u32ProcessScanPacketRx_ucfg</a>
 <LI><a href="#[5e0]">LL_priv_u32ProcessScanPacketRx_ucfg_weak</a>
 <LI><a href="#[449]">LL_priv_u32ProcessScanPacketTx_ucfg</a>
 <LI><a href="#[458]">LL_priv_u32ProcessScanPacketTx_ucfg_weak</a>
 <LI><a href="#[62]">LL_priv_u8OfflineProcessing_ucfg</a>
 <LI><a href="#[5e1]">LL_priv_u8OfflineProcessing_ucfg_weak</a>
 <LI><a href="#[1d9]">LL_priv_vOwnPrivateAddress_ucfg</a>
 <LI><a href="#[5e2]">LL_priv_vOwnPrivateAddress_ucfg_weak</a>
 <LI><a href="#[44a]">LL_priv_vOwnPrivateAddressfast</a>
 <LI><a href="#[1da]">LL_priv_vPeerPrivateAddress_ucfg</a>
 <LI><a href="#[5e3]">LL_priv_vPeerPrivateAddress_ucfg_weak</a>
 <LI><a href="#[3f3]">LL_sched_anchorstretch</a>
 <LI><a href="#[1e7]">LL_sched_check_and_call_sched</a>
 <LI><a href="#[397]">LL_sched_delete_taskslot</a>
 <LI><a href="#[36d]">LL_sched_enable_taskslot</a>
 <LI><a href="#[10b]">LL_sched_engine</a>
 <LI><a href="#[118]">LL_sched_engine_return_actual_scheduler_margin</a>
 <LI><a href="#[373]">LL_sched_find_best_anchor</a>
 <LI><a href="#[177]">LL_sched_get_cntxt_task</a>
 <LI><a href="#[175]">LL_sched_get_current_taskslot_no</a>
 <LI><a href="#[178]">LL_sched_get_done_cb</a>
 <LI><a href="#[35e]">LL_sched_get_next_anchor</a>
 <LI><a href="#[360]">LL_sched_get_next_taskslot</a>
 <LI><a href="#[176]">LL_sched_get_per_state</a>
 <LI><a href="#[100]">LL_sched_get_priority_min</a>
 <LI><a href="#[351]">LL_sched_init</a>
 <LI><a href="#[1e4]">LL_sched_is_scheduler_call_pending</a>
 <LI><a href="#[1e2]">LL_sched_release_taskslot</a>
 <LI><a href="#[1dd]">LL_sched_reserve_taskslot</a>
 <LI><a href="#[120]">LL_sched_set_anchor</a>
 <LI><a href="#[1e6]">LL_sched_set_cancel_request</a>
 <LI><a href="#[3d2]">LL_sched_set_params</a>
 <LI><a href="#[101]">LL_sched_set_priority</a>
 <LI><a href="#[403]">LL_sched_set_taskslot_length_anchor</a>
 <LI><a href="#[3f9]">LL_sched_set_taskslot_length_interval_anchor</a>
 <LI><a href="#[119]">LL_sched_time_t1_ge_t2</a>
 <LI><a href="#[45]">LL_version_exchange</a>
 <LI><a href="#[32b]">Mem_Buff_append</a>
 <LI><a href="#[393]">Mem_Buff_block_copy</a>
 <LI><a href="#[3ee]">Mem_Buff_block_write</a>
 <LI><a href="#[467]">Mem_Buff_cmp</a>
 <LI><a href="#[486]">Mem_Buff_get</a>
 <LI><a href="#[487]">Mem_Buff_get_chain_count</a>
 <LI><a href="#[488]">Mem_Buff_get_chain_size</a>
 <LI><a href="#[468]">Mem_Buff_init</a>
 <LI><a href="#[469]">Mem_Buff_read</a>
 <LI><a href="#[46a]">Mem_Buff_release</a>
 <LI><a href="#[46b]">Mem_Buff_resize</a>
 <LI><a href="#[46c]">Mem_Buff_write</a>
 <LI><a href="#[242]">PM_Copy_Pckt_Data</a>
 <LI><a href="#[305]">PM_Eng_Config</a>
 <LI><a href="#[32a]">PM_Extract_Pdu_MBuff</a>
 <LI><a href="#[26a]">PM_Get_Available_Buffer</a>
 <LI><a href="#[256]">PM_Get_Pckt</a>
 <LI><a href="#[1b1]">PM_Init</a>
 <LI><a href="#[249]">PM_Pckt_Cmp</a>
 <LI><a href="#[24e]">PM_Release_Acl_Pckt</a>
 <LI><a href="#[263]">PM_Resize_Pckt_Pdu_Size</a>
 <LI><a href="#[23f]">PM_Write_Pckt_Data</a>
 <LI><a href="#[44c]">PRIV_controller_privacy_csr_ucfg</a>
 <LI><a href="#[5e4]">PRIV_controller_privacy_csr_ucfg_weak</a>
 <LI><a href="#[2a]">PRIV_offline_callbackr</a>
 <LI><a href="#[1d3]">SCAN_INIT</a>
 <LI><a href="#[48d]">SDB_Find_Matching_LTK</a>
 <LI><a href="#[492]">SDB_Find_Record</a>
 <LI><a href="#[493]">SDB_get_records_count</a>
 <LI><a href="#[490]">SDB_get_security_data_record</a>
 <LI><a href="#[2db]">SDB_read_peer_bonded_data</a>
 <LI><a href="#[2df]">SDB_write_gatt_client_data</a>
 <LI><a href="#[491]">SMA_Diversify</a>
 <LI><a href="#[495]">SMA_Generate_CSRK</a>
 <LI><a href="#[496]">SMA_Generate_IRK</a>
 <LI><a href="#[497]">SMA_LP_s1_Generate_STK</a>
 <LI><a href="#[48f]">SMA_generate_EDIV_recovery_DIV</a>
 <LI><a href="#[1b4]">SMP_Init</a>
 <LI><a href="#[49a]">SMP_MI_PairingRequest_Send</a>
 <LI><a href="#[4a1]">SMP_Protocol_Timer_cb</a>
 <LI><a href="#[323]">SMP_acl_data_hndl</a>
 <LI><a href="#[2c7]">SMP_check_encryption_key_size</a>
 <LI><a href="#[2dd]">SMP_check_is_device_bonded</a>
 <LI><a href="#[25d]">SMP_forget_device_by_conn_handle</a>
 <LI><a href="#[2c6]">SMP_get_link_status</a>
 <LI><a href="#[2c5]">SMP_get_remote_device_list_item</a>
 <LI><a href="#[4a6]">SMP_hci_disconnection_complete_evt_hndl</a>
 <LI><a href="#[4aa]">SMP_hci_encryption_change_evt_hndl</a>
 <LI><a href="#[4ab]">SMP_hci_le_connection_complete_evt_hndl</a>
 <LI><a href="#[4ac]">SMP_hci_le_enhanced_connection_complete_evt_hndl</a>
 <LI><a href="#[4ae]">SMP_hci_le_long_term_key_request_evt_hndl</a>
 <LI><a href="#[60]">SMP_process_pending_rx_packets_tsk</a>
 <LI><a href="#[5e]">SMP_process_sc_ecc_pk_generation_tsk_ucfg</a>
 <LI><a href="#[5e5]">SMP_process_sc_ecc_pk_generation_tsk_ucfg_weak</a>
 <LI><a href="#[5f]">SMP_process_state_transition_actions_tsk</a>
 <LI><a href="#[4a8]">SMP_reset_timer</a>
 <LI><a href="#[306]">SMP_sc_force_debug_key_usage</a>
 <LI><a href="#[240]">SMP_sign_packet</a>
 <LI><a href="#[29b]">SMP_validate_signed_packet</a>
 <LI><a href="#[200]">SM_Generate_Resolvable_Private_Address</a>
 <LI><a href="#[1a8]">SM_Resolve_Private_Address</a>
 <LI><a href="#[102]">UTIL_AdvConvStringToSrambledIntWithType</a>
 <LI><a href="#[2ce]">UUID_cmp</a>
 <LI><a href="#[2a3]">UUID_cmp_128bits</a>
 <LI><a href="#[28c]">UUID_get_value_p</a>
 <LI><a href="#[2d1]">UUID_write_to_flat</a>
 <LI><a href="#[171]">_BlueNRG_Stack_Initialization</a>
 <LI><a href="#[52c]">_hci_load_connParams</a>
 <LI><a href="#[4dd]">aci_att_clt_exec_write_resp_event</a>
 <LI><a href="#[a9]">aci_att_clt_exec_write_resp_event_cb</a>
 <LI><a href="#[4df]">aci_att_clt_find_by_type_value_resp_event</a>
 <LI><a href="#[a2]">aci_att_clt_find_by_type_value_resp_event_cb</a>
 <LI><a href="#[4de]">aci_att_clt_find_by_type_value_resp_event_copy</a>
 <LI><a href="#[4e1]">aci_att_clt_find_info_resp_event</a>
 <LI><a href="#[a1]">aci_att_clt_find_info_resp_event_cb</a>
 <LI><a href="#[4e0]">aci_att_clt_find_info_resp_event_copy</a>
 <LI><a href="#[4e3]">aci_att_clt_prepare_write_resp_event</a>
 <LI><a href="#[a8]">aci_att_clt_prepare_write_resp_event_cb</a>
 <LI><a href="#[4e2]">aci_att_clt_prepare_write_resp_event_copy</a>
 <LI><a href="#[4e5]">aci_att_clt_read_blob_resp_event</a>
 <LI><a href="#[a5]">aci_att_clt_read_blob_resp_event_cb</a>
 <LI><a href="#[4e4]">aci_att_clt_read_blob_resp_event_copy</a>
 <LI><a href="#[4e7]">aci_att_clt_read_by_group_type_resp_event</a>
 <LI><a href="#[a7]">aci_att_clt_read_by_group_type_resp_event_cb</a>
 <LI><a href="#[4e6]">aci_att_clt_read_by_group_type_resp_event_copy</a>
 <LI><a href="#[4e9]">aci_att_clt_read_by_type_resp_event</a>
 <LI><a href="#[a3]">aci_att_clt_read_by_type_resp_event_cb</a>
 <LI><a href="#[4e8]">aci_att_clt_read_by_type_resp_event_copy</a>
 <LI><a href="#[4eb]">aci_att_clt_read_multiple_resp_event</a>
 <LI><a href="#[a6]">aci_att_clt_read_multiple_resp_event_cb</a>
 <LI><a href="#[4ea]">aci_att_clt_read_multiple_resp_event_copy</a>
 <LI><a href="#[4ed]">aci_att_clt_read_resp_event</a>
 <LI><a href="#[a4]">aci_att_clt_read_resp_event_cb</a>
 <LI><a href="#[4ec]">aci_att_clt_read_resp_event_copy</a>
 <LI><a href="#[4ee]">aci_att_exchange_mtu_resp_event</a>
 <LI><a href="#[a0]">aci_att_exchange_mtu_resp_event_cb</a>
 <LI><a href="#[4ef]">aci_att_srv_exec_write_req_event</a>
 <LI><a href="#[b4]">aci_att_srv_exec_write_req_event_cb</a>
 <LI><a href="#[4f0]">aci_att_srv_prepare_write_req_event</a>
 <LI><a href="#[b3]">aci_att_srv_prepare_write_req_event_cb</a>
 <LI><a href="#[4f1]">aci_att_srv_prepare_write_req_event_copy</a>
 <LI><a href="#[12f]">aci_event_fifo_push</a>
 <LI><a href="#[12e]">aci_event_fifo_push_header</a>
 <LI><a href="#[4f4]">aci_gap_addr_not_resolved_event</a>
 <LI><a href="#[92]">aci_gap_addr_not_resolved_event_cb</a>
 <LI><a href="#[4f5]">aci_gap_bond_lost_event</a>
 <LI><a href="#[90]">aci_gap_bond_lost_event_cb</a>
 <LI><a href="#[4f6]">aci_gap_create_connection_api</a>
 <LI><a href="#[4be]">aci_gap_init</a>
 <LI><a href="#[94]">aci_gap_keypress_notification_event_cb_ucfg</a>
 <LI><a href="#[5e6]">aci_gap_keypress_notification_event_cb_ucfg_weak</a>
 <LI><a href="#[4f7]">aci_gap_limited_discoverable_event</a>
 <LI><a href="#[8c]">aci_gap_limited_discoverable_event_cb</a>
 <LI><a href="#[93]">aci_gap_numeric_comparison_value_event_cb_ucfg</a>
 <LI><a href="#[5e7]">aci_gap_numeric_comparison_value_event_cb_ucfg_weak</a>
 <LI><a href="#[4f8]">aci_gap_pairing_complete_event</a>
 <LI><a href="#[8d]">aci_gap_pairing_complete_event_cb</a>
 <LI><a href="#[4f9]">aci_gap_pass_key_req_event</a>
 <LI><a href="#[8e]">aci_gap_pass_key_req_event_cb</a>
 <LI><a href="#[4fa]">aci_gap_proc_complete_event</a>
 <LI><a href="#[91]">aci_gap_proc_complete_event_cb</a>
 <LI><a href="#[4fb]">aci_gap_proc_complete_event_copy</a>
 <LI><a href="#[1f1]">aci_gap_proc_complete_event_wrapper</a>
 <LI><a href="#[4fc]">aci_gap_set_connection_configuration_api</a>
 <LI><a href="#[4fd]">aci_gap_set_scan_configuration_api</a>
 <LI><a href="#[4fe]">aci_gap_slave_security_initiated_event</a>
 <LI><a href="#[8f]">aci_gap_slave_security_initiated_event_cb</a>
 <LI><a href="#[4ff]">aci_gap_terminate</a>
 <LI><a href="#[12b]">aci_gatt_clt_disc_char_by_uuid</a>
 <LI><a href="#[ae]">aci_gatt_clt_disc_read_char_by_uuid_resp_event_cb</a>
 <LI><a href="#[501]">aci_gatt_clt_disc_read_char_by_uuid_resp_event_copy</a>
 <LI><a href="#[502]">aci_gatt_clt_error_resp_event</a>
 <LI><a href="#[ad]">aci_gatt_clt_error_resp_event_cb</a>
 <LI><a href="#[504]">aci_gatt_clt_indication_event</a>
 <LI><a href="#[aa]">aci_gatt_clt_indication_event_cb</a>
 <LI><a href="#[503]">aci_gatt_clt_indication_event_copy</a>
 <LI><a href="#[ab]">aci_gatt_clt_notification_event_cb</a>
 <LI><a href="#[506]">aci_gatt_clt_notification_event_copy</a>
 <LI><a href="#[ac]">aci_gatt_clt_proc_complete_event_cb</a>
 <LI><a href="#[12c]">aci_gatt_clt_write</a>
 <LI><a href="#[4b9]">aci_gatt_clt_write_without_resp</a>
 <LI><a href="#[508]">aci_gatt_proc_timeout_event</a>
 <LI><a href="#[9f]">aci_gatt_proc_timeout_event_cb</a>
 <LI><a href="#[2e5]">aci_gatt_srv_add_char</a>
 <LI><a href="#[2e4]">aci_gatt_srv_add_service</a>
 <LI><a href="#[9e]">aci_gatt_srv_attribute_modified_event_cb</a>
 <LI><a href="#[50a]">aci_gatt_srv_confirmation_event</a>
 <LI><a href="#[b0]">aci_gatt_srv_confirmation_event_cb</a>
 <LI><a href="#[2e2]">aci_gatt_srv_get_char_decl_handle</a>
 <LI><a href="#[2e1]">aci_gatt_srv_get_service_handle</a>
 <LI><a href="#[4bd]">aci_gatt_srv_init</a>
 <LI><a href="#[50b]">aci_gatt_srv_read_event</a>
 <LI><a href="#[b1]">aci_gatt_srv_read_event_cb</a>
 <LI><a href="#[50c]">aci_gatt_srv_write_event</a>
 <LI><a href="#[b2]">aci_gatt_srv_write_event_cb</a>
 <LI><a href="#[50d]">aci_gatt_srv_write_event_copy</a>
 <LI><a href="#[af]">aci_gatt_tx_pool_available_event_cb</a>
 <LI><a href="#[50f]">aci_hal_adv_scan_resp_data_update_event</a>
 <LI><a href="#[7b]">aci_hal_adv_scan_resp_data_update_event_cb</a>
 <LI><a href="#[7a]">aci_hal_fw_error_event_cb</a>
 <LI><a href="#[79]">aci_hal_scan_req_report_event_cb_ucfg</a>
 <LI><a href="#[5e8]">aci_hal_scan_req_report_event_cb_ucfg_weak</a>
 <LI><a href="#[4bc]">aci_hal_set_tx_power_level</a>
 <LI><a href="#[4bb]">aci_hal_write_config_data</a>
 <LI><a href="#[98]">aci_l2cap_cfc_connection_event_cb_ucfg</a>
 <LI><a href="#[5e9]">aci_l2cap_cfc_connection_event_cb_ucfg_weak</a>
 <LI><a href="#[511]">aci_l2cap_command_reject_event</a>
 <LI><a href="#[9b]">aci_l2cap_command_reject_event_cb</a>
 <LI><a href="#[328]">aci_l2cap_command_reject_event_copy</a>
 <LI><a href="#[512]">aci_l2cap_connection_update_req_event</a>
 <LI><a href="#[97]">aci_l2cap_connection_update_req_event_cb</a>
 <LI><a href="#[327]">aci_l2cap_connection_update_req_event_copy</a>
 <LI><a href="#[513]">aci_l2cap_connection_update_resp_event</a>
 <LI><a href="#[95]">aci_l2cap_connection_update_resp_event_cb</a>
 <LI><a href="#[99]">aci_l2cap_disconnection_complete_event_cb_ucfg</a>
 <LI><a href="#[5ea]">aci_l2cap_disconnection_complete_event_cb_ucfg_weak</a>
 <LI><a href="#[9a]">aci_l2cap_flow_control_credit_event_cb_ucfg</a>
 <LI><a href="#[5eb]">aci_l2cap_flow_control_credit_event_cb_ucfg_weak</a>
 <LI><a href="#[515]">aci_l2cap_proc_timeout_event</a>
 <LI><a href="#[96]">aci_l2cap_proc_timeout_event_cb</a>
 <LI><a href="#[514]">aci_l2cap_proc_timeout_event_copy</a>
 <LI><a href="#[9d]">aci_l2cap_sdu_data_rx_event_cb_ucfg</a>
 <LI><a href="#[5ec]">aci_l2cap_sdu_data_rx_event_cb_ucfg_weak</a>
 <LI><a href="#[9c]">aci_l2cap_sdu_data_tx_event_cb_ucfg</a>
 <LI><a href="#[5ed]">aci_l2cap_sdu_data_tx_event_cb_ucfg_weak</a>
 <LI><a href="#[354]">ble_HAL_Init</a>
 <LI><a href="#[64]">channel_Update_Offline_Processing</a>
 <LI><a href="#[1e8]">channel_sel_algo2</a>
 <LI><a href="#[34e]">char_copy</a>
 <LI><a href="#[30a]">configBitmapSet</a>
 <LI><a href="#[2d0]">copy_swap_buffer</a>
 <LI><a href="#[1ae]">csmem_init</a>
 <LI><a href="#[1d0]">csmem_mem_0_assign</a>
 <LI><a href="#[1ac]">csmem_mem_assign</a>
 <LI><a href="#[268]">cst_sharedCallback</a>
 <LI><a href="#[3d7]">cte_csr_ucfg</a>
 <LI><a href="#[5ee]">cte_csr_ucfg_weak</a>
 <LI><a href="#[304]">data_length_extension_csr_ucfg</a>
 <LI><a href="#[5ef]">data_length_extension_csr_ucfg_weak</a>
 <LI><a href="#[1f7]">ext_adv_scan_enabled_ucfg</a>
 <LI><a href="#[5f0]">ext_adv_scan_enabled_ucfg_weak</a>
 <LI><a href="#[22c]">gap_2mbps_phy_supported</a>
 <LI><a href="#[22b]">gap_coded_phy_supported</a>
 <LI><a href="#[204]">gap_extended_scan_supported</a>
 <LI><a href="#[4c]">gap_timers_callback</a>
 <LI><a href="#[2d]">gap_timers_callback_wrapper</a>
 <LI><a href="#[3da]">get_rf_rx_path_compensation_db</a>
 <LI><a href="#[1ec]">hal_radio_activity_state_callback_check</a>
 <LI><a href="#[1ed]">hal_radio_activity_state_init</a>
 <LI><a href="#[51a]">hal_read_radio_activity_state</a>
 <LI><a href="#[30c]">hci_acl_Init</a>
 <LI><a href="#[61]">hci_acl_Process_Q</a>
 <LI><a href="#[b6]">hci_acl_data_ind_event_int_cb</a>
 <LI><a href="#[b5]">hci_acl_data_tx_cmpl_event_int_cb</a>
 <LI><a href="#[51e]">hci_authenticated_payload_timeout_expired_event</a>
 <LI><a href="#[78]">hci_authenticated_payload_timeout_expired_event_cb</a>
 <LI><a href="#[51f]">hci_data_buffer_overflow_event</a>
 <LI><a href="#[77]">hci_data_buffer_overflow_event_cb</a>
 <LI><a href="#[68]">hci_disconnection_complete_event_cb</a>
 <LI><a href="#[b7]">hci_disconnection_complete_event_int_cb</a>
 <LI><a href="#[522]">hci_encryption_change_event</a>
 <LI><a href="#[69]">hci_encryption_change_event_cb</a>
 <LI><a href="#[b8]">hci_encryption_change_event_int_cb</a>
 <LI><a href="#[523]">hci_encryption_key_refresh_complete_event</a>
 <LI><a href="#[6a]">hci_encryption_key_refresh_complete_event_cb</a>
 <LI><a href="#[b9]">hci_encryption_key_refresh_complete_event_int_cb</a>
 <LI><a href="#[52b]">hci_get_set_legacy_ext_flag</a>
 <LI><a href="#[525]">hci_le_advertising_report_event</a>
 <LI><a href="#[524]">hci_le_advertising_report_event_cb</a>
 <LI><a href="#[526]">hci_le_advertising_report_event_copy</a>
 <LI><a href="#[bb]">hci_le_advertising_report_event_int_cb</a>
 <LI><a href="#[74]">hci_le_advertising_set_terminated_event_cb_ucfg</a>
 <LI><a href="#[5f1]">hci_le_advertising_set_terminated_event_cb_ucfg_weak</a>
 <LI><a href="#[c3]">hci_le_advertising_set_terminated_event_int_cb</a>
 <LI><a href="#[528]">hci_le_channel_selection_algorithm_event</a>
 <LI><a href="#[84]">hci_le_channel_selection_algorithm_event_cb</a>
 <LI><a href="#[52d]">hci_le_check_own_address_type_max_value_ucfg</a>
 <LI><a href="#[5f2]">hci_le_check_own_address_type_max_value_ucfg_weak</a>
 <LI><a href="#[6b]">hci_le_connection_complete_event_cb</a>
 <LI><a href="#[ba]">hci_le_connection_complete_event_int_cb</a>
 <LI><a href="#[86]">hci_le_connection_iq_report_event_cb_ucfg</a>
 <LI><a href="#[5f3]">hci_le_connection_iq_report_event_cb_ucfg_weak</a>
 <LI><a href="#[52a]">hci_le_connection_update_complete_event</a>
 <LI><a href="#[7c]">hci_le_connection_update_complete_event_cb</a>
 <LI><a href="#[85]">hci_le_connectionless_iq_report_event_cb_ucfg</a>
 <LI><a href="#[5f4]">hci_le_connectionless_iq_report_event_cb_ucfg_weak</a>
 <LI><a href="#[20e]">hci_le_create_connection_api</a>
 <LI><a href="#[87]">hci_le_cte_request_failed_event_cb_ucfg</a>
 <LI><a href="#[5f5]">hci_le_cte_request_failed_event_cb_ucfg_weak</a>
 <LI><a href="#[7e]">hci_le_data_length_change_event_cb_ucfg</a>
 <LI><a href="#[5f6]">hci_le_data_length_change_event_cb_ucfg_weak</a>
 <LI><a href="#[71]">hci_le_direct_advertising_report_event_cb_ucfg</a>
 <LI><a href="#[5f7]">hci_le_direct_advertising_report_event_cb_ucfg_weak</a>
 <LI><a href="#[43b]">hci_le_direct_advertising_report_event_copy</a>
 <LI><a href="#[c0]">hci_le_direct_advertising_report_event_int_cb</a>
 <LI><a href="#[494]">hci_le_encrypt</a>
 <LI><a href="#[70]">hci_le_enhanced_connection_complete_event_cb</a>
 <LI><a href="#[bf]">hci_le_enhanced_connection_complete_event_int_cb</a>
 <LI><a href="#[72]">hci_le_extended_advertising_report_event_cb_ucfg</a>
 <LI><a href="#[5f8]">hci_le_extended_advertising_report_event_cb_ucfg_weak</a>
 <LI><a href="#[c1]">hci_le_extended_advertising_report_event_int_cb</a>
 <LI><a href="#[6f]">hci_le_generate_dhkey_complete_event_cb_ucfg</a>
 <LI><a href="#[5f9]">hci_le_generate_dhkey_complete_event_cb_ucfg_weak</a>
 <LI><a href="#[be]">hci_le_generate_dhkey_complete_event_int_cb</a>
 <LI><a href="#[530]">hci_le_long_term_key_request_event</a>
 <LI><a href="#[6d]">hci_le_long_term_key_request_event_cb</a>
 <LI><a href="#[bc]">hci_le_long_term_key_request_event_int_cb</a>
 <LI><a href="#[531]">hci_le_long_term_key_request_reply</a>
 <LI><a href="#[532]">hci_le_long_term_key_requested_negative_reply</a>
 <LI><a href="#[89]">hci_le_path_loss_threshold_event_cb_ucfg</a>
 <LI><a href="#[5fa]">hci_le_path_loss_threshold_event_cb_ucfg_weak</a>
 <LI><a href="#[81]">hci_le_periodic_advertising_report_event_cb_ucfg</a>
 <LI><a href="#[5fb]">hci_le_periodic_advertising_report_event_cb_ucfg_weak</a>
 <LI><a href="#[80]">hci_le_periodic_advertising_sync_established_event_cb_ucfg</a>
 <LI><a href="#[5fc]">hci_le_periodic_advertising_sync_established_event_cb_ucfg_weak</a>
 <LI><a href="#[82]">hci_le_periodic_advertising_sync_lost_event_cb_ucfg</a>
 <LI><a href="#[5fd]">hci_le_periodic_advertising_sync_lost_event_cb_ucfg_weak</a>
 <LI><a href="#[88]">hci_le_periodic_advertising_sync_transfer_received_event_cb_ucfg</a>
 <LI><a href="#[5fe]">hci_le_periodic_advertising_sync_transfer_received_event_cb_ucfg_weak</a>
 <LI><a href="#[7f]">hci_le_phy_update_complete_event_cb_ucfg</a>
 <LI><a href="#[5ff]">hci_le_phy_update_complete_event_cb_ucfg_weak</a>
 <LI><a href="#[6e]">hci_le_read_local_p256_public_key_complete_event_cb_ucfg</a>
 <LI><a href="#[600]">hci_le_read_local_p256_public_key_complete_event_cb_ucfg_weak</a>
 <LI><a href="#[bd]">hci_le_read_local_p256_public_key_complete_event_int_cb</a>
 <LI><a href="#[534]">hci_le_read_remote_used_features_complete_event</a>
 <LI><a href="#[7d]">hci_le_read_remote_used_features_complete_event_cb</a>
 <LI><a href="#[83]">hci_le_scan_request_received_event_cb_ucfg</a>
 <LI><a href="#[601]">hci_le_scan_request_received_event_cb_ucfg_weak</a>
 <LI><a href="#[73]">hci_le_scan_timeout_event_cb_ucfg</a>
 <LI><a href="#[602]">hci_le_scan_timeout_event_cb_ucfg_weak</a>
 <LI><a href="#[c2]">hci_le_scan_timeout_event_int_cb</a>
 <LI><a href="#[230]">hci_le_set_advertising_enable</a>
 <LI><a href="#[1f9]">hci_le_set_event_mask</a>
 <LI><a href="#[22e]">hci_le_set_random_address</a>
 <LI><a href="#[214]">hci_le_set_scan_enable_api</a>
 <LI><a href="#[233]">hci_le_set_scan_parameters_api</a>
 <LI><a href="#[8a]">hci_le_transmit_power_reporting_event_cb_ucfg</a>
 <LI><a href="#[603]">hci_le_transmit_power_reporting_event_cb_ucfg_weak</a>
 <LI><a href="#[536]">hci_number_of_completed_packets_event</a>
 <LI><a href="#[76]">hci_number_of_completed_packets_event_cb</a>
 <LI><a href="#[535]">hci_number_of_completed_packets_event_copy</a>
 <LI><a href="#[538]">hci_read_remote_version_information_complete_event</a>
 <LI><a href="#[75]">hci_read_remote_version_information_complete_event_cb</a>
 <LI><a href="#[539]">hci_read_remote_version_information_complete_event_copy</a>
 <LI><a href="#[51c]">hci_rx_acl_data</a>
 <LI><a href="#[53b]">hci_rx_acl_data_event</a>
 <LI><a href="#[8b]">hci_rx_acl_data_event_cb</a>
 <LI><a href="#[53c]">hci_rx_acl_data_event_copy</a>
 <LI><a href="#[1fa]">hci_set_event_mask</a>
 <LI><a href="#[51d]">hci_tx_acl_data_done</a>
 <LI><a href="#[30f]">is_Buffer_All_Set_To</a>
 <LI><a href="#[3f4]">isr_Acl_Data_Indication_Queue_Full</a>
 <LI><a href="#[3eb]">isr_Acl_Data_TX_Cmpl_Queue_Full</a>
 <LI><a href="#[4d8]">l2c_cos_csr_ucfg</a>
 <LI><a href="#[604]">l2c_cos_csr_ucfg_weak</a>
 <LI><a href="#[4d]">l2cap_timers_callback</a>
 <LI><a href="#[37]">l2cap_timers_callback_wrapper</a>
 <LI><a href="#[3e6]">ll_cpe_get_cpid_from_opcode</a>
 <LI><a href="#[410]">ll_cpe_set_unknown_rsp_pending</a>
 <LI><a href="#[307]">ll_write_supported_data_ucfg</a>
 <LI><a href="#[605]">ll_write_supported_data_ucfg_weak</a>
 <LI><a href="#[4e]">llc_timers_callback</a>
 <LI><a href="#[38]">llc_timers_callback_wrapper</a>
 <LI><a href="#[54c]">master_csr</a>
 <LI><a href="#[443]">master_sca</a>
 <LI><a href="#[44d]">pcl_csr_ucfg</a>
 <LI><a href="#[606]">pcl_csr_ucfg_weak</a>
 <LI><a href="#[1f8]">periodic_csr_ucfg</a>
 <LI><a href="#[607]">periodic_csr_ucfg_weak</a>
 <LI><a href="#[112]">phy_map</a>
 <LI><a href="#[3a7]">phy_upd_csr_ucfg</a>
 <LI><a href="#[608]">phy_upd_csr_ucfg_weak</a>
 <LI><a href="#[4da]">secure_connections_csr_ucfg</a>
 <LI><a href="#[609]">secure_connections_csr_ucfg_weak</a>
 <LI><a href="#[50]">sm_timers_callback</a>
 <LI><a href="#[4b]">sm_timers_callback_wrapper</a>
 <LI><a href="#[4b6]">sma_CMAC_generate_tag</a>
 <LI><a href="#[55a]">smp_Execute_Actions_wrt_Current_State_MI_excerpt</a>
 <LI><a href="#[562]">smp_MI_Start_Encryption</a>
 <LI><a href="#[566]">smp_Process_Rx_Packet_Exception_Cases_sc_excerpt_ucfg</a>
 <LI><a href="#[60a]">smp_Process_Rx_Packet_Exception_Cases_sc_excerpt_ucfg_weak</a>
 <LI><a href="#[568]">smp_Process_Rx_Packet_wrt_Current_State_MI_excerpt</a>
 <LI><a href="#[563]">smp_Process_Rx_Packet_wrt_Current_State_sc_excerpt_ucfg</a>
 <LI><a href="#[60b]">smp_Process_Rx_Packet_wrt_Current_State_sc_excerpt_ucfg_weak</a>
 <LI><a href="#[579]">smp_add_pairing_record_to_bonding_database</a>
 <LI><a href="#[49b]">smp_cmn_is_peer_rejectlisted</a>
 <LI><a href="#[57b]">smp_cmn_notify_rejectlist_penalty_timer_expiration</a>
 <LI><a href="#[565]">smp_cmn_pairing_phase_3_keys_receiving</a>
 <LI><a href="#[57c]">smp_cmn_rejectlist_init</a>
 <LI><a href="#[57d]">smp_cmn_rejectlist_start_probation_timer2</a>
 <LI><a href="#[57e]">smp_cmn_repeated_attacks_protection_start</a>
 <LI><a href="#[54e]">smp_cmn_repeated_attacks_timer_cb</a>
 <LI><a href="#[557]">smp_execute_actions_wrt_state_sc_phase1to2_ucfg</a>
 <LI><a href="#[60c]">smp_execute_actions_wrt_state_sc_phase1to2_ucfg_weak</a>
 <LI><a href="#[553]">smp_execute_actions_wrt_state_sc_phase2as2_ucfg</a>
 <LI><a href="#[60d]">smp_execute_actions_wrt_state_sc_phase2as2_ucfg_weak</a>
 <LI><a href="#[4a7]">smp_find_remote_device_index</a>
 <LI><a href="#[4b7]">smp_get_CSRK</a>
 <LI><a href="#[55e]">smp_get_local_identity_address</a>
 <LI><a href="#[559]">smp_keys_distribution_start</a>
 <LI><a href="#[4af]">smp_le_long_term_key_response</a>
 <LI><a href="#[49e]">smp_oob_check_is_remote_data_present</a>
 <LI><a href="#[57f]">smp_pairing_2octets_packet_send</a>
 <LI><a href="#[556]">smp_pairing_completed</a>
 <LI><a href="#[4b1]">smp_pairing_failed_receive</a>
 <LI><a href="#[4b0]">smp_pairing_failed_send</a>
 <LI><a href="#[571]">smp_sc_MI_PairingConfirm_Send_sc_excerpt_ucfg</a>
 <LI><a href="#[60e]">smp_sc_MI_PairingConfirm_Send_sc_excerpt_ucfg_weak</a>
 <LI><a href="#[572]">smp_sc_MI_PairingRandom_Receive_sc_excerpt1_ucfg</a>
 <LI><a href="#[60f]">smp_sc_MI_PairingRandom_Receive_sc_excerpt1_ucfg_weak</a>
 <LI><a href="#[573]">smp_sc_MI_PairingRandom_Receive_sc_excerpt2_ucfg</a>
 <LI><a href="#[610]">smp_sc_MI_PairingRandom_Receive_sc_excerpt2_ucfg_weak</a>
 <LI><a href="#[575]">smp_sc_MI_PairingResponse_Receive_sc_excerpt_ucfg</a>
 <LI><a href="#[611]">smp_sc_MI_PairingResponse_Receive_sc_excerpt_ucfg_weak</a>
 <LI><a href="#[55b]">smp_sc_MI_Pairing_Phase_2AS1_Start_sc_excerpt_ucfg</a>
 <LI><a href="#[612]">smp_sc_MI_Pairing_Phase_2AS1_Start_sc_excerpt_ucfg_weak</a>
 <LI><a href="#[577]">smp_sc_SR_PairingConfirm_Receive_sc_excerpt_ucfg</a>
 <LI><a href="#[613]">smp_sc_SR_PairingConfirm_Receive_sc_excerpt_ucfg_weak</a>
 <LI><a href="#[578]">smp_sc_SR_PairingRandom_Receive_sc_excerpt_ucfg</a>
 <LI><a href="#[614]">smp_sc_SR_PairingRandom_Receive_sc_excerpt_ucfg_weak</a>
 <LI><a href="#[558]">smp_sc_SR_Pairing_Phase_2AS1_Start_sc_excerpt_ucfg</a>
 <LI><a href="#[615]">smp_sc_SR_Pairing_Phase_2AS1_Start_sc_excerpt_ucfg_weak</a>
 <LI><a href="#[57a]">smp_sc_continue_on_exclusive_sc_pairing_ucfg</a>
 <LI><a href="#[616]">smp_sc_continue_on_exclusive_sc_pairing_ucfg_weak</a>
 <LI><a href="#[52f]">smp_sc_hci_le_generate_dhkey_complete_evt_hndl_ucfg</a>
 <LI><a href="#[617]">smp_sc_hci_le_generate_dhkey_complete_evt_hndl_ucfg_weak</a>
 <LI><a href="#[533]">smp_sc_hci_le_read_local_p256_public_key_complete_evt_hndl_ucfg</a>
 <LI><a href="#[618]">smp_sc_hci_le_read_local_p256_public_key_complete_evt_hndl_ucfg_weak</a>
 <LI><a href="#[499]">smp_sc_init_ucfg</a>
 <LI><a href="#[619]">smp_sc_init_ucfg_weak</a>
 <LI><a href="#[4b5]">smp_sc_is_another_sc_pairing_ongoing</a>
 <LI><a href="#[581]">smp_sc_update_statistics_on_pairing_complete_ucfg</a>
 <LI><a href="#[61a]">smp_sc_update_statistics_on_pairing_complete_ucfg_weak</a>
 <LI><a href="#[4a0]">smp_send_packet</a>
 <LI><a href="#[1af]">tsk_init</a>
 <LI><a href="#[17d]">tsk_notify_idx</a>
 <LI><a href="#[17f]">tsk_scheduler</a>
 <LI><a href="#[3dd]">tsk_signal_resource_idx</a>
 <LI><a href="#[26b]">tsk_wait_resource_idx</a>
 <LI><a href="#[4dc]">_load_uuid</a>
 <LI><a href="#[1ab]">BlueNRG_Stack_Initialize_ConfigData</a>
 <LI><a href="#[1ad]">BlueNRG_Stack_Initialize_Layers</a>
 <LI><a href="#[170]">total_buffer_size_value</a>
 <LI><a href="#[212]">GAP_dynamic_allocator</a>
 <LI><a href="#[223]">GAP_limited_discoverable_event_check</a>
 <LI><a href="#[206]">GAP_check_discovered_address_list</a>
 <LI><a href="#[42c]">hci_encryption_change_event_push</a>
 <LI><a href="#[42d]">hci_encryption_key_refresh_complete_event_push</a>
 <LI><a href="#[42a]">le3ByteToInt32</a>
 <LI><a href="#[42b]">le4ByteToInt32</a>
 <LI><a href="#[1cf]">Dynamic_allocator_LL</a>
 <LI><a href="#[560]">int32ToLe4Byte</a>
 <LI><a href="#[49d]">smp_Build_AuthReq_Field</a>
 <LI><a href="#[49f]">smp_Build_Pairing_ReqResp_Packet</a>
 <LI><a href="#[574]">smp_Check_Incoming_Pairing_Parameters</a>
 <LI><a href="#[551]">smp_Determine_Key_Association_Method</a>
 <LI><a href="#[4b4]">smp_Execute_Actions_wrt_Current_State</a>
 <LI><a href="#[55d]">smp_Get_Long_Term_Key</a>
 <LI><a href="#[576]">smp_Get_Pairing_Parameters_From_Peer_Packet</a>
 <LI><a href="#[555]">smp_Keys_Distribution_Send</a>
 <LI><a href="#[55f]">smp_LP_MI_Compute_c1_Confirm_Value</a>
 <LI><a href="#[561]">smp_LP_SR_Compute_c1_Confirm_Value</a>
 <LI><a href="#[4b2]">smp_Process_Rx_Packet_wrt_Current_State</a>
 <LI><a href="#[564]">smp_Process_Rx_Packet_wrt_Current_State_SR_excerpt</a>
 <LI><a href="#[570]">smp_Set_Key_Association_Method</a>
 <LI><a href="#[56b]">smp____MI_PairingConfirm_Receive</a>
 <LI><a href="#[55c]">smp____MI_PairingConfirm_Send</a>
 <LI><a href="#[56c]">smp____MI_PairingRandom_Receive</a>
 <LI><a href="#[56a]">smp____MI_PairingResponse_Receive</a>
 <LI><a href="#[569]">smp____MI_SecurityRequest_Receive</a>
 <LI><a href="#[56e]">smp____SR_PairingConfirm_Receive</a>
 <LI><a href="#[56f]">smp____SR_PairingRandom_Receive</a>
 <LI><a href="#[56d]">smp____SR_PairingRequest_Receive</a>
 <LI><a href="#[1ce]">Dynamic_allocator_EVNT</a>
 <LI><a href="#[1ee]">aci_event_fifo_init</a>
 <LI><a href="#[4f3]">fifoBuf_getFreeHeader</a>
 <LI><a href="#[4f2]">fifoCtrl_init</a>
 <LI><a href="#[22f]">GAP_set_discoverability_mode</a>
 <LI><a href="#[2be]">GAT_srv_aes_cmac_append</a>
 <LI><a href="#[2bf]">GAT_srv_attr_direct_value_write</a>
 <LI><a href="#[2c4]">GAT_srv_check_sec_perm</a>
 <LI><a href="#[2cd]">GAT_srv_find_from_handle_p</a>
 <LI><a href="#[2ca]">GAT_srv_generate_hash</a>
 <LI><a href="#[2d3]">GAT_srv_get_chr_decl_val</a>
 <LI><a href="#[2d5]">GAT_srv_get_chr_descr_val</a>
 <LI><a href="#[2d4]">GAT_srv_get_chr_val</a>
 <LI><a href="#[2da]">GAT_srv_get_fast_buffer_val</a>
 <LI><a href="#[2c9]">GAT_srv_get_from_nvm</a>
 <LI><a href="#[2d2]">GAT_srv_get_incl_srv_val</a>
 <LI><a href="#[2c1]">GAT_srv_get_zip_val</a>
 <LI><a href="#[2cf]">GAT_srv_hash_attr</a>
 <LI><a href="#[2c8]">GAT_srv_is_bonded</a>
 <LI><a href="#[2c3]">GAT_srv_set_cccd_val</a>
 <LI><a href="#[34]">GAT_srv_set_change_unaware</a>
 <LI><a href="#[2c2]">GAT_srv_set_zip_val</a>
 <LI><a href="#[2cc]">GAT_srv_store_to_nvm</a>
 <LI><a href="#[35]">GAT_srv_tx_service_change</a>
 <LI><a href="#[2c0]">aci_gatt_srv_attribute_modified_event_push</a>
 <LI><a href="#[2b9]">GAT_srv_char_sanity_check</a>
 <LI><a href="#[2b7]">GAT_srv_check_group_size</a>
 <LI><a href="#[2b5]">GAT_srv_db_update_allowed</a>
 <LI><a href="#[2b6]">GAT_srv_descr_sanity_check</a>
 <LI><a href="#[537]">hci_number_of_completed_packets_event_push</a>
 <LI><a href="#[53a]">hci_rx_acl_data_event_push</a>
 <LI><a href="#[31e]">L2C_discard_accumulated_acl_data</a>
 <LI><a href="#[312]">L2C_dynamic_allocator</a>
 <LI><a href="#[315]">L2C_get_link_control_block_index</a>
 <LI><a href="#[318]">L2C_process_basic_mode_command</a>
 <LI><a href="#[3e4]">LLC_conn_get_opcode</a>
 <LI><a href="#[37f]">LL_channel_selection_algorithm_2</a>
 <LI><a href="#[384]">LL_conn_CSA_2_update_remapped_table</a>
 <LI><a href="#[385]">LL_conn_calc_data_packet_time_st</a>
 <LI><a href="#[383]">LL_conn_check_unmapped_channel_in_ch_map</a>
 <LI><a href="#[386]">LL_conn_close_event</a>
 <LI><a href="#[366]">LL_conn_copy_tx_data_packet</a>
 <LI><a href="#[394]">LL_conn_decrement_enc_count_rx</a>
 <LI><a href="#[38a]">LL_conn_get_ctrl_flds_instant</a>
 <LI><a href="#[3a0]">LL_conn_get_ctrl_flds_isr_p</a>
 <LI><a href="#[38e]">LL_conn_get_ctrl_pdu_ctrl_fld_p</a>
 <LI><a href="#[3d4]">LL_conn_init_cmn_len_upd_params</a>
 <LI><a href="#[3d9]">LL_conn_isr_rx_done</a>
 <LI><a href="#[3d8]">LL_conn_isr_tx_done</a>
 <LI><a href="#[381]">LL_conn_modulo_37</a>
 <LI><a href="#[361]">LL_conn_slave_latency_cancelation</a>
 <LI><a href="#[35f]">LL_conn_time_t1_lessthan_t2</a>
 <LI><a href="#[3f7]">LL_conn_update_cmd_rsp_timer</a>
 <LI><a href="#[3b5]">LL_get_anchor_point</a>
 <LI><a href="#[380]">LL_pseudo_rand_num_gen</a>
 <LI><a href="#[3bc]">hci_le_connection_complete_event_push</a>
 <LI><a href="#[3bb]">hci_le_enhanced_connection_complete_event_push</a>
 <LI><a href="#[3af]">le2ByteToInt16</a>
 <LI><a href="#[415]">LL_cpe_get_cpf</a>
 <LI><a href="#[409]">LL_cpe_get_ctrl_flds_common_p</a>
 <LI><a href="#[53e]">LL_cpe_is_opcode_supporting_instant</a>
 <LI><a href="#[411]">LL_cpe_rxctrlpdu_checkreject</a>
 <LI><a href="#[53d]">ll_cpe_check_instant_blocked</a>
 <LI><a href="#[40a]">ll_cpe_check_rx_pdu_can_be_processed</a>
 <LI><a href="#[413]">ll_cpe_check_tx_terminate_in_progress</a>
 <LI><a href="#[541]">ll_cpe_clr_rx_pdu_discarded_by_one_sm</a>
 <LI><a href="#[540]">ll_cpe_get_active</a>
 <LI><a href="#[40b]">ll_cpe_get_blocked_status</a>
 <LI><a href="#[407]">ll_cpe_get_cpid_from_sm</a>
 <LI><a href="#[408]">ll_cpe_get_ctrl_flds_per_sm_p</a>
 <LI><a href="#[40e]">ll_cpe_get_expected_opcode</a>
 <LI><a href="#[543]">ll_cpe_get_instant_active</a>
 <LI><a href="#[53f]">ll_cpe_get_instant_supported</a>
 <LI><a href="#[542]">ll_cpe_get_other_sm_init_type</a>
 <LI><a href="#[544]">ll_cpe_get_rx_pdu_discarded_by_one_sm</a>
 <LI><a href="#[40f]">ll_cpe_get_state</a>
 <LI><a href="#[40c]">ll_cpe_handle_isr_disconnect</a>
 <LI><a href="#[546]">ll_cpe_process_rx_pdu</a>
 <LI><a href="#[41c]">ll_cpe_reset_state_machines</a>
 <LI><a href="#[547]">ll_cpe_set_expected_opcode</a>
 <LI><a href="#[548]">ll_cpe_state_dormant</a>
 <LI><a href="#[414]">ll_cpe_state_machine</a>
 <LI><a href="#[54a]">ll_cpe_state_wait4ack</a>
 <LI><a href="#[54b]">ll_cpe_state_wait4rsp</a>
 <LI><a href="#[549]">ll_cpe_state_wait4tx</a>
 <LI><a href="#[412]">valid_first_opcode</a>
 <LI><a href="#[40d]">valid_opcode</a>
 <LI><a href="#[48c]">Reclassify_channel</a>
 <LI><a href="#[44e]">hci_le_read_remote_used_features_complete_event_push</a>
 <LI><a href="#[331]">LLC_authenticated_payload_timeout_start_le_ping</a>
 <LI><a href="#[462]">hci_read_remote_version_information_complete_event_push</a>
 <LI><a href="#[424]">LL_dtm_get_cntxt_p</a>
 <LI><a href="#[1db]">EADV_start</a>
 <LI><a href="#[1e5]">EADV_stop</a>
 <LI><a href="#[11f]">EADV_stop_isr</a>
 <LI><a href="#[33f]">LL_Context_ReturnFree</a>
 <LI><a href="#[356]">LL_LE_Set_Advertising_Parameters_Default</a>
 <LI><a href="#[1e3]">LL_eadv_start_legacy</a>
 <LI><a href="#[10c]">UTIL_u8GetNextAdvChannel</a>
 <LI><a href="#[429]">aci_hal_adv_scan_resp_data_update_event_push</a>
 <LI><a href="#[11e]">hci_le_advertising_set_terminated_event_push</a>
 <LI><a href="#[11c]">hci_le_connection_complete_event_push</a>
 <LI><a href="#[11d]">hci_le_enhanced_connection_complete_event_push</a>
 <LI><a href="#[107]">hci_le_scan_request_received_event_push</a>
 <LI><a href="#[42e]">LL_escan_CancelReservedAuxTaskslots</a>
 <LI><a href="#[44b]">LL_escan_CheckAccessAddress</a>
 <LI><a href="#[369]">LL_escan_ClearDuplicateList</a>
 <LI><a href="#[42f]">LL_escan_EscanCreateSlot</a>
 <LI><a href="#[430]">LL_escan_EscanIsr</a>
 <LI><a href="#[437]">LL_escan_EscanIsr_Produce_legacy_Event</a>
 <LI><a href="#[439]">LL_escan_EscanSkipRoutine</a>
 <LI><a href="#[371]">LL_escan_FillLldataConnReqPdu</a>
 <LI><a href="#[444]">LL_escan_ProduceCreq</a>
 <LI><a href="#[36e]">LL_escan_ScanStop</a>
 <LI><a href="#[438]">LL_escan_UpdateBackoffNotReceived</a>
 <LI><a href="#[435]">LL_escan_UpdateBackoffReceived</a>
 <LI><a href="#[43e]">LL_escan_UpdateNextMasterAnchorNew</a>
 <LI><a href="#[432]">LL_escan_escan_and_eaux_process_rx_address</a>
 <LI><a href="#[431]">LL_escan_escan_and_eaux_process_tx_address</a>
 <LI><a href="#[43a]">LL_escan_is_address_in_duplicate_list_and_list_enabled</a>
 <LI><a href="#[434]">LL_escan_manage_CREQ_SREQ_transmit</a>
 <LI><a href="#[43c]">hci_le_advertising_report_event_push</a>
 <LI><a href="#[43f]">increment_scan_channel</a>
 <LI><a href="#[446]">initialize_scan_channel</a>
 <LI><a href="#[442]">int16ToLe2Byte</a>
 <LI><a href="#[452]">LL_priv_Innerlist_size</a>
 <LI><a href="#[456]">LL_priv_RemoveAddrInEachListIndex</a>
 <LI><a href="#[459]">LL_priv_vGeneratePrivateAddress</a>
 <LI><a href="#[461]">LL_sched_calculate_priority</a>
 <LI><a href="#[45c]">LL_sched_engine_manage_skip_cancel_slot</a>
 <LI><a href="#[45a]">LL_sched_get_cntxt_common_p</a>
 <LI><a href="#[45b]">LL_sched_get_cntxt_per_p</a>
 <LI><a href="#[45d]">LL_sched_return_token</a>
 <LI><a href="#[460]">LL_sched_time_t1_lessthan_t2</a>
 <LI><a href="#[1d8]">Dynamic_allocator_PM</a>
 <LI><a href="#[485]">PM_Check_And_Set</a>
 <LI><a href="#[4b8]">sma_Calculate_Hash</a>
 <LI><a href="#[54f]">sma_generate_subkeys</a>
 <LI><a href="#[550]">sma_left_shift</a>
 <LI><a href="#[4a5]">SMP_connection_complete_handler</a>
 <LI><a href="#[4a2]">aci_gap_pairing_complete_event_push</a>
 <LI><a href="#[4a4]">smp_Keys_Distribution_Complete</a>
 <LI><a href="#[498]">smp_dynamic_allocator</a>
 <LI><a href="#[4a9]">smp_flush_rx_queues</a>
 <LI><a href="#[580]">smp_pairing_process_abort</a>
 <LI><a href="#[4a3]">smp_update_statistics_on_pairing_complete</a>
 <LI><a href="#[1a1]">BleNvm_GATT_SeekRecord</a>
 <LI><a href="#[1a4]">aci_hal_fw_error_event_push</a>
 <LI><a href="#[584]">lsbit</a>
 <LI><a href="#[582]">tsk_bitmap_init</a>
 <LI><a href="#[583]">tsk_bitmap_merge</a>
 <LI><a href="#[1bb]">Timer_StartFirstActive_sysT</a>
 <LI><a href="#[1bc]">Timer_TryStartFirstActive</a>
 <LI><a href="#[237]">GAT_att_clt_check_packet</a>
 <LI><a href="#[23d]">GAT_att_clt_fill_handle_range</a>
 <LI><a href="#[23e]">GAT_att_clt_fill_packet_payload</a>
 <LI><a href="#[244]">GAT_att_clt_get_packet_size</a>
 <LI><a href="#[6]">GAT_att_clt_unexpect_rx</a>
 <LI><a href="#[251]">aci_hal_fw_error_event_push</a>
 <LI><a href="#[26d]">GAT_att_db_find_attr_idx_from_handle</a>
 <LI><a href="#[26c]">GAT_att_db_find_attr_idx_with_conf_def</a>
 <LI><a href="#[26e]">GAT_att_db_find_attr_idx_with_handle</a>
 <LI><a href="#[273]">GAT_att_db_get_att_idx</a>
 <LI><a href="#[272]">GAT_att_db_get_last_group_attribute</a>
 <LI><a href="#[27b]">GAT_att_srv_alloc_resp_packt</a>
 <LI><a href="#[27e]">GAT_att_srv_common_check</a>
 <LI><a href="#[cd]">GAT_att_srv_confirm_exc</a>
 <LI><a href="#[c4]">GAT_att_srv_exchange_mtu_exc</a>
 <LI><a href="#[cc]">GAT_att_srv_exec_wr_exc</a>
 <LI><a href="#[c6]">GAT_att_srv_find_by_type_val_exc</a>
 <LI><a href="#[c5]">GAT_att_srv_find_info_exc</a>
 <LI><a href="#[284]">GAT_att_srv_flush_rx_pckts</a>
 <LI><a href="#[27c]">GAT_att_srv_get_exec_fn_id_by_op</a>
 <LI><a href="#[27f]">GAT_att_srv_get_handle_range</a>
 <LI><a href="#[32]">GAT_att_srv_no_confirm_pending</a>
 <LI><a href="#[cb]">GAT_att_srv_prep_wr_exc</a>
 <LI><a href="#[c7]">GAT_att_srv_read_by_type_exc</a>
 <LI><a href="#[c8]">GAT_att_srv_read_exc</a>
 <LI><a href="#[c9]">GAT_att_srv_read_multi_exc</a>
 <LI><a href="#[291]">GAT_att_srv_run</a>
 <LI><a href="#[299]">GAT_att_srv_send_response</a>
 <LI><a href="#[290]">GAT_att_srv_set_attr_value_check</a>
 <LI><a href="#[289]">GAT_att_srv_value_read</a>
 <LI><a href="#[280]">GAT_att_srv_write_err_packet</a>
 <LI><a href="#[ca]">GAT_att_srv_write_exc</a>
 <LI><a href="#[294]">GAT_srv_find_by_handle_p</a>
 <LI><a href="#[27d]">PM_Get_Host_Pckt</a>
 <LI><a href="#[297]">aci_gatt_srv_read_event_push</a>
 <LI><a href="#[285]">aci_hal_fw_error_event_push</a>
 <LI><a href="#[29d]">GAT_clt_disc_all_descr_resp</a>
 <LI><a href="#[29f]">GAT_clt_disc_all_prim_srv_resp</a>
 <LI><a href="#[2a2]">GAT_clt_disc_chr_by_uuid_resp</a>
 <LI><a href="#[2a5]">GAT_clt_disc_prim_srv_by_uuid_resp</a>
 <LI><a href="#[2a7]">GAT_clt_error_resp</a>
 <LI><a href="#[2a9]">GAT_clt_exchange_mtu_resp</a>
 <LI><a href="#[7]">GAT_clt_exec_empty</a>
 <LI><a href="#[33]">GAT_clt_exec_full</a>
 <LI><a href="#[2aa]">GAT_clt_exec_proc</a>
 <LI><a href="#[2ab]">GAT_clt_fill_tx_par</a>
 <LI><a href="#[2a6]">GAT_clt_get_proc_per_chandle</a>
 <LI><a href="#[2ad]">GAT_clt_read_attr_resp</a>
 <LI><a href="#[2ae]">GAT_clt_read_chr_by_uuid_resp</a>
 <LI><a href="#[2af]">GAT_clt_read_long_attr_resp</a>
 <LI><a href="#[2b0]">GAT_clt_read_multi_char_resp</a>
 <LI><a href="#[29e]">GAT_clt_stop_proc</a>
 <LI><a href="#[2b1]">GAT_clt_write_long_resp</a>
 <LI><a href="#[2ac]">aci_att_clt_read_by_type_resp_event_push</a>
 <LI><a href="#[2a4]">aci_gatt_clt_disc_read_char_by_uuid_resp_event_push</a>
</UL>
</UL>
<P>
<H3>
Function Pointers
</H3><UL>
 <LI><a href="#[1a]">ADC_IRQHandler</a> from system_bluenrg_lp.o(i.ADC_IRQHandler) referenced from system_bluenrg_lp.o(.intvec)
 <LI><a href="#[48]">ADV_ISR</a> from ll_ext_adv.o(i.ADV_ISR) referenced from ll_ext_adv.o(i.LL_eadv_start_legacy)
 <LI><a href="#[47]">ADV_cancelslot</a> from ll_ext_adv.o(i.ADV_cancelslot) referenced from ll_ext_adv.o(i.LL_eadv_start_legacy)
 <LI><a href="#[49]">ADV_createslot</a> from ll_ext_adv.o(i.ADV_createslot) referenced from ll_ext_adv.o(i.LL_eadv_start_legacy)
 <LI><a href="#[4a]">ADV_skiproutine</a> from ll_ext_adv.o(i.ADV_skiproutine) referenced from ll_ext_adv.o(i.LL_eadv_start_legacy)
 <LI><a href="#[21]">BLE_AES_IRQHandler</a> from system_bluenrg_lp.o(i.BLE_AES_IRQHandler) referenced from system_bluenrg_lp.o(.intvec)
 <LI><a href="#[22]">BLE_ERROR_IRQHandler</a> from bluenrg_lp_it.o(i.BLE_ERROR_IRQHandler) referenced from system_bluenrg_lp.o(.intvec)
 <LI><a href="#[27]">BLE_RXTX_SEQ_IRQHandler</a> from system_bluenrg_lp.o(i.BLE_RXTX_SEQ_IRQHandler) referenced from system_bluenrg_lp.o(.intvec)
 <LI><a href="#[20]">BLE_TX_RX_IRQHandler</a> from bluenrg_lp_it.o(i.BLE_TX_RX_IRQHandler) referenced from system_bluenrg_lp.o(.intvec)
 <LI><a href="#[26]">BLE_WKUP_IRQHandler</a> from bluenrg_lp_it.o(i.BLE_WKUP_IRQHandler) referenced from system_bluenrg_lp.o(.intvec)
 <LI><a href="#[25]">CPU_WKUP_IRQHandler</a> from bluenrg_lp_it.o(i.CPU_WKUP_IRQHandler) referenced from system_bluenrg_lp.o(.intvec)
 <LI><a href="#[67]">Controller_Process_Q</a> from hci_common.o(i.Controller_Process_Q) referenced from stacklib_tasks.o(.constdata)
 <LI><a href="#[1f]">DMA_IRQHandler</a> from bluenrg_lp_it.o(i.DMA_IRQHandler) referenced from system_bluenrg_lp.o(.intvec)
 <LI><a href="#[2c]">EADV_Offline_Callback</a> from ll_ext_adv.o(i.EADV_Offline_Callback) referenced from ll_ext_adv.o(i.EADV_init)
 <LI><a href="#[51]">Events_Process_Q</a> from events.o(i.Events_Process_Q) referenced from stacklib_tasks.o(.constdata)
 <LI><a href="#[e]">FLASH_IRQHandler</a> from system_bluenrg_lp.o(i.FLASH_IRQHandler) referenced from system_bluenrg_lp.o(.intvec)
 <LI><a href="#[56]">GAP_name_disc_proc_connected_check</a> from gap_master.o(i.GAP_name_disc_proc_connected_check) referenced from stacklib_tasks.o(.constdata)
 <LI><a href="#[6]">GAT_att_clt_unexpect_rx</a> from gat_att_clt.o(i.GAT_att_clt_unexpect_rx) referenced 2 times from gat_att_clt.o(.data)
 <LI><a href="#[31]">GAT_att_cmn_handle_disconnec_iterate_f</a> from gat_att_cmn.o(i.GAT_att_cmn_handle_disconnec_iterate_f) referenced from gat_att_cmn.o(i.GAT_att_cmn_timer_expire_tsk)
 <LI><a href="#[57]">GAT_att_cmn_send_pending_tsk</a> from gat_att_cmn.o(i.GAT_att_cmn_send_pending_tsk) referenced from stacklib_tasks.o(.constdata)
 <LI><a href="#[30]">GAT_att_cmn_timeout_cb</a> from gat_att_cmn.o(i.GAT_att_cmn_timeout_cb) referenced from gat_att_cmn.o(i.GAT_att_cmn_timeout_cb_wrapper)
 <LI><a href="#[2f]">GAT_att_cmn_timeout_cb_wrapper</a> from gat_att_cmn.o(i.GAT_att_cmn_timeout_cb_wrapper) referenced from gat_att_cmn.o(i.GAT_att_cmn_init)
 <LI><a href="#[58]">GAT_att_cmn_timer_expire_tsk</a> from gat_att_cmn.o(i.GAT_att_cmn_timer_expire_tsk) referenced from stacklib_tasks.o(.constdata)
 <LI><a href="#[59]">GAT_att_cmn_tx_pool_evt_tsk</a> from gat_att_cmn.o(i.GAT_att_cmn_tx_pool_evt_tsk) referenced from stacklib_tasks.o(.constdata)
 <LI><a href="#[cd]">GAT_att_srv_confirm_exc</a> from gat_att_srv.o(i.GAT_att_srv_confirm_exc) referenced from gat_att_srv.o(.constdata)
 <LI><a href="#[c4]">GAT_att_srv_exchange_mtu_exc</a> from gat_att_srv.o(i.GAT_att_srv_exchange_mtu_exc) referenced from gat_att_srv.o(.constdata)
 <LI><a href="#[cc]">GAT_att_srv_exec_wr_exc</a> from gat_att_srv.o(i.GAT_att_srv_exec_wr_exc) referenced from gat_att_srv.o(.constdata)
 <LI><a href="#[c6]">GAT_att_srv_find_by_type_val_exc</a> from gat_att_srv.o(i.GAT_att_srv_find_by_type_val_exc) referenced from gat_att_srv.o(.constdata)
 <LI><a href="#[c5]">GAT_att_srv_find_info_exc</a> from gat_att_srv.o(i.GAT_att_srv_find_info_exc) referenced from gat_att_srv.o(.constdata)
 <LI><a href="#[32]">GAT_att_srv_no_confirm_pending</a> from gat_att_srv.o(i.GAT_att_srv_no_confirm_pending) referenced from gat_att_srv.o(i.GAT_att_srv_confirmation_pending)
 <LI><a href="#[cb]">GAT_att_srv_prep_wr_exc</a> from gat_att_srv.o(i.GAT_att_srv_prep_wr_exc) referenced from gat_att_srv.o(.constdata)
 <LI><a href="#[5a]">GAT_att_srv_process_rx_pckt_tsk</a> from gat_att_srv.o(i.GAT_att_srv_process_rx_pckt_tsk) referenced from stacklib_tasks.o(.constdata)
 <LI><a href="#[c7]">GAT_att_srv_read_by_type_exc</a> from gat_att_srv.o(i.GAT_att_srv_read_by_type_exc) referenced 2 times from gat_att_srv.o(.constdata)
 <LI><a href="#[c8]">GAT_att_srv_read_exc</a> from gat_att_srv.o(i.GAT_att_srv_read_exc) referenced 2 times from gat_att_srv.o(.constdata)
 <LI><a href="#[c9]">GAT_att_srv_read_multi_exc</a> from gat_att_srv.o(i.GAT_att_srv_read_multi_exc) referenced from gat_att_srv.o(.constdata)
 <LI><a href="#[ca]">GAT_att_srv_write_exc</a> from gat_att_srv.o(i.GAT_att_srv_write_exc) referenced 3 times from gat_att_srv.o(.constdata)
 <LI><a href="#[7]">GAT_clt_exec_empty</a> from gat_clt.o(i.GAT_clt_exec_empty) referenced 2 times from gat_clt.o(.data)
 <LI><a href="#[33]">GAT_clt_exec_full</a> from gat_clt.o(i.GAT_clt_exec_full) referenced from gat_clt.o(i.GAT_clt_start_proc)
 <LI><a href="#[5d]">GAT_clt_proc_exec_tsk</a> from gat_clt.o(i.GAT_clt_proc_exec_tsk) referenced from stacklib_tasks.o(.constdata)
 <LI><a href="#[2e]">GAT_clt_rcv</a> from gat_clt.o(i.GAT_clt_rcv) referenced from gat_att_clt.o(i.GAT_att_clt_tx)
 <LI><a href="#[5b]">GAT_srv_db_hash_tsk</a> from gat_srv.o(i.GAT_srv_db_hash_tsk) referenced from stacklib_tasks.o(.constdata)
 <LI><a href="#[5c]">GAT_srv_send_srv_change_tsk</a> from gat_srv.o(i.GAT_srv_send_srv_change_tsk) referenced from stacklib_tasks.o(.constdata)
 <LI><a href="#[34]">GAT_srv_set_change_unaware</a> from gat_srv.o(i.GAT_srv_set_change_unaware) referenced from gat_srv.o(i.GAT_srv_generate_hash)
 <LI><a href="#[35]">GAT_srv_tx_service_change</a> from gat_srv.o(i.GAT_srv_tx_service_change) referenced from gat_srv.o(i.GAT_srv_send_srv_change_tsk)
 <LI><a href="#[1d]">GPIOA_IRQHandler</a> from bluenrg_lp_it.o(i.GPIOA_IRQHandler) referenced from system_bluenrg_lp.o(.intvec)
 <LI><a href="#[1e]">GPIOB_IRQHandler</a> from system_bluenrg_lp.o(i.GPIOB_IRQHandler) referenced from system_bluenrg_lp.o(.intvec)
 <LI><a href="#[a]">HardFault_IRQHandler</a> from bluenrg_lp_it.o(i.HardFault_IRQHandler) referenced from system_bluenrg_lp.o(.intvec)
 <LI><a href="#[11]">I2C1_IRQHandler</a> from system_bluenrg_lp.o(i.I2C1_IRQHandler) referenced from system_bluenrg_lp.o(.intvec)
 <LI><a href="#[12]">I2C2_IRQHandler</a> from system_bluenrg_lp.o(i.I2C2_IRQHandler) referenced from system_bluenrg_lp.o(.intvec)
 <LI><a href="#[55]">L2C_cos_perform_pdu_reassembly_tsk_ucfg</a> from l2c_cos_resource_manager.o(i.L2C_cos_perform_pdu_reassembly_tsk_ucfg_weak) referenced from stacklib_tasks.o(.constdata)
 <LI><a href="#[53]">L2C_cos_perform_sdu_segmentation_tsk_ucfg</a> from l2c_cos_resource_manager.o(i.L2C_cos_perform_sdu_segmentation_tsk_ucfg_weak) referenced from stacklib_tasks.o(.constdata)
 <LI><a href="#[52]">L2C_cos_process_pending_actions_tsk_ucfg</a> from l2c_cos_common.o(i.L2C_cos_process_pending_actions_tsk_ucfg_weak) referenced from stacklib_tasks.o(.constdata)
 <LI><a href="#[54]">L2C_cos_transmit_pdu_packets_tsk_ucfg</a> from l2c_cos_resource_manager.o(i.L2C_cos_transmit_pdu_packets_tsk_ucfg_weak) referenced from stacklib_tasks.o(.constdata)
 <LI><a href="#[65]">LLC_authenticated_payload_timeout_processing</a> from ll_cpf_le_ping.o(i.LLC_authenticated_payload_timeout_processing) referenced from stacklib_tasks.o(.constdata)
 <LI><a href="#[46]">LLC_le_ping</a> from ll_cpf_le_ping.o(i.LLC_le_ping) referenced from ll_cpe.o(i.LL_cpe_init)
 <LI><a href="#[63]">LLC_offline_control_procedures_processing</a> from hci_common.o(i.LLC_offline_control_procedures_processing) referenced from stacklib_tasks.o(.constdata)
 <LI><a href="#[43]">LL_channel_map_update</a> from ll_cpf_channel_map_update.o(i.LL_channel_map_update) referenced from ll_cpe.o(i.LL_cpe_init)
 <LI><a href="#[3e]">LL_conn_isr</a> from ll_connect.o(i.LL_conn_isr) referenced from ll_connect.o(i.LL_conn_go_to_connect)
 <LI><a href="#[3f]">LL_conn_program_next_taskslot</a> from ll_connect.o(i.LL_conn_program_next_taskslot) referenced from ll_connect.o(i.LL_conn_go_to_connect)
 <LI><a href="#[40]">LL_conn_reschedule_taskslot_params</a> from ll_connect.o(i.LL_conn_reschedule_taskslot_params) referenced from ll_connect.o(i.LL_conn_go_to_connect)
 <LI><a href="#[66]">LL_conn_slave_sleep_latency_cancellation_check</a> from hci_common.o(i.LL_conn_slave_sleep_latency_cancellation_check) referenced from stacklib_tasks.o(.constdata)
 <LI><a href="#[3d]">LL_connect_cancel_taskslot_dummy</a> from ll_connect.o(i.LL_connect_cancel_taskslot_dummy) referenced from ll_connect.o(i.LL_conn_go_to_connect)
 <LI><a href="#[41]">LL_cpf_conn_upd</a> from ll_cpf_connection_update.o(i.LL_cpf_conn_upd) referenced from ll_cpe.o(i.LL_cpe_init)
 <LI><a href="#[42]">LL_encryption</a> from ll_cpf_encryption.o(i.LL_encryption) referenced from ll_cpe.o(i.LL_cpe_init)
 <LI><a href="#[39]">LL_escan_EscanCancelSlot</a> from ll_ext_scan.o(i.LL_escan_EscanCancelSlot) referenced from ll_ext_scan.o(i.LL_Set_Extended_Scan_Enable_ucfg_weak)
 <LI><a href="#[3b]">LL_escan_EscanCreateSlot1MPhy</a> from ll_ext_scan.o(i.LL_escan_EscanCreateSlot1MPhy) referenced from ll_ext_scan.o(i.LL_Set_Extended_Scan_Enable_ucfg_weak)
 <LI><a href="#[3a]">LL_escan_EscanIsr1MPhy</a> from ll_ext_scan.o(i.LL_escan_EscanIsr1MPhy) referenced from ll_ext_scan.o(i.LL_Set_Extended_Scan_Enable_ucfg_weak)
 <LI><a href="#[3c]">LL_escan_EscanSkipRoutine1MPhy</a> from ll_ext_scan.o(i.LL_escan_EscanSkipRoutine1MPhy) referenced from ll_ext_scan.o(i.LL_Set_Extended_Scan_Enable_ucfg_weak)
 <LI><a href="#[44]">LL_feature_exchange</a> from ll_cpf_feature_exchange.o(i.LL_feature_exchange) referenced from ll_cpe.o(i.LL_cpe_init)
 <LI><a href="#[2b]">LL_priv_notallow_resolvinglistaccess_function</a> from ll_ext_adv.o(i.LL_priv_notallow_resolvinglistaccess_function) referenced from ll_ext_adv.o(i.EADV_init)
 <LI><a href="#[62]">LL_priv_u8OfflineProcessing_ucfg</a> from ll_privacy.o(i.LL_priv_u8OfflineProcessing_ucfg_weak) referenced from stacklib_tasks.o(.constdata)
 <LI><a href="#[45]">LL_version_exchange</a> from ll_cpf_version_exchange.o(i.LL_version_exchange) referenced from ll_cpe.o(i.LL_cpe_init)
 <LI><a href="#[17]">LPUART1_IRQHandler</a> from system_bluenrg_lp.o(i.LPUART1_IRQHandler) referenced from system_bluenrg_lp.o(.intvec)
 <LI><a href="#[24]">MR_BLE_IRQHandler</a> from system_bluenrg_lp.o(i.MR_BLE_IRQHandler) referenced from system_bluenrg_lp.o(.intvec)
 <LI><a href="#[9]">NMI_IRQHandler</a> from bluenrg_lp_it.o(i.NMI_IRQHandler) referenced from system_bluenrg_lp.o(.intvec)
 <LI><a href="#[1b]">PKA_IRQHandler</a> from pka_manager_bluenrg_lp.o(i.PKA_IRQHandler) referenced from system_bluenrg_lp.o(.intvec)
 <LI><a href="#[2a]">PRIV_offline_callbackr</a> from ll_ext_adv.o(i.PRIV_offline_callbackr) referenced from ll_ext_adv.o(i.EADV_init)
 <LI><a href="#[10]">PVD_IRQHandler</a> from system_bluenrg_lp.o(i.PVD_IRQHandler) referenced from system_bluenrg_lp.o(.intvec)
 <LI><a href="#[c]">PendSV_IRQHandler</a> from system_bluenrg_lp.o(i.PendSV_IRQHandler) referenced from system_bluenrg_lp.o(.intvec)
 <LI><a href="#[4f]">Process_InputData</a> from serial_port.o(i.Process_InputData) referenced from ble_serialport_main.o(i.main)
 <LI><a href="#[23]">RADIO_CTRL_IRQHandler</a> from system_bluenrg_lp.o(i.RADIO_CTRL_IRQHandler) referenced from system_bluenrg_lp.o(.intvec)
 <LI><a href="#[f]">RCC_IRQHandler</a> from system_bluenrg_lp.o(i.RCC_IRQHandler) referenced from system_bluenrg_lp.o(.intvec)
 <LI><a href="#[8]">RESET_HANDLER</a> from system_bluenrg_lp.o(i.RESET_HANDLER) referenced from system_bluenrg_lp.o(.intvec)
 <LI><a href="#[19]">RTC_IRQHandler</a> from system_bluenrg_lp.o(i.RTC_IRQHandler) referenced from system_bluenrg_lp.o(.intvec)
 <LI><a href="#[60]">SMP_process_pending_rx_packets_tsk</a> from securitymgr.o(i.SMP_process_pending_rx_packets_tsk) referenced from stacklib_tasks.o(.constdata)
 <LI><a href="#[5e]">SMP_process_sc_ecc_pk_generation_tsk_ucfg</a> from securitymgr.o(i.SMP_process_sc_ecc_pk_generation_tsk_ucfg_weak) referenced from stacklib_tasks.o(.constdata)
 <LI><a href="#[5f]">SMP_process_state_transition_actions_tsk</a> from securitymgr.o(i.SMP_process_state_transition_actions_tsk) referenced from stacklib_tasks.o(.constdata)
 <LI><a href="#[13]">SPI1_IRQHandler</a> from system_bluenrg_lp.o(i.SPI1_IRQHandler) referenced from system_bluenrg_lp.o(.intvec)
 <LI><a href="#[14]">SPI2_IRQHandler</a> from system_bluenrg_lp.o(i.SPI2_IRQHandler) referenced from system_bluenrg_lp.o(.intvec)
 <LI><a href="#[15]">SPI3_IRQHandler</a> from system_bluenrg_lp.o(i.SPI3_IRQHandler) referenced from system_bluenrg_lp.o(.intvec)
 <LI><a href="#[b]">SVC_IRQHandler</a> from bluenrg_lp_it.o(i.SVC_IRQHandler) referenced from system_bluenrg_lp.o(.intvec)
 <LI><a href="#[d]">SysTick_IRQHandler</a> from bluenrg_lp_it.o(i.SysTick_IRQHandler) referenced from system_bluenrg_lp.o(.intvec)
 <LI><a href="#[18]">TIM1_IRQHandler</a> from system_bluenrg_lp.o(i.TIM1_IRQHandler) referenced from system_bluenrg_lp.o(.intvec)
 <LI><a href="#[1c]">UPCONV_IRQHandler</a> from system_bluenrg_lp.o(i.UPCONV_IRQHandler) referenced from system_bluenrg_lp.o(.intvec)
 <LI><a href="#[16]">USART1_IRQHandler</a> from bluenrg_lp_it.o(i.USART1_IRQHandler) referenced from system_bluenrg_lp.o(.intvec)
 <LI><a href="#[29]">_printf_input_char</a> from _printf_char_common.o(.text) referenced from _printf_char_common.o(.text)
 <LI><a href="#[a9]">aci_att_clt_exec_write_resp_event_cb</a> from events_gatt.o(i.aci_att_clt_exec_write_resp_event_cb) referenced from events_int.o(.constdata)
 <LI><a href="#[a2]">aci_att_clt_find_by_type_value_resp_event_cb</a> from events_gatt.o(i.aci_att_clt_find_by_type_value_resp_event_cb) referenced from events_int.o(.constdata)
 <LI><a href="#[a1]">aci_att_clt_find_info_resp_event_cb</a> from events_gatt.o(i.aci_att_clt_find_info_resp_event_cb) referenced from events_int.o(.constdata)
 <LI><a href="#[a8]">aci_att_clt_prepare_write_resp_event_cb</a> from events_gatt.o(i.aci_att_clt_prepare_write_resp_event_cb) referenced from events_int.o(.constdata)
 <LI><a href="#[a5]">aci_att_clt_read_blob_resp_event_cb</a> from events_gatt.o(i.aci_att_clt_read_blob_resp_event_cb) referenced from events_int.o(.constdata)
 <LI><a href="#[a7]">aci_att_clt_read_by_group_type_resp_event_cb</a> from events_gatt.o(i.aci_att_clt_read_by_group_type_resp_event_cb) referenced from events_int.o(.constdata)
 <LI><a href="#[a3]">aci_att_clt_read_by_type_resp_event_cb</a> from events_gatt.o(i.aci_att_clt_read_by_type_resp_event_cb) referenced from events_int.o(.constdata)
 <LI><a href="#[a6]">aci_att_clt_read_multiple_resp_event_cb</a> from events_gatt.o(i.aci_att_clt_read_multiple_resp_event_cb) referenced from events_int.o(.constdata)
 <LI><a href="#[a4]">aci_att_clt_read_resp_event_cb</a> from events_gatt.o(i.aci_att_clt_read_resp_event_cb) referenced from events_int.o(.constdata)
 <LI><a href="#[a0]">aci_att_exchange_mtu_resp_event_cb</a> from events_gatt.o(i.aci_att_exchange_mtu_resp_event_cb) referenced from events_int.o(.constdata)
 <LI><a href="#[b4]">aci_att_srv_exec_write_req_event_cb</a> from events_gatt.o(i.aci_att_srv_exec_write_req_event_cb) referenced from events_int.o(.constdata)
 <LI><a href="#[b3]">aci_att_srv_prepare_write_req_event_cb</a> from events_gatt.o(i.aci_att_srv_prepare_write_req_event_cb) referenced from events_int.o(.constdata)
 <LI><a href="#[92]">aci_gap_addr_not_resolved_event_cb</a> from events_gap.o(i.aci_gap_addr_not_resolved_event_cb) referenced from events_int.o(.constdata)
 <LI><a href="#[90]">aci_gap_bond_lost_event_cb</a> from events_smp.o(i.aci_gap_bond_lost_event_cb) referenced from events_int.o(.constdata)
 <LI><a href="#[94]">aci_gap_keypress_notification_event_cb_ucfg</a> from events_smp.o(i.aci_gap_keypress_notification_event_cb_ucfg_weak) referenced from events_int.o(.constdata)
 <LI><a href="#[8c]">aci_gap_limited_discoverable_event_cb</a> from events_gap.o(i.aci_gap_limited_discoverable_event_cb) referenced from events_int.o(.constdata)
[...]
</UL>
<BR>[Calls]<UL><LI><a href="#[263]">&gt;&gt;</a>&nbsp;&nbsp;&nbsp;PM_Resize_Pckt_Pdu_Size
<LI><a href="#[24c]">&gt;&gt;</a>&nbsp;&nbsp;&nbsp;GAT_att_cmn_stop_timer
<LI><a href="#[257]">&gt;&gt;</a>&nbsp;&nbsp;&nbsp;GAT_att_cmn_send
</UL>
<BR>[Called By]<UL><LI><a href="#[298]">&gt;&gt;</a>&nbsp;&nbsp;&nbsp;GAT_att_srv_resp
<LI><a href="#[291]">&gt;&gt;</a>&nbsp;&nbsp;&nbsp;GAT_att_srv_run
</UL>

<P><STRONG><a name="[290]"></a>GAT_att_srv_set_attr_value_check</STRONG> (Thumb, 52 bytes, Stack size unknown bytes, gat_att_srv.o(i.GAT_att_srv_set_attr_value_check))
<BR><BR>[Stack]<UL><LI>Max Depth = 16 + Unknown Stack Size
<LI>Call Chain = GAT_att_srv_set_attr_value_check &rArr; GAT_srv_check_change_aware &rArr; GAT_srv_find_by_type_attr_p &rArr; UUID_cmp &rArr; Osal_MemCmp &rArr; memcmp
</UL>
<BR>[Calls]<UL><LI><a href="#[295]">&gt;&gt;</a>&nbsp;&nbsp;&nbsp;GAT_srv_check_perms
<LI><a href="#[287]">&gt;&gt;</a>&nbsp;&nbsp;&nbsp;GAT_srv_check_change_aware
<LI><a href="#[294]">&gt;&gt;</a>&nbsp;&nbsp;&nbsp;GAT_srv_find_by_handle_p
</UL>
<BR>[Called By]<UL><LI><a href="#[ca]">&gt;&gt;</a>&nbsp;&nbsp;&nbsp;GAT_att_srv_write_exc
<LI><a href="#[cb]">&gt;&gt;</a>&nbsp;&nbsp;&nbsp;GAT_att_srv_prep_wr_exc
</UL>

<P><STRONG><a name="[289]"></a>GAT_att_srv_value_read</STRONG> (Thumb, 114 bytes, Stack size unknown bytes, gat_att_srv.o(i.GAT_att_srv_value_read))
<BR><BR>[Stack]<UL><LI>Max Depth = 8 + Unknown Stack Size
<LI>Call Chain = GAT_att_srv_value_read &rArr; GAT_srv_attr_value_read &rArr; GAT_srv_get_attr_value &rArr; __ARM_common_switch8
</UL>
<BR>[Calls]<UL><LI><a href="#[29a]">&gt;&gt;</a>&nbsp;&nbsp;&nbsp;GAT_srv_attr_value_read
<LI><a href="#[297]">&gt;&gt;</a>&nbsp;&nbsp;&nbsp;aci_gatt_srv_read_event_push
</UL>
<BR>[Called By]<UL><LI><a href="#[c8]">&gt;&gt;</a>&nbsp;&nbsp;&nbsp;GAT_att_srv_read_exc
<LI><a href="#[c7]">&gt;&gt;</a>&nbsp;&nbsp;&nbsp;GAT_att_srv_read_by_type_exc
<LI><a href="#[c6]">&gt;&gt;</a>&nbsp;&nbsp;&nbsp;GAT_att_srv_find_by_type_val_exc
</UL>

<P><STRONG><a name="[280]"></a>GAT_att_srv_write_err_packet</STRONG> (Thumb, 50 bytes, Stack size unknown bytes, gat_att_srv.o(i.GAT_att_srv_write_err_packet))
<BR><BR>[Calls]<UL><LI><a href="#[16f]">&gt;&gt;</a>&nbsp;&nbsp;&nbsp;Osal_MemCpy
</UL>
<BR>[Called By]<UL><LI><a href="#[262]">&gt;&gt;</a>&nbsp;&nbsp;&nbsp;GAT_att_srv_rcv
<LI><a href="#[298]">&gt;&gt;</a>&nbsp;&nbsp;&nbsp;GAT_att_srv_resp
<LI><a href="#[ca]">&gt;&gt;</a>&nbsp;&nbsp;&nbsp;GAT_att_srv_write_exc
<LI><a href="#[c9]">&gt;&gt;</a>&nbsp;&nbsp;&nbsp;GAT_att_srv_read_multi_exc
<LI><a href="#[c8]">&gt;&gt;</a>&nbsp;&nbsp;&nbsp;GAT_att_srv_read_exc
<LI><a href="#[c7]">&gt;&gt;</a>&nbsp;&nbsp;&nbsp;GAT_att_srv_read_by_type_exc
<LI><a href="#[cb]">&gt;&gt;</a>&nbsp;&nbsp;&nbsp;GAT_att_srv_prep_wr_exc
<LI><a href="#[c5]">&gt;&gt;</a>&nbsp;&nbsp;&nbsp;GAT_att_srv_find_info_exc
<LI><a href="#[c6]">&gt;&gt;</a>&nbsp;&nbsp;&nbsp;GAT_att_srv_find_by_type_val_exc
<LI><a href="#[27e]">&gt;&gt;</a>&nbsp;&nbsp;&nbsp;GAT_att_srv_common_check
</UL>

<P><STRONG><a name="[ca]"></a>GAT_att_srv_write_exc</STRONG> (Thumb, 230 bytes, Stack size unknown bytes, gat_att_srv.o(i.GAT_att_srv_write_exc))
<BR><BR>[Stack]<UL><LI>Max Depth = 24 + Unknown Stack Size
<LI>Call Chain = GAT_att_srv_write_exc &rArr; SMP_validate_signed_packet &rArr; sma_CMAC_generate_tag &rArr; hci_le_encrypt &rArr; BLEPLAT_aes128_encrypt &rArr; AESMGR_Encrypt
</UL>
<BR>[Calls]<UL><LI><a href="#[16f]">&gt;&gt;</a>&nbsp;&nbsp;&nbsp;Osal_MemCpy
<LI><a href="#[29c]">&gt;&gt;</a>&nbsp;&nbsp;&nbsp;GAT_srv_attr_value_write
<LI><a href="#[12e]">&gt;&gt;</a>&nbsp;&nbsp;&nbsp;aci_event_fifo_push_header
<LI><a href="#[12f]">&gt;&gt;</a>&nbsp;&nbsp;&nbsp;aci_event_fifo_push
<LI><a href="#[29b]">&gt;&gt;</a>&nbsp;&nbsp;&nbsp;SMP_validate_signed_packet
<LI><a href="#[280]">&gt;&gt;</a>&nbsp;&nbsp;&nbsp;GAT_att_srv_write_err_packet
<LI><a href="#[290]">&gt;&gt;</a>&nbsp;&nbsp;&nbsp;GAT_att_srv_set_attr_value_check
</UL>
<BR>[Address Reference Count : 1]<UL><LI> gat_att_srv.o(.constdata)
</UL>
<P><STRONG><a name="[294]"></a>GAT_srv_find_by_handle_p</STRONG> (Thumb, 8 bytes, Stack size unknown bytes, gat_att_srv.o(i.GAT_srv_find_by_handle_p))
<BR><BR>[Calls]<UL><LI><a href="#[270]">&gt;&gt;</a>&nbsp;&nbsp;&nbsp;GAT_att_db_find_by_handle
</UL>
<BR>[Called By]<UL><LI><a href="#[290]">&gt;&gt;</a>&nbsp;&nbsp;&nbsp;GAT_att_srv_set_attr_value_check
<LI><a href="#[c9]">&gt;&gt;</a>&nbsp;&nbsp;&nbsp;GAT_att_srv_read_multi_exc
<LI><a href="#[c8]">&gt;&gt;</a>&nbsp;&nbsp;&nbsp;GAT_att_srv_read_exc
</UL>

<P><STRONG><a name="[27d]"></a>PM_Get_Host_Pckt</STRONG> (Thumb, 16 bytes, Stack size unknown bytes, gat_att_srv.o(i.PM_Get_Host_Pckt))
<BR><BR>[Calls]<UL><LI><a href="#[256]">&gt;&gt;</a>&nbsp;&nbsp;&nbsp;PM_Get_Pckt
</UL>
<BR>[Called By]<UL><LI><a href="#[28e]">&gt;&gt;</a>&nbsp;&nbsp;&nbsp;GAT_att_srv_hvtx
<LI><a href="#[262]">&gt;&gt;</a>&nbsp;&nbsp;&nbsp;GAT_att_srv_rcv
<LI><a href="#[27e]">&gt;&gt;</a>&nbsp;&nbsp;&nbsp;GAT_att_srv_common_check
<LI><a href="#[27b]">&gt;&gt;</a>&nbsp;&nbsp;&nbsp;GAT_att_srv_alloc_resp_packt
</UL>

<P><STRONG><a name="[297]"></a>aci_gatt_srv_read_event_push</STRONG> (Thumb, 64 bytes, Stack size unknown bytes, gat_att_srv.o(i.aci_gatt_srv_read_event_push))
<BR><BR>[Calls]<UL><LI><a href="#[12e]">&gt;&gt;</a>&nbsp;&nbsp;&nbsp;aci_event_fifo_push_header
<LI><a href="#[12f]">&gt;&gt;</a>&nbsp;&nbsp;&nbsp;aci_event_fifo_push
</UL>
<BR>[Called By]<UL><LI><a href="#[289]">&gt;&gt;</a>&nbsp;&nbsp;&nbsp;GAT_att_srv_value_read
<LI><a href="#[c9]">&gt;&gt;</a>&nbsp;&nbsp;&nbsp;GAT_att_srv_read_multi_exc
</UL>

<P><STRONG><a name="[285]"></a>aci_hal_fw_error_event_push</STRONG> (Thumb, 96 bytes, Stack size unknown bytes, gat_att_srv.o(i.aci_hal_fw_error_event_push))
<BR><BR>[Calls]<UL><LI><a href="#[16f]">&gt;&gt;</a>&nbsp;&nbsp;&nbsp;Osal_MemCpy
<LI><a href="#[12e]">&gt;&gt;</a>&nbsp;&nbsp;&nbsp;aci_event_fifo_push_header
<LI><a href="#[12f]">&gt;&gt;</a>&nbsp;&nbsp;&nbsp;aci_event_fifo_push
</UL>
<BR>[Called By]<UL><LI><a href="#[262]">&gt;&gt;</a>&nbsp;&nbsp;&nbsp;GAT_att_srv_rcv
<LI><a href="#[c4]">&gt;&gt;</a>&nbsp;&nbsp;&nbsp;GAT_att_srv_exchange_mtu_exc
</UL>

<P><STRONG><a name="[29d]"></a>GAT_clt_disc_all_descr_resp</STRONG> (Thumb, 90 bytes, Stack size unknown bytes, gat_clt.o(i.GAT_clt_disc_all_descr_resp))
<BR><BR>[Calls]<UL><LI><a href="#[12e]">&gt;&gt;</a>&nbsp;&nbsp;&nbsp;aci_event_fifo_push_header
<LI><a href="#[12f]">&gt;&gt;</a>&nbsp;&nbsp;&nbsp;aci_event_fifo_push
<LI><a href="#[29e]">&gt;&gt;</a>&nbsp;&nbsp;&nbsp;GAT_clt_stop_proc
<LI><a href="#[241]">&gt;&gt;</a>&nbsp;&nbsp;&nbsp;GAT_att_clt_find_info_get_last_attr_h
</UL>
<BR>[Called By]<UL><LI><a href="#[2e]">&gt;&gt;</a>&nbsp;&nbsp;&nbsp;GAT_clt_rcv
</UL>

<P><STRONG><a name="[29f]"></a>GAT_clt_disc_all_prim_srv_resp</STRONG> (Thumb, 90 bytes, Stack size unknown bytes, gat_clt.o(i.GAT_clt_disc_all_prim_srv_resp))
<BR><BR>[Calls]<UL><LI><a href="#[12e]">&gt;&gt;</a>&nbsp;&nbsp;&nbsp;aci_event_fifo_push_header
<LI><a href="#[12f]">&gt;&gt;</a>&nbsp;&nbsp;&nbsp;aci_event_fifo_push
<LI><a href="#[29e]">&gt;&gt;</a>&nbsp;&nbsp;&nbsp;GAT_clt_stop_proc
<LI><a href="#[252]">&gt;&gt;</a>&nbsp;&nbsp;&nbsp;GAT_att_clt_read_grp_type_get_last_attr_h
</UL>
<BR>[Called By]<UL><LI><a href="#[2e]">&gt;&gt;</a>&nbsp;&nbsp;&nbsp;GAT_clt_rcv
</UL>

<P><STRONG><a name="[2a2]"></a>GAT_clt_disc_chr_by_uuid_resp</STRONG> (Thumb, 168 bytes, Stack size unknown bytes, gat_clt.o(i.GAT_clt_disc_chr_by_uuid_resp))
<BR><BR>[Stack]<UL><LI>Max Depth = 16 + Unknown Stack Size
<LI>Call Chain = GAT_clt_disc_chr_by_uuid_resp &rArr; UUID_cmp_128bits &rArr; Osal_MemCmp &rArr; memcmp
</UL>
<BR>[Calls]<UL><LI><a href="#[16f]">&gt;&gt;</a>&nbsp;&nbsp;&nbsp;Osal_MemCpy
<LI><a href="#[24e]">&gt;&gt;</a>&nbsp;&nbsp;&nbsp;PM_Release_Acl_Pckt
<LI><a href="#[2a3]">&gt;&gt;</a>&nbsp;&nbsp;&nbsp;UUID_cmp_128bits
<LI><a href="#[2a4]">&gt;&gt;</a>&nbsp;&nbsp;&nbsp;aci_gatt_clt_disc_read_char_by_uuid_resp_event_push
<LI><a href="#[29e]">&gt;&gt;</a>&nbsp;&nbsp;&nbsp;GAT_clt_stop_proc
<LI><a href="#[253]">&gt;&gt;</a>&nbsp;&nbsp;&nbsp;GAT_att_clt_read_type_get_data
</UL>
<BR>[Called By]<UL><LI><a href="#[2e]">&gt;&gt;</a>&nbsp;&nbsp;&nbsp;GAT_clt_rcv
</UL>

<P><STRONG><a name="[2a5]"></a>GAT_clt_disc_prim_srv_by_uuid_resp</STRONG> (Thumb, 90 bytes, Stack size unknown bytes, gat_clt.o(i.GAT_clt_disc_prim_srv_by_uuid_resp))
<BR><BR>[Calls]<UL><LI><a href="#[12e]">&gt;&gt;</a>&nbsp;&nbsp;&nbsp;aci_event_fifo_push_header
<LI><a href="#[12f]">&gt;&gt;</a>&nbsp;&nbsp;&nbsp;aci_event_fifo_push
<LI><a href="#[29e]">&gt;&gt;</a>&nbsp;&nbsp;&nbsp;GAT_clt_stop_proc
<LI><a href="#[243]">&gt;&gt;</a>&nbsp;&nbsp;&nbsp;GAT_att_clt_find_type_val_get_last_attr_h
</UL>
<BR>[Called By]<UL><LI><a href="#[2e]">&gt;&gt;</a>&nbsp;&nbsp;&nbsp;GAT_clt_rcv
</UL>

<P><STRONG><a name="[2a7]"></a>GAT_clt_error_resp</STRONG> (Thumb, 186 bytes, Stack size unknown bytes, gat_clt.o(i.GAT_clt_error_resp))
<BR><BR>[Calls]<UL><LI><a href="#[24e]">&gt;&gt;</a>&nbsp;&nbsp;&nbsp;PM_Release_Acl_Pckt
<LI><a href="#[2a8]">&gt;&gt;</a>&nbsp;&nbsp;&nbsp;GAP_started_gatt_proc
<LI><a href="#[12e]">&gt;&gt;</a>&nbsp;&nbsp;&nbsp;aci_event_fifo_push_header
<LI><a href="#[12f]">&gt;&gt;</a>&nbsp;&nbsp;&nbsp;aci_event_fifo_push
<LI><a href="#[29e]">&gt;&gt;</a>&nbsp;&nbsp;&nbsp;GAT_clt_stop_proc
<LI><a href="#[247]">&gt;&gt;</a>&nbsp;&nbsp;&nbsp;GAT_att_clt_parse_error_resp
</UL>
<BR>[Called By]<UL><LI><a href="#[2e]">&gt;&gt;</a>&nbsp;&nbsp;&nbsp;GAT_clt_rcv
</UL>

<P><STRONG><a name="[2a9]"></a>GAT_clt_exchange_mtu_resp</STRONG> (Thumb, 244 bytes, Stack size unknown bytes, gat_clt.o(i.GAT_clt_exchange_mtu_resp))
<BR><BR>[Calls]<UL><LI><a href="#[16f]">&gt;&gt;</a>&nbsp;&nbsp;&nbsp;Osal_MemCpy
<LI><a href="#[24e]">&gt;&gt;</a>&nbsp;&nbsp;&nbsp;PM_Release_Acl_Pckt
<LI><a href="#[12e]">&gt;&gt;</a>&nbsp;&nbsp;&nbsp;aci_event_fifo_push_header
<LI><a href="#[12f]">&gt;&gt;</a>&nbsp;&nbsp;&nbsp;aci_event_fifo_push
<LI><a href="#[29e]">&gt;&gt;</a>&nbsp;&nbsp;&nbsp;GAT_clt_stop_proc
</UL>
<BR>[Called By]<UL><LI><a href="#[2e]">&gt;&gt;</a>&nbsp;&nbsp;&nbsp;GAT_clt_rcv
</UL>

<P><STRONG><a name="[7]"></a>GAT_clt_exec_empty</STRONG> (Thumb, 2 bytes, Stack size unknown bytes, gat_clt.o(i.GAT_clt_exec_empty))
<BR>[Address Reference Count : 1]<UL><LI> gat_clt.o(.data)
</UL>
<P><STRONG><a name="[33]"></a>GAT_clt_exec_full</STRONG> (Thumb, 188 bytes, Stack size unknown bytes, gat_clt.o(i.GAT_clt_exec_full))
<BR><BR>[Stack]<UL><LI>Max Depth = 176 + Unknown Stack Size
<LI>Call Chain = GAT_clt_exec_full &rArr; GAT_clt_exec_proc &rArr; GAT_att_clt_tx &rArr; GAT_att_cmn_send &rArr; L2C_send_frame &rArr; Acl_Transmit_Data &rArr; LL_Send_ACL_Data &rArr; LL_conn_slave_latency_cancelation &rArr; LL_sched_engine &rArr; HAL_VTIMER_SetRadioTimerValue &rArr; _virtualTimeBaseEnable &rArr; HAL_VTIMER_StopTimer &rArr; _update_user_timeout &rArr; _check_radio_activity &rArr; TIMER_SetRadioTimerValue &rArr; get_system_time_and_machine
</UL>
<BR>[Calls]<UL><LI><a href="#[17d]">&gt;&gt;</a>&nbsp;&nbsp;&nbsp;tsk_notify_idx
<LI><a href="#[12e]">&gt;&gt;</a>&nbsp;&nbsp;&nbsp;aci_event_fifo_push_header
<LI><a href="#[12f]">&gt;&gt;</a>&nbsp;&nbsp;&nbsp;aci_event_fifo_push
<LI><a href="#[2aa]">&gt;&gt;</a>&nbsp;&nbsp;&nbsp;GAT_clt_exec_proc
</UL>
<BR>[Address Reference Count : 1]<UL><LI> gat_clt.o(i.GAT_clt_start_proc)
</UL>
<P><STRONG><a name="[2aa]"></a>GAT_clt_exec_proc</STRONG> (Thumb, 36 bytes, Stack size unknown bytes, gat_clt.o(i.GAT_clt_exec_proc))
<BR><BR>[Stack]<UL><LI>Max Depth = 176 + Unknown Stack Size
<LI>Call Chain = GAT_clt_exec_proc &rArr; GAT_att_clt_tx &rArr; GAT_att_cmn_send &rArr; L2C_send_frame &rArr; Acl_Transmit_Data &rArr; LL_Send_ACL_Data &rArr; LL_conn_slave_latency_cancelation &rArr; LL_sched_engine &rArr; HAL_VTIMER_SetRadioTimerValue &rArr; _virtualTimeBaseEnable &rArr; HAL_VTIMER_StopTimer &rArr; _update_user_timeout &rArr; _check_radio_activity &rArr; TIMER_SetRadioTimerValue &rArr; get_system_time_and_machine
</UL>
<BR>[Calls]<UL><LI><a href="#[255]">&gt;&gt;</a>&nbsp;&nbsp;&nbsp;GAT_att_clt_tx
<LI><a href="#[2ab]">&gt;&gt;</a>&nbsp;&nbsp;&nbsp;GAT_clt_fill_tx_par
</UL>
<BR>[Called By]<UL><LI><a href="#[2a1]">&gt;&gt;</a>&nbsp;&nbsp;&nbsp;GAT_clt_start_proc
<LI><a href="#[33]">&gt;&gt;</a>&nbsp;&nbsp;&nbsp;GAT_clt_exec_full
</UL>

<P><STRONG><a name="[2ab]"></a>GAT_clt_fill_tx_par</STRONG> (Thumb, 314 bytes, Stack size unknown bytes, gat_clt.o(i.GAT_clt_fill_tx_par))
<BR><BR>[Stack]<UL><LI>Max Depth = 8 + Unknown Stack Size
<LI>Call Chain = GAT_clt_fill_tx_par &rArr; __ARM_common_switch8
</UL>
<BR>[Calls]<UL><LI><a href="#[238]">&gt;&gt;</a>&nbsp;&nbsp;&nbsp;__ARM_common_switch8
<LI><a href="#[24b]">&gt;&gt;</a>&nbsp;&nbsp;&nbsp;GAT_att_cmn_get_conn_descr_p
</UL>
<BR>[Called By]<UL><LI><a href="#[2aa]">&gt;&gt;</a>&nbsp;&nbsp;&nbsp;GAT_clt_exec_proc
</UL>

<P><STRONG><a name="[2a6]"></a>GAT_clt_get_proc_per_chandle</STRONG> (Thumb, 24 bytes, Stack size unknown bytes, gat_clt.o(i.GAT_clt_get_proc_per_chandle))
<BR><BR>[Called By]<UL><LI><a href="#[2a1]">&gt;&gt;</a>&nbsp;&nbsp;&nbsp;GAT_clt_start_proc
<LI><a href="#[24d]">&gt;&gt;</a>&nbsp;&nbsp;&nbsp;GAT_clt_rcv_corrupted
<LI><a href="#[2e]">&gt;&gt;</a>&nbsp;&nbsp;&nbsp;GAT_clt_rcv
<LI><a href="#[23c]">&gt;&gt;</a>&nbsp;&nbsp;&nbsp;GAT_clt_disconnection
</UL>

<P><STRONG><a name="[2ad]"></a>GAT_clt_read_attr_resp</STRONG> (Thumb, 72 bytes, Stack size unknown bytes, gat_clt.o(i.GAT_clt_read_attr_resp))
<BR><BR>[Calls]<UL><LI><a href="#[12e]">&gt;&gt;</a>&nbsp;&nbsp;&nbsp;aci_event_fifo_push_header
<LI><a href="#[12f]">&gt;&gt;</a>&nbsp;&nbsp;&nbsp;aci_event_fifo_push
<LI><a href="#[29e]">&gt;&gt;</a>&nbsp;&nbsp;&nbsp;GAT_clt_stop_proc
</UL>
<BR>[Called By]<UL><LI><a href="#[2e]">&gt;&gt;</a>&nbsp;&nbsp;&nbsp;GAT_clt_rcv
</UL>

<P><STRONG><a name="[2ae]"></a>GAT_clt_read_chr_by_uuid_resp</STRONG> (Thumb, 112 bytes, Stack size unknown bytes, gat_clt.o(i.GAT_clt_read_chr_by_uuid_resp))
<BR><BR>[Calls]<UL><LI><a href="#[24e]">&gt;&gt;</a>&nbsp;&nbsp;&nbsp;PM_Release_Acl_Pckt
<LI><a href="#[242]">&gt;&gt;</a>&nbsp;&nbsp;&nbsp;PM_Copy_Pckt_Data
<LI><a href="#[2a8]">&gt;&gt;</a>&nbsp;&nbsp;&nbsp;GAP_started_gatt_proc
<LI><a href="#[222]">&gt;&gt;</a>&nbsp;&nbsp;&nbsp;GAP_internal_evt_handler
<LI><a href="#[2a4]">&gt;&gt;</a>&nbsp;&nbsp;&nbsp;aci_gatt_clt_disc_read_char_by_uuid_resp_event_push
<LI><a href="#[29e]">&gt;&gt;</a>&nbsp;&nbsp;&nbsp;GAT_clt_stop_proc
</UL>
<BR>[Called By]<UL><LI><a href="#[2e]">&gt;&gt;</a>&nbsp;&nbsp;&nbsp;GAT_clt_rcv
</UL>

<P><STRONG><a name="[2af]"></a>GAT_clt_read_long_attr_resp</STRONG> (Thumb, 90 bytes, Stack size unknown bytes, gat_clt.o(i.GAT_clt_read_long_attr_resp))
<BR><BR>[Calls]<UL><LI><a href="#[12e]">&gt;&gt;</a>&nbsp;&nbsp;&nbsp;aci_event_fifo_push_header
<LI><a href="#[12f]">&gt;&gt;</a>&nbsp;&nbsp;&nbsp;aci_event_fifo_push
<LI><a href="#[29e]">&gt;&gt;</a>&nbsp;&nbsp;&nbsp;GAT_clt_stop_proc
</UL>
<BR>[Called By]<UL><LI><a href="#[2e]">&gt;&gt;</a>&nbsp;&nbsp;&nbsp;GAT_clt_rcv
</UL>

<P><STRONG><a name="[2b0]"></a>GAT_clt_read_multi_char_resp</STRONG> (Thumb, 72 bytes, Stack size unknown bytes, gat_clt.o(i.GAT_clt_read_multi_char_resp))
<BR><BR>[Calls]<UL><LI><a href="#[12e]">&gt;&gt;</a>&nbsp;&nbsp;&nbsp;aci_event_fifo_push_header
<LI><a href="#[12f]">&gt;&gt;</a>&nbsp;&nbsp;&nbsp;aci_event_fifo_push
<LI><a href="#[29e]">&gt;&gt;</a>&nbsp;&nbsp;&nbsp;GAT_clt_stop_proc
</UL>
<BR>[Called By]<UL><LI><a href="#[2e]">&gt;&gt;</a>&nbsp;&nbsp;&nbsp;GAT_clt_rcv
</UL>

<P><STRONG><a name="[29e]"></a>GAT_clt_stop_proc</STRONG> (Thumb, 18 bytes, Stack size unknown bytes, gat_clt.o(i.GAT_clt_stop_proc))
<BR><BR>[Calls]<UL><LI><a href="#[17d]">&gt;&gt;</a>&nbsp;&nbsp;&nbsp;tsk_notify_idx
</UL>
<BR>[Called By]<UL><LI><a href="#[2b1]">&gt;&gt;</a>&nbsp;&nbsp;&nbsp;GAT_clt_write_long_resp
<LI><a href="#[2b0]">&gt;&gt;</a>&nbsp;&nbsp;&nbsp;GAT_clt_read_multi_char_resp
<LI><a href="#[2af]">&gt;&gt;</a>&nbsp;&nbsp;&nbsp;GAT_clt_read_long_attr_resp
<LI><a href="#[2ae]">&gt;&gt;</a>&nbsp;&nbsp;&nbsp;GAT_clt_read_chr_by_uuid_resp
<LI><a href="#[2ad]">&gt;&gt;</a>&nbsp;&nbsp;&nbsp;GAT_clt_read_attr_resp
<LI><a href="#[2a9]">&gt;&gt;</a>&nbsp;&nbsp;&nbsp;GAT_clt_exchange_mtu_resp
<LI><a href="#[2a7]">&gt;&gt;</a>&nbsp;&nbsp;&nbsp;GAT_clt_error_resp
<LI><a href="#[2a5]">&gt;&gt;</a>&nbsp;&nbsp;&nbsp;GAT_clt_disc_prim_srv_by_uuid_resp
<LI><a href="#[2a2]">&gt;&gt;</a>&nbsp;&nbsp;&nbsp;GAT_clt_disc_chr_by_uuid_resp
<LI><a href="#[29f]">&gt;&gt;</a>&nbsp;&nbsp;&nbsp;GAT_clt_disc_all_prim_srv_resp
<LI><a href="#[29d]">&gt;&gt;</a>&nbsp;&nbsp;&nbsp;GAT_clt_disc_all_descr_resp
<LI><a href="#[2e]">&gt;&gt;</a>&nbsp;&nbsp;&nbsp;GAT_clt_rcv
</UL>

<P><STRONG><a name="[2b1]"></a>GAT_clt_write_long_resp</STRONG> (Thumb, 328 bytes, Stack size unknown bytes, gat_clt.o(i.GAT_clt_write_long_resp))
<BR><BR>[Stack]<UL><LI>Max Depth = 16 + Unknown Stack Size
<LI>Call Chain = GAT_clt_write_long_resp &rArr; GAT_att_clt_prep_wr_cmp_data &rArr; PM_Pckt_Cmp &rArr; Mem_Buff_cmp &rArr; Osal_MemCmp &rArr; memcmp
</UL>
<BR>[Calls]<UL><LI><a href="#[16f]">&gt;&gt;</a>&nbsp;&nbsp;&nbsp;Osal_MemCpy
<LI><a href="#[24e]">&gt;&gt;</a>&nbsp;&nbsp;&nbsp;PM_Release_Acl_Pckt
<LI><a href="#[12e]">&gt;&gt;</a>&nbsp;&nbsp;&nbsp;aci_event_fifo_push_header
<LI><a href="#[12f]">&gt;&gt;</a>&nbsp;&nbsp;&nbsp;aci_event_fifo_push
<LI><a href="#[29e]">&gt;&gt;</a>&nbsp;&nbsp;&nbsp;GAT_clt_stop_proc
<LI><a href="#[248]">&gt;&gt;</a>&nbsp;&nbsp;&nbsp;GAT_att_clt_prep_wr_cmp_data
</UL>
<BR>[Called By]<UL><LI><a href="#[2e]">&gt;&gt;</a>&nbsp;&nbsp;&nbsp;GAT_clt_rcv
</UL>

<P><STRONG><a name="[2ac]"></a>aci_att_clt_read_by_type_resp_event_push</STRONG> (Thumb, 74 bytes, Stack size unknown bytes, gat_clt.o(i.aci_att_clt_read_by_type_resp_event_push))
<BR><BR>[Calls]<UL><LI><a href="#[12e]">&gt;&gt;</a>&nbsp;&nbsp;&nbsp;aci_event_fifo_push_header
<LI><a href="#[12f]">&gt;&gt;</a>&nbsp;&nbsp;&nbsp;aci_event_fifo_push
</UL>
<BR>[Called By]<UL><LI><a href="#[2e]">&gt;&gt;</a>&nbsp;&nbsp;&nbsp;GAT_clt_rcv
</UL>

<P><STRONG><a name="[2a4]"></a>aci_gatt_clt_disc_read_char_by_uuid_resp_event_push</STRONG> (Thumb, 126 bytes, Stack size unknown bytes, gat_clt.o(i.aci_gatt_clt_disc_read_char_by_uuid_resp_event_push))
<BR><BR>[Calls]<UL><LI><a href="#[501]">&gt;&gt;</a>&nbsp;&nbsp;&nbsp;aci_gatt_clt_disc_read_char_by_uuid_resp_event_copy
<LI><a href="#[24e]">&gt;&gt;</a>&nbsp;&nbsp;&nbsp;PM_Release_Acl_Pckt
<LI><a href="#[12e]">&gt;&gt;</a>&nbsp;&nbsp;&nbsp;aci_event_fifo_push_header
<LI><a href="#[12f]">&gt;&gt;</a>&nbsp;&nbsp;&nbsp;aci_event_fifo_push
</UL>
<BR>[Called By]<UL><LI><a href="#[2ae]">&gt;&gt;</a>&nbsp;&nbsp;&nbsp;GAT_clt_read_chr_by_uuid_resp
<LI><a href="#[2a2]">&gt;&gt;</a>&nbsp;&nbsp;&nbsp;GAT_clt_disc_chr_by_uuid_resp
</UL>

<P><STRONG><a name="[127]"></a>AESstdInitEnc</STRONG> (Thumb, 150 bytes, Stack size 20 bytes, crypto.o(i.AESstdInitEnc))
<BR><BR>[Stack]<UL><LI>Max Depth = 20<LI>Call Chain = AESstdInitEnc
</UL>
<BR>[Called By]<UL><LI><a href="#[126]">&gt;&gt;</a>&nbsp;&nbsp;&nbsp;AES_CMAC_Encrypt_Init
</UL>

<P><STRONG><a name="[29]"></a>_printf_input_char</STRONG> (Thumb, 10 bytes, Stack size 0 bytes, _printf_char_common.o(.text))
<BR>[Address Reference Count : 1]<UL><LI> _printf_char_common.o(.text)
</UL><P>
<H3>
Undefined Global Symbols
</H3>
<P><STRONG><a name="[fb]"></a>_call_atexit_fns</STRONG> (ARM, 0 bytes, Stack size 0 bytes, UNDEFINED)
<BR><BR>[Called By]<UL><LI><a href="#[df]">&gt;&gt;</a>&nbsp;&nbsp;&nbsp;exit
</UL>

<P><STRONG><a name="[f8]"></a>_printf_mbtowc</STRONG> (ARM, 0 bytes, Stack size 0 bytes, UNDEFINED)
<BR><BR>[Called By]<UL><LI><a href="#[f7]">&gt;&gt;</a>&nbsp;&nbsp;&nbsp;_printf_cs_common
</UL>

<P><STRONG><a name="[e9]"></a>_printf_truncate_unsigned</STRONG> (ARM, 0 bytes, Stack size 0 bytes, UNDEFINED)
<BR><BR>[Called By]<UL><LI><a href="#[d6]">&gt;&gt;</a>&nbsp;&nbsp;&nbsp;_printf_int_hex
</UL>
<HR></body></html>
