<!doctype html public "-//w3c//dtd html 4.0 transitional//en">
<html><head>
<title>Static Call Graph - [.\Server_Use_OTA_ServiceManager\Objects\BLE_SerialPort_Server_Use_OTA_ServiceManager.axf]</title></head>
<body><HR>
<H1>Static Call Graph for image .\Server_Use_OTA_ServiceManager\Objects\BLE_SerialPort_Server_Use_OTA_ServiceManager.axf</H1><HR>
<BR><P>#&#060CALLGRAPH&#062# ARM Linker, 5060750: Last Updated: Tue Jan 03 15:24:20 2023
<BR><P>
<H3>Maximum Stack Usage =       2552 bytes + Unknown(Functions without stacksize, Untraceable Function Pointers)</H3><H3>
Call chain for Maximum Stack Depth:</H3>
RESET_HANDLER &rArr; main &rArr; ModulesTick &rArr; NVMDB_Tick &rArr; NVMDB_CleanDB &rArr; CleanLargeDB &rArr; LoadDBToRAM &rArr; ReadNextRecordNoLock &rArr; NextRecordNoLock &rArr; ReadRecordInCache &rArr; CacheFindOperation &rArr; __aeabi_memcpy
<P>
<H3>
Functions with no stack information
</H3><UL>
 <LI><a href="#[240]">ACL_list_get_pckt_count</a>
 <LI><a href="#[238]">ACL_list_init</a>
 <LI><a href="#[44c]">ACL_list_insert_head</a>
 <LI><a href="#[23f]">ACL_list_insert_tail</a>
 <LI><a href="#[234]">ACL_list_remove</a>
 <LI><a href="#[241]">ACL_list_remove_head</a>
 <LI><a href="#[42]">ADV_ISR</a>
 <LI><a href="#[41]">ADV_cancelslot</a>
 <LI><a href="#[43]">ADV_createslot</a>
 <LI><a href="#[44]">ADV_skiproutine</a>
 <LI><a href="#[319]">Acl_Init</a>
 <LI><a href="#[125]">Acl_Rcv_Pkt_Handler</a>
 <LI><a href="#[128]">Acl_Transmit_Data</a>
 <LI><a href="#[12a]">Acl_Tx_Cmpl_Pkt_Handler</a>
 <LI><a href="#[166]">BLEPLAT_aes128_encrypt</a>
 <LI><a href="#[169]">BLE_STACK_Init</a>
 <LI><a href="#[16d]">BLE_STACK_RadioHandler</a>
 <LI><a href="#[41c]">BLE_STACK_ReadNextRadioActivity</a>
 <LI><a href="#[179]">BLE_STACK_Tick</a>
 <LI><a href="#[199]">BleNvm_DEV_ID_DATA_AddRecord</a>
 <LI><a href="#[19a]">BleNvm_DEV_ID_DATA_GetRecord</a>
 <LI><a href="#[19b]">BleNvm_GATT_GetData</a>
 <LI><a href="#[19e]">BleNvm_GATT_UpdateData</a>
 <LI><a href="#[1a0]">BleNvm_SEC_AddRecord</a>
 <LI><a href="#[1a2]">BleNvm_SEC_Dump</a>
 <LI><a href="#[42d]">BleNvm_SEC_DumpInit</a>
 <LI><a href="#[1a1]">BleNvm_SEC_GetRecord</a>
 <LI><a href="#[1a4]">BleNvm_SEC_GetRecordNumber</a>
 <LI><a href="#[1a5]">BleNvm_SEC_RemoveRecord</a>
 <LI><a href="#[20e]">CST_init</a>
 <LI><a href="#[1b3]">CST_start</a>
 <LI><a href="#[1b5]">CST_stop</a>
 <LI><a href="#[61]">Controller_Process_Q</a>
 <LI><a href="#[305]">Data_Len_Update_Offline_Processing_ucfg</a>
 <LI><a href="#[546]">Data_Len_Update_Offline_Processing_ucfg_weak</a>
 <LI><a href="#[2c]">EADV_Offline_Callback</a>
 <LI><a href="#[1d0]">EADV_init</a>
 <LI><a href="#[110]">EADV_vPrepareAdvOrRspLegacyPacket</a>
 <LI><a href="#[4b]">Events_Process_Q</a>
 <LI><a href="#[1ad]">Events_Process_init</a>
 <LI><a href="#[4ad]">GAP_DiscProcTimeoutcb_ucfg</a>
 <LI><a href="#[547]">GAP_DiscProcTimeoutcb_ucfg_weak</a>
 <LI><a href="#[1eb]">GAP_Init</a>
 <LI><a href="#[1f4]">GAP_LimDiscTimeoutcb</a>
 <LI><a href="#[1f6]">GAP_PrivateAddrTimercb</a>
 <LI><a href="#[1fb]">GAP_Terminate_Link</a>
 <LI><a href="#[21b]">GAP_advEvtProp_to_advType</a>
 <LI><a href="#[1f7]">GAP_check_adv_status</a>
 <LI><a href="#[1ed]">GAP_check_and_set_role_ucfg</a>
 <LI><a href="#[548]">GAP_check_and_set_role_ucfg_weak</a>
 <LI><a href="#[491]">GAP_check_discoverability_mode</a>
 <LI><a href="#[1fe]">GAP_check_flags</a>
 <LI><a href="#[210]">GAP_discover_peer_name_ucfg</a>
 <LI><a href="#[549]">GAP_discover_peer_name_ucfg_weak</a>
 <LI><a href="#[1ee]">GAP_enable_controller_privacy_ucfg</a>
 <LI><a href="#[54a]">GAP_enable_controller_privacy_ucfg_weak</a>
 <LI><a href="#[1f9]">GAP_enable_disable_scan_ucfg</a>
 <LI><a href="#[54b]">GAP_enable_disable_scan_ucfg_weak</a>
 <LI><a href="#[201]">GAP_generate_new_rpa</a>
 <LI><a href="#[202]">GAP_get_current_address</a>
 <LI><a href="#[207]">GAP_get_identity_address_type</a>
 <LI><a href="#[204]">GAP_get_own_address_type</a>
 <LI><a href="#[206]">GAP_get_public_address</a>
 <LI><a href="#[203]">GAP_get_rpa</a>
 <LI><a href="#[205]">GAP_get_static_random_address</a>
 <LI><a href="#[4b5]">GAP_hci_disconnection_complete_evt_hndl</a>
 <LI><a href="#[208]">GAP_hci_le_advertising_report_evt_hndl</a>
 <LI><a href="#[4b8]">GAP_hci_le_advertising_set_terminated_evt_hndl_ucfg</a>
 <LI><a href="#[54c]">GAP_hci_le_advertising_set_terminated_evt_hndl_ucfg_weak</a>
 <LI><a href="#[20b]">GAP_hci_le_connection_complete_evt_hndl</a>
 <LI><a href="#[1b1]">GAP_init_context</a>
 <LI><a href="#[20d]">GAP_master_connection_complete_handler_ucfg</a>
 <LI><a href="#[54d]">GAP_master_connection_complete_handler_ucfg_weak</a>
 <LI><a href="#[50]">GAP_name_disc_proc_connected_check</a>
 <LI><a href="#[20a]">GAP_parse_advertising_report_ucfg</a>
 <LI><a href="#[54e]">GAP_parse_advertising_report_ucfg_weak</a>
 <LI><a href="#[209]">GAP_parse_connectable_advertising_report_ucfg</a>
 <LI><a href="#[54f]">GAP_parse_connectable_advertising_report_ucfg_weak</a>
 <LI><a href="#[1ff]">GAP_search_flags_index</a>
 <LI><a href="#[492]">GAP_set_advertising_configuration_ucfg</a>
 <LI><a href="#[212]">GAP_set_advertising_configuration_ucfg_weak</a>
 <LI><a href="#[493]">GAP_set_advertising_data_ucfg</a>
 <LI><a href="#[214]">GAP_set_advertising_data_ucfg_weak</a>
 <LI><a href="#[1f5]">GAP_set_advertising_enable_ucfg</a>
 <LI><a href="#[216]">GAP_set_advertising_enable_ucfg_weak</a>
 <LI><a href="#[1f3]">GAP_set_controller_random_address_ucfg</a>
 <LI><a href="#[218]">GAP_set_controller_random_address_ucfg_weak</a>
 <LI><a href="#[213]">GAP_set_legacy_advertising_configuration</a>
 <LI><a href="#[215]">GAP_set_legacy_advertising_data</a>
 <LI><a href="#[217]">GAP_set_legacy_advertising_enable</a>
 <LI><a href="#[20c]">GAP_slave_connection_complete_handler_ucfg</a>
 <LI><a href="#[21f]">GAP_slave_connection_complete_handler_ucfg_weak</a>
 <LI><a href="#[1fa]">GAP_suspend_resume_active_advertising_sets_ucfg</a>
 <LI><a href="#[220]">GAP_suspend_resume_active_advertising_sets_ucfg_weak</a>
 <LI><a href="#[223]">GAT_att_clt_connection</a>
 <LI><a href="#[225]">GAT_att_clt_disconnection</a>
 <LI><a href="#[227]">GAT_att_clt_init</a>
 <LI><a href="#[229]">GAT_att_clt_rcv</a>
 <LI><a href="#[231]">GAT_att_cmn_connection</a>
 <LI><a href="#[233]">GAT_att_cmn_disconnection</a>
 <LI><a href="#[243]">GAT_att_cmn_for_each_conn_descr</a>
 <LI><a href="#[22a]">GAT_att_cmn_get_conn_descr_p</a>
 <LI><a href="#[237]">GAT_att_cmn_get_conn_index</a>
 <LI><a href="#[30]">GAT_att_cmn_handle_disconnec_iterate_f</a>
 <LI><a href="#[1b0]">GAT_att_cmn_init</a>
 <LI><a href="#[23a]">GAT_att_cmn_rcv</a>
 <LI><a href="#[23c]">GAT_att_cmn_send</a>
 <LI><a href="#[51]">GAT_att_cmn_send_pending_tsk</a>
 <LI><a href="#[22e]">GAT_att_cmn_start_timer</a>
 <LI><a href="#[22b]">GAT_att_cmn_stop_timer</a>
 <LI><a href="#[2f]">GAT_att_cmn_timeout_cb</a>
 <LI><a href="#[2e]">GAT_att_cmn_timeout_cb_wrapper</a>
 <LI><a href="#[52]">GAT_att_cmn_timer_expire_tsk</a>
 <LI><a href="#[53]">GAT_att_cmn_tx_pool_evt_tsk</a>
 <LI><a href="#[249]">GAT_att_db_find_by_def</a>
 <LI><a href="#[24a]">GAT_att_db_find_by_handle</a>
 <LI><a href="#[24b]">GAT_att_db_find_from_handle</a>
 <LI><a href="#[283]">GAT_att_db_find_last_attr_of_type</a>
 <LI><a href="#[24e]">GAT_att_db_get_last_group_handle</a>
 <LI><a href="#[254]">GAT_att_db_get_last_handle</a>
 <LI><a href="#[24f]">GAT_att_db_get_next</a>
 <LI><a href="#[250]">GAT_att_db_init</a>
 <LI><a href="#[251]">GAT_att_db_insert</a>
 <LI><a href="#[252]">GAT_att_db_reverse_find_attr_of_type</a>
 <LI><a href="#[253]">GAT_att_db_rm_att_range</a>
 <LI><a href="#[25b]">GAT_att_srv_confirmation_pending</a>
 <LI><a href="#[232]">GAT_att_srv_connection</a>
 <LI><a href="#[235]">GAT_att_srv_disconnection</a>
 <LI><a href="#[260]">GAT_att_srv_extract_write_packet_data</a>
 <LI><a href="#[26a]">GAT_att_srv_flush_user_pending_list</a>
 <LI><a href="#[26b]">GAT_att_srv_hvtx</a>
 <LI><a href="#[239]">GAT_att_srv_init</a>
 <LI><a href="#[54]">GAT_att_srv_process_rx_pckt_tsk</a>
 <LI><a href="#[23b]">GAT_att_srv_rcv</a>
 <LI><a href="#[295]">GAT_att_srv_request_user_pending</a>
 <LI><a href="#[275]">GAT_att_srv_resp</a>
 <LI><a href="#[224]">GAT_clt_connection</a>
 <LI><a href="#[226]">GAT_clt_disconnection</a>
 <LI><a href="#[228]">GAT_clt_init</a>
 <LI><a href="#[57]">GAT_clt_proc_exec_tsk</a>
 <LI><a href="#[22c]">GAT_clt_rcv_corrupted</a>
 <LI><a href="#[22f]">GAT_clt_rcv_srv_initiated</a>
 <LI><a href="#[27b]">GAT_srv_add_char_descriptor</a>
 <LI><a href="#[27f]">GAT_srv_add_characteristic</a>
 <LI><a href="#[282]">GAT_srv_add_service</a>
 <LI><a href="#[277]">GAT_srv_attr_value_read</a>
 <LI><a href="#[279]">GAT_srv_attr_value_write</a>
 <LI><a href="#[262]">GAT_srv_check_change_aware</a>
 <LI><a href="#[272]">GAT_srv_check_perms</a>
 <LI><a href="#[25c]">GAT_srv_connection</a>
 <LI><a href="#[55]">GAT_srv_db_hash_tsk</a>
 <LI><a href="#[25d]">GAT_srv_disconnection</a>
 <LI><a href="#[263]">GAT_srv_find_by_type_attr_p</a>
 <LI><a href="#[267]">GAT_srv_get_att_group_end_handle</a>
 <LI><a href="#[268]">GAT_srv_get_attr_type</a>
 <LI><a href="#[273]">GAT_srv_get_attr_value</a>
 <LI><a href="#[2a0]">GAT_srv_get_attribute_handle</a>
 <LI><a href="#[290]">GAT_srv_get_cccd_attr_p</a>
 <LI><a href="#[291]">GAT_srv_get_cccd_val</a>
 <LI><a href="#[2a1]">GAT_srv_get_char_decl_handle</a>
 <LI><a href="#[2a4]">GAT_srv_get_service_handle</a>
 <LI><a href="#[26c]">GAT_srv_init</a>
 <LI><a href="#[270]">GAT_srv_is_supported_grouping_type</a>
 <LI><a href="#[2a7]">GAT_srv_notify</a>
 <LI><a href="#[2a8]">GAT_srv_resp</a>
 <LI><a href="#[281]">GAT_srv_rm_characteristic</a>
 <LI><a href="#[284]">GAT_srv_rm_service</a>
 <LI><a href="#[56]">GAT_srv_send_srv_change_tsk</a>
 <LI><a href="#[4e7]">GapIsPrivacySupported</a>
 <LI><a href="#[2b1]">HAL_Generate_Random_Bytes_To</a>
 <LI><a href="#[2b6]">HAL_Set_TX_Power_Level</a>
 <LI><a href="#[2ca]">HAL_Write_ConfigData</a>
 <LI><a href="#[2d2]">HCI_Init</a>
 <LI><a href="#[2b2]">Hal_Get_Random_Number</a>
 <LI><a href="#[114]">Hal_Get_Random_Number32</a>
 <LI><a href="#[1ec]">IDD_Initialize_Device_IDs</a>
 <LI><a href="#[446]">Is_Address_Initialized</a>
 <LI><a href="#[1ae]">L2C_Init</a>
 <LI><a href="#[2df]">L2C_acl_cframe_signaling_hndl</a>
 <LI><a href="#[2e4]">L2C_build_command_reject_pdu</a>
 <LI><a href="#[2de]">L2C_cos_cfc_init_ucfg</a>
 <LI><a href="#[550]">L2C_cos_cfc_init_ucfg_weak</a>
 <LI><a href="#[2e1]">L2C_cos_is_pdu_cframe_cfc_command_opcode_ucfg</a>
 <LI><a href="#[551]">L2C_cos_is_pdu_cframe_cfc_command_opcode_ucfg_weak</a>
 <LI><a href="#[2f0]">L2C_cos_le_frame_data_hndl_ucfg</a>
 <LI><a href="#[2e8]">L2C_cos_le_frame_data_hndl_ucfg_weak</a>
 <LI><a href="#[4f]">L2C_cos_perform_pdu_reassembly_tsk_ucfg</a>
 <LI><a href="#[552]">L2C_cos_perform_pdu_reassembly_tsk_ucfg_weak</a>
 <LI><a href="#[4d]">L2C_cos_perform_sdu_segmentation_tsk_ucfg</a>
 <LI><a href="#[553]">L2C_cos_perform_sdu_segmentation_tsk_ucfg_weak</a>
 <LI><a href="#[2ec]">L2C_cos_physical_link_disconnection_hndl_ucfg</a>
 <LI><a href="#[554]">L2C_cos_physical_link_disconnection_hndl_ucfg_weak</a>
 <LI><a href="#[2e2]">L2C_cos_process_cfc_mode_command_ucfg</a>
 <LI><a href="#[555]">L2C_cos_process_cfc_mode_command_ucfg_weak</a>
 <LI><a href="#[4c]">L2C_cos_process_pending_actions_tsk_ucfg</a>
 <LI><a href="#[556]">L2C_cos_process_pending_actions_tsk_ucfg_weak</a>
 <LI><a href="#[2f9]">L2C_cos_reset_any_pending_channel_ucfg</a>
 <LI><a href="#[557]">L2C_cos_reset_any_pending_channel_ucfg_weak</a>
 <LI><a href="#[4e]">L2C_cos_transmit_pdu_packets_tsk_ucfg</a>
 <LI><a href="#[558]">L2C_cos_transmit_pdu_packets_tsk_ucfg_weak</a>
 <LI><a href="#[2e5]">L2C_get_link_control_block_ref</a>
 <LI><a href="#[2eb]">L2C_hci_disconnection_complete_evt_hndl</a>
 <LI><a href="#[2ed]">L2C_hci_le_connection_complete_evt_hndl</a>
 <LI><a href="#[2ee]">L2C_mux_acl_packet</a>
 <LI><a href="#[2f2]">L2C_post_process_incoming_request_packet</a>
 <LI><a href="#[2e7]">L2C_post_process_outgoing_response_packet</a>
 <LI><a href="#[2f1]">L2C_pre_process_incoming_response_packet</a>
 <LI><a href="#[2f5]">L2C_receive_data</a>
 <LI><a href="#[2e9]">L2C_release_unexpected_acl_packet</a>
 <LI><a href="#[23e]">L2C_send_frame</a>
 <LI><a href="#[2f8]">L2C_timeout_handler_signalling</a>
 <LI><a href="#[2fa]">LLC_authenticated_payload_timeout_cb</a>
 <LI><a href="#[5f]">LLC_authenticated_payload_timeout_processing</a>
 <LI><a href="#[2fe]">LLC_authenticated_payload_timeout_reset</a>
 <LI><a href="#[36a]">LLC_conn_init_cte_ctxt_ucfg</a>
 <LI><a href="#[559]">LLC_conn_init_cte_ctxt_ucfg_weak</a>
 <LI><a href="#[36b]">LLC_conn_init_pcl_ctxt_ucfg</a>
 <LI><a href="#[55a]">LLC_conn_init_pcl_ctxt_ucfg_weak</a>
 <LI><a href="#[3a8]">LLC_conn_process_rx_cte_ucfg</a>
 <LI><a href="#[55b]">LLC_conn_process_rx_cte_ucfg_weak</a>
 <LI><a href="#[306]">LLC_cte_request_procedure_ucfg</a>
 <LI><a href="#[55c]">LLC_cte_request_procedure_ucfg_weak</a>
 <LI><a href="#[3de]">LLC_get_cte_buffers</a>
 <LI><a href="#[302]">LLC_init_le_ping_params</a>
 <LI><a href="#[40]">LLC_le_ping</a>
 <LI><a href="#[5d]">LLC_offline_control_procedures_processing</a>
 <LI><a href="#[4ac]">LLC_pcl_hal_cntxt_init_ucfg</a>
 <LI><a href="#[55d]">LLC_pcl_hal_cntxt_init_ucfg_weak</a>
 <LI><a href="#[3a9]">LLC_pcl_incr_rx_packets_ucfg</a>
 <LI><a href="#[55e]">LLC_pcl_incr_rx_packets_ucfg_weak</a>
 <LI><a href="#[307]">LLC_pcl_offline_processing_ucfg</a>
 <LI><a href="#[55f]">LLC_pcl_offline_processing_ucfg_weak</a>
 <LI><a href="#[2b7]">LLC_pcl_set_radio_tx_power_and_eval_indication_ucfg</a>
 <LI><a href="#[560]">LLC_pcl_set_radio_tx_power_and_eval_indication_ucfg_weak</a>
 <LI><a href="#[36c]">LLC_pcl_set_radio_tx_power_conn_start_ucfg</a>
 <LI><a href="#[308]">LLC_pcl_set_radio_tx_power_conn_start_ucfg_weak</a>
 <LI><a href="#[394]">LLC_pcl_update_avg_rssi_ucfg</a>
 <LI><a href="#[561]">LLC_pcl_update_avg_rssi_ucfg_weak</a>
 <LI><a href="#[30a]">LLC_update_le_ping_params</a>
 <LI><a href="#[30c]">LL_Context_Test_Advertising_Handle</a>
 <LI><a href="#[1fc]">LL_Disconnect_Link</a>
 <LI><a href="#[311]">LL_Get_LTK</a>
 <LI><a href="#[1ab]">LL_Init</a>
 <LI><a href="#[31b]">LL_LE_Set_Advertise_Enable</a>
 <LI><a href="#[320]">LL_LE_Set_Advertising_Parameters</a>
 <LI><a href="#[304]">LL_Read_Remote_Used_Features</a>
 <LI><a href="#[129]">LL_Send_ACL_Data</a>
 <LI><a href="#[32e]">LL_Set_Advertising_Set_Random_Address</a>
 <LI><a href="#[31e]">LL_Set_Extented_Advertising_Enable</a>
 <LI><a href="#[31f]">LL_Set_Extented_Advertising_Set_Random_Address</a>
 <LI><a href="#[3d]">LL_channel_map_update</a>
 <LI><a href="#[334]">LL_channel_map_update_param_check</a>
 <LI><a href="#[36f]">LL_conn_calc_packetlength</a>
 <LI><a href="#[372]">LL_conn_calculate_ww</a>
 <LI><a href="#[340]">LL_conn_clr_ch_classification_pending</a>
 <LI><a href="#[341]">LL_conn_clr_disconnect_reason</a>
 <LI><a href="#[342]">LL_conn_clr_instant_reached_passed</a>
 <LI><a href="#[344]">LL_conn_clr_isr_active</a>
 <LI><a href="#[345]">LL_conn_clr_nack_flag</a>
 <LI><a href="#[346]">LL_conn_clr_rx_acl_blocked</a>
 <LI><a href="#[348]">LL_conn_clr_rx_ctrl_pdu_full</a>
 <LI><a href="#[349]">LL_conn_clr_start_enc</a>
 <LI><a href="#[34a]">LL_conn_clr_stop_enc</a>
 <LI><a href="#[34b]">LL_conn_clr_tx_acl_blocked</a>
 <LI><a href="#[371]">LL_conn_convert_sca_to_ppm</a>
 <LI><a href="#[337]">LL_conn_disconnect_link_from_CPF</a>
 <LI><a href="#[351]">LL_conn_encryption_on_off_routine</a>
 <LI><a href="#[356]">LL_conn_enhanced_get_latency</a>
 <LI><a href="#[357]">LL_conn_get_ch_classification_pending</a>
 <LI><a href="#[32f]">LL_conn_get_cntxt_p</a>
 <LI><a href="#[2fb]">LL_conn_get_cntxt_per_p</a>
 <LI><a href="#[323]">LL_conn_get_cntxt_per_p_from_handle</a>
 <LI><a href="#[30d]">LL_conn_get_conn_idx</a>
 <LI><a href="#[32b]">LL_conn_get_ctrl_pdu_data_p</a>
 <LI><a href="#[359]">LL_conn_get_disconnect_reason</a>
 <LI><a href="#[2fc]">LL_conn_get_enc_on</a>
 <LI><a href="#[330]">LL_conn_get_eventcount</a>
 <LI><a href="#[35a]">LL_conn_get_handle</a>
 <LI><a href="#[35b]">LL_conn_get_instant_passed</a>
 <LI><a href="#[35c]">LL_conn_get_instant_reached</a>
 <LI><a href="#[35d]">LL_conn_get_isr_active</a>
 <LI><a href="#[331]">LL_conn_get_latency</a>
 <LI><a href="#[35e]">LL_conn_get_phy_upd_cntx_per_p</a>
 <LI><a href="#[360]">LL_conn_get_rx_acl_blocked</a>
 <LI><a href="#[361]">LL_conn_get_rx_ctrl_pdu_full</a>
 <LI><a href="#[362]">LL_conn_get_start_enc</a>
 <LI><a href="#[363]">LL_conn_get_stop_enc</a>
 <LI><a href="#[32a]">LL_conn_get_tx_acl_blocked</a>
 <LI><a href="#[364]">LL_conn_get_tx_ctrl_pdu_state</a>
 <LI><a href="#[365]">LL_conn_get_version_exchange_cached</a>
 <LI><a href="#[103]">LL_conn_go_to_connect</a>
 <LI><a href="#[38a]">LL_conn_guard_time_for_close_conn_event</a>
 <LI><a href="#[315]">LL_conn_init</a>
 <LI><a href="#[369]">LL_conn_init_data_len_pdu_params</a>
 <LI><a href="#[312]">LL_conn_is_slave</a>
 <LI><a href="#[38]">LL_conn_isr</a>
 <LI><a href="#[2cf]">LL_conn_multi_link_connection</a>
 <LI><a href="#[38f]">LL_conn_per_init</a>
 <LI><a href="#[395]">LL_conn_process_enc_params</a>
 <LI><a href="#[39]">LL_conn_program_next_taskslot</a>
 <LI><a href="#[3a2]">LL_conn_receive_data</a>
 <LI><a href="#[1dd]">LL_conn_release_conn_idx</a>
 <LI><a href="#[3a]">LL_conn_reschedule_taskslot_params</a>
 <LI><a href="#[1d8]">LL_conn_reserve_conn_idx</a>
 <LI><a href="#[3b3]">LL_conn_set_ch_classification_pending</a>
 <LI><a href="#[332]">LL_conn_set_chmap_params</a>
 <LI><a href="#[3b4]">LL_conn_set_conn_update_params</a>
 <LI><a href="#[34f]">LL_conn_set_disconnect_reason</a>
 <LI><a href="#[3b5]">LL_conn_set_enc_params</a>
 <LI><a href="#[3a6]">LL_conn_set_instant_active</a>
 <LI><a href="#[3b6]">LL_conn_set_nack_flag</a>
 <LI><a href="#[3b7]">LL_conn_set_rx_acl_blocked</a>
 <LI><a href="#[3b8]">LL_conn_set_start_enc</a>
 <LI><a href="#[3b9]">LL_conn_set_stop_enc</a>
 <LI><a href="#[3ba]">LL_conn_set_tx_acl_blocked</a>
 <LI><a href="#[3bb]">LL_conn_set_tx_ctrl_pdu_has_instant</a>
 <LI><a href="#[3a0]">LL_conn_set_tx_ctrl_pdu_state</a>
 <LI><a href="#[3bd]">LL_conn_slave_sleep_latency_cancellation</a>
 <LI><a href="#[60]">LL_conn_slave_sleep_latency_cancellation_check</a>
 <LI><a href="#[3dc]">LL_conn_upd_data_length_change_event_ucfg</a>
 <LI><a href="#[562]">LL_conn_upd_data_length_change_event_ucfg_weak</a>
 <LI><a href="#[3db]">LL_conn_upd_max_tx_time_coded_ucfg</a>
 <LI><a href="#[563]">LL_conn_upd_max_tx_time_coded_ucfg_weak</a>
 <LI><a href="#[3bf]">LL_conn_version_exchange_set_cached</a>
 <LI><a href="#[37]">LL_connect_cancel_taskslot_dummy</a>
 <LI><a href="#[303]">LL_cpe_clr_active</a>
 <LI><a href="#[3be]">LL_cpe_conn_exception_opcode_from_sm</a>
 <LI><a href="#[324]">LL_cpe_conn_get_proc_id_from_sm</a>
 <LI><a href="#[1c9]">LL_cpe_engine</a>
 <LI><a href="#[2ff]">LL_cpe_get_active_status</a>
 <LI><a href="#[313]">LL_cpe_get_cntxt</a>
 <LI><a href="#[30e]">LL_cpe_get_tx_terminate_in_progress</a>
 <LI><a href="#[316]">LL_cpe_init</a>
 <LI><a href="#[3d2]">LL_cpe_init_cte_ucfg</a>
 <LI><a href="#[3d6]">LL_cpe_init_cte_ucfg_weak</a>
 <LI><a href="#[3d0]">LL_cpe_init_length_update_ucfg</a>
 <LI><a href="#[3d7]">LL_cpe_init_length_update_ucfg_weak</a>
 <LI><a href="#[3d3]">LL_cpe_init_past_ucfg</a>
 <LI><a href="#[3d8]">LL_cpe_init_past_ucfg_weak</a>
 <LI><a href="#[3d4]">LL_cpe_init_pcl_ucfg</a>
 <LI><a href="#[3d9]">LL_cpe_init_pcl_ucfg_weak</a>
 <LI><a href="#[3d1]">LL_cpe_init_phy_update_ucfg</a>
 <LI><a href="#[3da]">LL_cpe_init_phy_update_ucfg_weak</a>
 <LI><a href="#[3cf]">LL_cpe_register_cpf</a>
 <LI><a href="#[301]">LL_cpe_set_active</a>
 <LI><a href="#[335]">LL_cpe_set_blocked</a>
 <LI><a href="#[30f]">LL_cpe_set_disconnect</a>
 <LI><a href="#[300]">LL_cpe_set_prepare_tx_pdu</a>
 <LI><a href="#[336]">LL_cpe_set_rx_with_instant</a>
 <LI><a href="#[333]">LL_cpe_set_tx_with_instant</a>
 <LI><a href="#[3b]">LL_cpf_conn_upd</a>
 <LI><a href="#[318]">LL_dtm_init</a>
 <LI><a href="#[1da]">LL_eadv_BLUE_SM</a>
 <LI><a href="#[3df]">LL_eadv_Blue_Rx</a>
 <LI><a href="#[3e0]">LL_eadv_Blue_Tx</a>
 <LI><a href="#[4df]">LL_eadv_initializedata_data_struc</a>
 <LI><a href="#[321]">LL_eadv_initializedata_data_struc_not_enable</a>
 <LI><a href="#[4dd]">LL_eadv_max_supported_data_check_ucfg</a>
 <LI><a href="#[564]">LL_eadv_max_supported_data_check_ucfg_weak</a>
 <LI><a href="#[1dc]">LL_eadv_start_extended_ucfg</a>
 <LI><a href="#[565]">LL_eadv_start_extended_ucfg_weak</a>
 <LI><a href="#[115]">LL_eadv_switchbackupdata_data_struc</a>
 <LI><a href="#[4de]">LL_eadv_switchdata_data_struc</a>
 <LI><a href="#[3c]">LL_encryption</a>
 <LI><a href="#[1ce]">LL_ext_scan_get_cntxt_p</a>
 <LI><a href="#[3e]">LL_feature_exchange</a>
 <LI><a href="#[2d0]">LL_force_chsel_1</a>
 <LI><a href="#[1cd]">LL_get_control_pdu_size</a>
 <LI><a href="#[f7]">LL_get_rx_common_buffer_p</a>
 <LI><a href="#[10f]">LL_get_tx_common_buffer_p</a>
 <LI><a href="#[375]">LL_past_default_params_ucfg</a>
 <LI><a href="#[566]">LL_past_default_params_ucfg_weak</a>
 <LI><a href="#[4d5]">LL_past_initialize_connect_context_ucfg</a>
 <LI><a href="#[567]">LL_past_initialize_connect_context_ucfg_weak</a>
 <LI><a href="#[1d1]">LL_periodicadv_init_ucfg</a>
 <LI><a href="#[568]">LL_periodicadv_init_ucfg_weak</a>
 <LI><a href="#[3eb]">LL_periodicscan_get_overall_context_ptr</a>
 <LI><a href="#[1d2]">LL_periodicscan_init_ucfg</a>
 <LI><a href="#[569]">LL_periodicscan_init_ucfg_weak</a>
 <LI><a href="#[3af]">LL_phy_upd_pending_ucfg</a>
 <LI><a href="#[56a]">LL_phy_upd_pending_ucfg_weak</a>
 <LI><a href="#[368]">LL_phy_update_init_per_st_data_ucfg</a>
 <LI><a href="#[56b]">LL_phy_update_init_per_st_data_ucfg_weak</a>
 <LI><a href="#[38e]">LL_phy_update_init_ucfg</a>
 <LI><a href="#[56c]">LL_phy_update_init_ucfg_weak</a>
 <LI><a href="#[3ec]">LL_priv_AddAddrInEachList</a>
 <LI><a href="#[3ef]">LL_priv_Init_ResolvedPart_ucfg</a>
 <LI><a href="#[56d]">LL_priv_Init_ResolvedPart_ucfg_weak</a>
 <LI><a href="#[1d3]">LL_priv_PRIVWHIT_vInit_Struct</a>
 <LI><a href="#[3f0]">LL_priv_SearchAddrReturnMatch</a>
 <LI><a href="#[3ed]">LL_priv_SearchAddrReturnMatchAndNextSlot</a>
 <LI><a href="#[31d]">LL_priv_SynchPeerIDList_And_WhiteIDList_ucfg</a>
 <LI><a href="#[56e]">LL_priv_SynchPeerIDList_And_WhiteIDList_ucfg_weak</a>
 <LI><a href="#[104]">LL_priv_add_to_ConnIDList</a>
 <LI><a href="#[2b]">LL_priv_notallow_resolvinglistaccess_function</a>
 <LI><a href="#[3f1]">LL_priv_remove_from_ConnIDList</a>
 <LI><a href="#[ff]">LL_priv_test_address_in_ConnIDList</a>
 <LI><a href="#[fe]">LL_priv_u32ProcessAdvPacket_ucfg</a>
 <LI><a href="#[3f3]">LL_priv_u32ProcessAdvPacket_ucfg_weak</a>
 <LI><a href="#[5c]">LL_priv_u8OfflineProcessing_ucfg</a>
 <LI><a href="#[56f]">LL_priv_u8OfflineProcessing_ucfg_weak</a>
 <LI><a href="#[1d5]">LL_priv_vOwnPrivateAddress_ucfg</a>
 <LI><a href="#[570]">LL_priv_vOwnPrivateAddress_ucfg_weak</a>
 <LI><a href="#[1d6]">LL_priv_vPeerPrivateAddress_ucfg</a>
 <LI><a href="#[571]">LL_priv_vPeerPrivateAddress_ucfg_weak</a>
 <LI><a href="#[3ac]">LL_sched_anchorstretch</a>
 <LI><a href="#[1e3]">LL_sched_check_and_call_sched</a>
 <LI><a href="#[350]">LL_sched_delete_taskslot</a>
 <LI><a href="#[3e2]">LL_sched_enable_taskslot</a>
 <LI><a href="#[105]">LL_sched_engine</a>
 <LI><a href="#[112]">LL_sched_engine_return_actual_scheduler_margin</a>
 <LI><a href="#[172]">LL_sched_get_cntxt_task</a>
 <LI><a href="#[170]">LL_sched_get_current_taskslot_no</a>
 <LI><a href="#[173]">LL_sched_get_done_cb</a>
 <LI><a href="#[325]">LL_sched_get_next_anchor</a>
 <LI><a href="#[327]">LL_sched_get_next_taskslot</a>
 <LI><a href="#[171]">LL_sched_get_per_state</a>
 <LI><a href="#[fa]">LL_sched_get_priority_min</a>
 <LI><a href="#[317]">LL_sched_init</a>
 <LI><a href="#[1e0]">LL_sched_is_scheduler_call_pending</a>
 <LI><a href="#[1de]">LL_sched_release_taskslot</a>
 <LI><a href="#[1d9]">LL_sched_reserve_taskslot</a>
 <LI><a href="#[11a]">LL_sched_set_anchor</a>
 <LI><a href="#[1e2]">LL_sched_set_cancel_request</a>
 <LI><a href="#[38b]">LL_sched_set_params</a>
 <LI><a href="#[fb]">LL_sched_set_priority</a>
 <LI><a href="#[3bc]">LL_sched_set_taskslot_length_anchor</a>
 <LI><a href="#[3b2]">LL_sched_set_taskslot_length_interval_anchor</a>
 <LI><a href="#[113]">LL_sched_time_t1_ge_t2</a>
 <LI><a href="#[3f]">LL_version_exchange</a>
 <LI><a href="#[2f7]">Mem_Buff_append</a>
 <LI><a href="#[34c]">Mem_Buff_block_copy</a>
 <LI><a href="#[3a7]">Mem_Buff_block_write</a>
 <LI><a href="#[403]">Mem_Buff_cmp</a>
 <LI><a href="#[425]">Mem_Buff_get</a>
 <LI><a href="#[426]">Mem_Buff_get_chain_count</a>
 <LI><a href="#[427]">Mem_Buff_get_chain_size</a>
 <LI><a href="#[404]">Mem_Buff_init</a>
 <LI><a href="#[405]">Mem_Buff_read</a>
 <LI><a href="#[406]">Mem_Buff_release</a>
 <LI><a href="#[407]">Mem_Buff_resize</a>
 <LI><a href="#[408]">Mem_Buff_write</a>
 <LI><a href="#[261]">PM_Copy_Pckt_Data</a>
 <LI><a href="#[2cc]">PM_Eng_Config</a>
 <LI><a href="#[2f6]">PM_Extract_Pdu_MBuff</a>
 <LI><a href="#[244]">PM_Get_Available_Buffer</a>
 <LI><a href="#[2e6]">PM_Get_Pckt</a>
 <LI><a href="#[1ac]">PM_Init</a>
 <LI><a href="#[265]">PM_Pckt_Cmp</a>
 <LI><a href="#[22d]">PM_Release_Acl_Pckt</a>
 <LI><a href="#[23d]">PM_Resize_Pckt_Pdu_Size</a>
 <LI><a href="#[266]">PM_Write_Pckt_Data</a>
 <LI><a href="#[3e8]">PRIV_controller_privacy_csr_ucfg</a>
 <LI><a href="#[572]">PRIV_controller_privacy_csr_ucfg_weak</a>
 <LI><a href="#[2a]">PRIV_offline_callbackr</a>
 <LI><a href="#[1cf]">SCAN_INIT</a>
 <LI><a href="#[42c]">SDB_Find_Matching_LTK</a>
 <LI><a href="#[431]">SDB_Find_Record</a>
 <LI><a href="#[432]">SDB_get_records_count</a>
 <LI><a href="#[42f]">SDB_get_security_data_record</a>
 <LI><a href="#[2a3]">SDB_read_peer_bonded_data</a>
 <LI><a href="#[2a9]">SDB_write_gatt_client_data</a>
 <LI><a href="#[430]">SMA_Diversify</a>
 <LI><a href="#[434]">SMA_Generate_CSRK</a>
 <LI><a href="#[435]">SMA_Generate_IRK</a>
 <LI><a href="#[436]">SMA_LP_s1_Generate_STK</a>
 <LI><a href="#[42e]">SMA_generate_EDIV_recovery_DIV</a>
 <LI><a href="#[1af]">SMP_Init</a>
 <LI><a href="#[439]">SMP_Protocol_Timer_cb</a>
 <LI><a href="#[2ef]">SMP_acl_data_hndl</a>
 <LI><a href="#[28e]">SMP_check_encryption_key_size</a>
 <LI><a href="#[2a5]">SMP_check_is_device_bonded</a>
 <LI><a href="#[236]">SMP_forget_device_by_conn_handle</a>
 <LI><a href="#[28d]">SMP_get_link_status</a>
 <LI><a href="#[28c]">SMP_get_remote_device_list_item</a>
 <LI><a href="#[43f]">SMP_hci_disconnection_complete_evt_hndl</a>
 <LI><a href="#[443]">SMP_hci_encryption_change_evt_hndl</a>
 <LI><a href="#[444]">SMP_hci_le_connection_complete_evt_hndl</a>
 <LI><a href="#[445]">SMP_hci_le_enhanced_connection_complete_evt_hndl</a>
 <LI><a href="#[447]">SMP_hci_le_long_term_key_request_evt_hndl</a>
 <LI><a href="#[5a]">SMP_process_pending_rx_packets_tsk</a>
 <LI><a href="#[58]">SMP_process_sc_ecc_pk_generation_tsk_ucfg</a>
 <LI><a href="#[573]">SMP_process_sc_ecc_pk_generation_tsk_ucfg_weak</a>
 <LI><a href="#[59]">SMP_process_state_transition_actions_tsk</a>
 <LI><a href="#[441]">SMP_reset_timer</a>
 <LI><a href="#[2cd]">SMP_sc_force_debug_key_usage</a>
 <LI><a href="#[278]">SMP_validate_signed_packet</a>
 <LI><a href="#[1f8]">SM_Generate_Resolvable_Private_Address</a>
 <LI><a href="#[1a3]">SM_Resolve_Private_Address</a>
 <LI><a href="#[fc]">UTIL_AdvConvStringToSrambledIntWithType</a>
 <LI><a href="#[298]">UUID_cmp</a>
 <LI><a href="#[2a6]">UUID_cmp_128bits</a>
 <LI><a href="#[269]">UUID_get_value_p</a>
 <LI><a href="#[29b]">UUID_write_to_flat</a>
 <LI><a href="#[16c]">_BlueNRG_Stack_Initialization</a>
 <LI><a href="#[473]">aci_att_clt_exec_write_resp_event</a>
 <LI><a href="#[a3]">aci_att_clt_exec_write_resp_event_cb</a>
 <LI><a href="#[475]">aci_att_clt_find_by_type_value_resp_event</a>
 <LI><a href="#[9c]">aci_att_clt_find_by_type_value_resp_event_cb</a>
 <LI><a href="#[474]">aci_att_clt_find_by_type_value_resp_event_copy</a>
 <LI><a href="#[477]">aci_att_clt_find_info_resp_event</a>
 <LI><a href="#[9b]">aci_att_clt_find_info_resp_event_cb</a>
 <LI><a href="#[476]">aci_att_clt_find_info_resp_event_copy</a>
 <LI><a href="#[479]">aci_att_clt_prepare_write_resp_event</a>
 <LI><a href="#[a2]">aci_att_clt_prepare_write_resp_event_cb</a>
 <LI><a href="#[478]">aci_att_clt_prepare_write_resp_event_copy</a>
 <LI><a href="#[47b]">aci_att_clt_read_blob_resp_event</a>
 <LI><a href="#[9f]">aci_att_clt_read_blob_resp_event_cb</a>
 <LI><a href="#[47a]">aci_att_clt_read_blob_resp_event_copy</a>
 <LI><a href="#[47d]">aci_att_clt_read_by_group_type_resp_event</a>
 <LI><a href="#[a1]">aci_att_clt_read_by_group_type_resp_event_cb</a>
 <LI><a href="#[47c]">aci_att_clt_read_by_group_type_resp_event_copy</a>
 <LI><a href="#[47f]">aci_att_clt_read_by_type_resp_event</a>
 <LI><a href="#[9d]">aci_att_clt_read_by_type_resp_event_cb</a>
 <LI><a href="#[47e]">aci_att_clt_read_by_type_resp_event_copy</a>
 <LI><a href="#[481]">aci_att_clt_read_multiple_resp_event</a>
 <LI><a href="#[a0]">aci_att_clt_read_multiple_resp_event_cb</a>
 <LI><a href="#[480]">aci_att_clt_read_multiple_resp_event_copy</a>
 <LI><a href="#[483]">aci_att_clt_read_resp_event</a>
 <LI><a href="#[9e]">aci_att_clt_read_resp_event_cb</a>
 <LI><a href="#[482]">aci_att_clt_read_resp_event_copy</a>
 <LI><a href="#[484]">aci_att_exchange_mtu_resp_event</a>
 <LI><a href="#[9a]">aci_att_exchange_mtu_resp_event_cb</a>
 <LI><a href="#[485]">aci_att_srv_exec_write_req_event</a>
 <LI><a href="#[ae]">aci_att_srv_exec_write_req_event_cb</a>
 <LI><a href="#[486]">aci_att_srv_prepare_write_req_event</a>
 <LI><a href="#[ad]">aci_att_srv_prepare_write_req_event_cb</a>
 <LI><a href="#[487]">aci_att_srv_prepare_write_req_event_copy</a>
 <LI><a href="#[127]">aci_event_fifo_push</a>
 <LI><a href="#[126]">aci_event_fifo_push_header</a>
 <LI><a href="#[48a]">aci_gap_addr_not_resolved_event</a>
 <LI><a href="#[8c]">aci_gap_addr_not_resolved_event_cb</a>
 <LI><a href="#[48b]">aci_gap_bond_lost_event</a>
 <LI><a href="#[8a]">aci_gap_bond_lost_event_cb</a>
 <LI><a href="#[457]">aci_gap_init</a>
 <LI><a href="#[8e]">aci_gap_keypress_notification_event_cb_ucfg</a>
 <LI><a href="#[574]">aci_gap_keypress_notification_event_cb_ucfg_weak</a>
 <LI><a href="#[48c]">aci_gap_limited_discoverable_event</a>
 <LI><a href="#[86]">aci_gap_limited_discoverable_event_cb</a>
 <LI><a href="#[8d]">aci_gap_numeric_comparison_value_event_cb_ucfg</a>
 <LI><a href="#[575]">aci_gap_numeric_comparison_value_event_cb_ucfg_weak</a>
 <LI><a href="#[48d]">aci_gap_pairing_complete_event</a>
 <LI><a href="#[87]">aci_gap_pairing_complete_event_cb</a>
 <LI><a href="#[48e]">aci_gap_pass_key_req_event</a>
 <LI><a href="#[88]">aci_gap_pass_key_req_event_cb</a>
 <LI><a href="#[48f]">aci_gap_proc_complete_event</a>
 <LI><a href="#[8b]">aci_gap_proc_complete_event_cb</a>
 <LI><a href="#[490]">aci_gap_proc_complete_event_copy</a>
 <LI><a href="#[211]">aci_gap_proc_complete_event_wrapper</a>
 <LI><a href="#[458]">aci_gap_set_advertising_configuration</a>
 <LI><a href="#[459]">aci_gap_set_advertising_data</a>
 <LI><a href="#[402]">aci_gap_set_advertising_enable</a>
 <LI><a href="#[494]">aci_gap_slave_security_initiated_event</a>
 <LI><a href="#[89]">aci_gap_slave_security_initiated_event_cb</a>
 <LI><a href="#[495]">aci_gap_terminate</a>
 <LI><a href="#[496]">aci_gatt_clt_disc_read_char_by_uuid_resp_event</a>
 <LI><a href="#[a8]">aci_gatt_clt_disc_read_char_by_uuid_resp_event_cb</a>
 <LI><a href="#[497]">aci_gatt_clt_error_resp_event</a>
 <LI><a href="#[a7]">aci_gatt_clt_error_resp_event_cb</a>
 <LI><a href="#[499]">aci_gatt_clt_indication_event</a>
 <LI><a href="#[a4]">aci_gatt_clt_indication_event_cb</a>
 <LI><a href="#[498]">aci_gatt_clt_indication_event_copy</a>
 <LI><a href="#[49b]">aci_gatt_clt_notification_event</a>
 <LI><a href="#[a5]">aci_gatt_clt_notification_event_cb</a>
 <LI><a href="#[49a]">aci_gatt_clt_notification_event_copy</a>
 <LI><a href="#[49c]">aci_gatt_clt_proc_complete_event</a>
 <LI><a href="#[a6]">aci_gatt_clt_proc_complete_event_cb</a>
 <LI><a href="#[49d]">aci_gatt_proc_timeout_event</a>
 <LI><a href="#[99]">aci_gatt_proc_timeout_event_cb</a>
 <LI><a href="#[2ad]">aci_gatt_srv_add_char</a>
 <LI><a href="#[12c]">aci_gatt_srv_add_service</a>
 <LI><a href="#[98]">aci_gatt_srv_attribute_modified_event_cb</a>
 <LI><a href="#[49f]">aci_gatt_srv_confirmation_event</a>
 <LI><a href="#[aa]">aci_gatt_srv_confirmation_event_cb</a>
 <LI><a href="#[12d]">aci_gatt_srv_get_char_decl_handle</a>
 <LI><a href="#[2ab]">aci_gatt_srv_get_service_handle</a>
 <LI><a href="#[456]">aci_gatt_srv_init</a>
 <LI><a href="#[452]">aci_gatt_srv_notify</a>
 <LI><a href="#[ab]">aci_gatt_srv_read_event_cb</a>
 <LI><a href="#[4a1]">aci_gatt_srv_resp</a>
 <LI><a href="#[ac]">aci_gatt_srv_write_event_cb</a>
 <LI><a href="#[4a3]">aci_gatt_srv_write_event_copy</a>
 <LI><a href="#[a9]">aci_gatt_tx_pool_available_event_cb</a>
 <LI><a href="#[4a5]">aci_hal_adv_scan_resp_data_update_event</a>
 <LI><a href="#[75]">aci_hal_adv_scan_resp_data_update_event_cb</a>
 <LI><a href="#[74]">aci_hal_fw_error_event_cb</a>
 <LI><a href="#[73]">aci_hal_scan_req_report_event_cb_ucfg</a>
 <LI><a href="#[576]">aci_hal_scan_req_report_event_cb_ucfg_weak</a>
 <LI><a href="#[455]">aci_hal_set_tx_power_level</a>
 <LI><a href="#[454]">aci_hal_write_config_data</a>
 <LI><a href="#[92]">aci_l2cap_cfc_connection_event_cb_ucfg</a>
 <LI><a href="#[577]">aci_l2cap_cfc_connection_event_cb_ucfg_weak</a>
 <LI><a href="#[4a7]">aci_l2cap_command_reject_event</a>
 <LI><a href="#[95]">aci_l2cap_command_reject_event_cb</a>
 <LI><a href="#[2f4]">aci_l2cap_command_reject_event_copy</a>
 <LI><a href="#[4a8]">aci_l2cap_connection_update_req_event</a>
 <LI><a href="#[91]">aci_l2cap_connection_update_req_event_cb</a>
 <LI><a href="#[2f3]">aci_l2cap_connection_update_req_event_copy</a>
 <LI><a href="#[4a9]">aci_l2cap_connection_update_resp_event</a>
 <LI><a href="#[8f]">aci_l2cap_connection_update_resp_event_cb</a>
 <LI><a href="#[93]">aci_l2cap_disconnection_complete_event_cb_ucfg</a>
 <LI><a href="#[578]">aci_l2cap_disconnection_complete_event_cb_ucfg_weak</a>
 <LI><a href="#[94]">aci_l2cap_flow_control_credit_event_cb_ucfg</a>
 <LI><a href="#[579]">aci_l2cap_flow_control_credit_event_cb_ucfg_weak</a>
 <LI><a href="#[4ab]">aci_l2cap_proc_timeout_event</a>
 <LI><a href="#[90]">aci_l2cap_proc_timeout_event_cb</a>
 <LI><a href="#[4aa]">aci_l2cap_proc_timeout_event_copy</a>
 <LI><a href="#[97]">aci_l2cap_sdu_data_rx_event_cb_ucfg</a>
 <LI><a href="#[57a]">aci_l2cap_sdu_data_rx_event_cb_ucfg_weak</a>
 <LI><a href="#[96]">aci_l2cap_sdu_data_tx_event_cb_ucfg</a>
 <LI><a href="#[57b]">aci_l2cap_sdu_data_tx_event_cb_ucfg_weak</a>
 <LI><a href="#[31a]">ble_HAL_Init</a>
 <LI><a href="#[5e]">channel_Update_Offline_Processing</a>
 <LI><a href="#[1e4]">channel_sel_algo2</a>
 <LI><a href="#[314]">char_copy</a>
 <LI><a href="#[2d1]">configBitmapSet</a>
 <LI><a href="#[29a]">copy_swap_buffer</a>
 <LI><a href="#[1a9]">csmem_init</a>
 <LI><a href="#[1cc]">csmem_mem_0_assign</a>
 <LI><a href="#[1a7]">csmem_mem_assign</a>
 <LI><a href="#[242]">cst_sharedCallback</a>
 <LI><a href="#[390]">cte_csr_ucfg</a>
 <LI><a href="#[57c]">cte_csr_ucfg_weak</a>
 <LI><a href="#[2cb]">data_length_extension_csr_ucfg</a>
 <LI><a href="#[57d]">data_length_extension_csr_ucfg_weak</a>
 <LI><a href="#[1ef]">ext_adv_scan_enabled_ucfg</a>
 <LI><a href="#[57e]">ext_adv_scan_enabled_ucfg_weak</a>
 <LI><a href="#[1fd]">gap_extended_scan_supported</a>
 <LI><a href="#[46]">gap_timers_callback</a>
 <LI><a href="#[2d]">gap_timers_callback_wrapper</a>
 <LI><a href="#[393]">get_rf_rx_path_compensation_db</a>
 <LI><a href="#[1e8]">hal_radio_activity_state_callback_check</a>
 <LI><a href="#[1e9]">hal_radio_activity_state_init</a>
 <LI><a href="#[4ae]">hal_read_radio_activity_state</a>
 <LI><a href="#[2d3]">hci_acl_Init</a>
 <LI><a href="#[5b]">hci_acl_Process_Q</a>
 <LI><a href="#[b0]">hci_acl_data_ind_event_int_cb</a>
 <LI><a href="#[af]">hci_acl_data_tx_cmpl_event_int_cb</a>
 <LI><a href="#[4b2]">hci_authenticated_payload_timeout_expired_event</a>
 <LI><a href="#[72]">hci_authenticated_payload_timeout_expired_event_cb</a>
 <LI><a href="#[4b3]">hci_data_buffer_overflow_event</a>
 <LI><a href="#[71]">hci_data_buffer_overflow_event_cb</a>
 <LI><a href="#[62]">hci_disconnection_complete_event_cb</a>
 <LI><a href="#[b1]">hci_disconnection_complete_event_int_cb</a>
 <LI><a href="#[4b6]">hci_encryption_change_event</a>
 <LI><a href="#[63]">hci_encryption_change_event_cb</a>
 <LI><a href="#[b2]">hci_encryption_change_event_int_cb</a>
 <LI><a href="#[4b7]">hci_encryption_key_refresh_complete_event</a>
 <LI><a href="#[64]">hci_encryption_key_refresh_complete_event_cb</a>
 <LI><a href="#[b3]">hci_encryption_key_refresh_complete_event_int_cb</a>
 <LI><a href="#[4c3]">hci_get_set_legacy_ext_flag</a>
 <LI><a href="#[66]">hci_le_advertising_report_event_cb_ucfg</a>
 <LI><a href="#[57f]">hci_le_advertising_report_event_cb_ucfg_weak</a>
 <LI><a href="#[b5]">hci_le_advertising_report_event_int_cb</a>
 <LI><a href="#[6e]">hci_le_advertising_set_terminated_event_cb_ucfg</a>
 <LI><a href="#[580]">hci_le_advertising_set_terminated_event_cb_ucfg_weak</a>
 <LI><a href="#[bd]">hci_le_advertising_set_terminated_event_int_cb</a>
 <LI><a href="#[4b9]">hci_le_channel_selection_algorithm_event</a>
 <LI><a href="#[7e]">hci_le_channel_selection_algorithm_event_cb</a>
 <LI><a href="#[4c4]">hci_le_check_own_address_type_max_value_ucfg</a>
 <LI><a href="#[581]">hci_le_check_own_address_type_max_value_ucfg_weak</a>
 <LI><a href="#[65]">hci_le_connection_complete_event_cb</a>
 <LI><a href="#[b4]">hci_le_connection_complete_event_int_cb</a>
 <LI><a href="#[80]">hci_le_connection_iq_report_event_cb_ucfg</a>
 <LI><a href="#[582]">hci_le_connection_iq_report_event_cb_ucfg_weak</a>
 <LI><a href="#[4bb]">hci_le_connection_update_complete_event</a>
 <LI><a href="#[76]">hci_le_connection_update_complete_event_cb</a>
 <LI><a href="#[7f]">hci_le_connectionless_iq_report_event_cb_ucfg</a>
 <LI><a href="#[583]">hci_le_connectionless_iq_report_event_cb_ucfg_weak</a>
 <LI><a href="#[81]">hci_le_cte_request_failed_event_cb_ucfg</a>
 <LI><a href="#[584]">hci_le_cte_request_failed_event_cb_ucfg_weak</a>
 <LI><a href="#[78]">hci_le_data_length_change_event_cb_ucfg</a>
 <LI><a href="#[585]">hci_le_data_length_change_event_cb_ucfg_weak</a>
 <LI><a href="#[6b]">hci_le_direct_advertising_report_event_cb_ucfg</a>
 <LI><a href="#[586]">hci_le_direct_advertising_report_event_cb_ucfg_weak</a>
 <LI><a href="#[ba]">hci_le_direct_advertising_report_event_int_cb</a>
 <LI><a href="#[433]">hci_le_encrypt</a>
 <LI><a href="#[6a]">hci_le_enhanced_connection_complete_event_cb</a>
 <LI><a href="#[b9]">hci_le_enhanced_connection_complete_event_int_cb</a>
 <LI><a href="#[6c]">hci_le_extended_advertising_report_event_cb_ucfg</a>
 <LI><a href="#[587]">hci_le_extended_advertising_report_event_cb_ucfg_weak</a>
 <LI><a href="#[bb]">hci_le_extended_advertising_report_event_int_cb</a>
 <LI><a href="#[69]">hci_le_generate_dhkey_complete_event_cb_ucfg</a>
 <LI><a href="#[588]">hci_le_generate_dhkey_complete_event_cb_ucfg_weak</a>
 <LI><a href="#[b8]">hci_le_generate_dhkey_complete_event_int_cb</a>
 <LI><a href="#[4be]">hci_le_long_term_key_request_event</a>
 <LI><a href="#[67]">hci_le_long_term_key_request_event_cb</a>
 <LI><a href="#[b6]">hci_le_long_term_key_request_event_int_cb</a>
 <LI><a href="#[4bf]">hci_le_long_term_key_request_reply</a>
 <LI><a href="#[4c0]">hci_le_long_term_key_requested_negative_reply</a>
 <LI><a href="#[83]">hci_le_path_loss_threshold_event_cb_ucfg</a>
 <LI><a href="#[589]">hci_le_path_loss_threshold_event_cb_ucfg_weak</a>
 <LI><a href="#[7b]">hci_le_periodic_advertising_report_event_cb_ucfg</a>
 <LI><a href="#[58a]">hci_le_periodic_advertising_report_event_cb_ucfg_weak</a>
 <LI><a href="#[7a]">hci_le_periodic_advertising_sync_established_event_cb_ucfg</a>
 <LI><a href="#[58b]">hci_le_periodic_advertising_sync_established_event_cb_ucfg_weak</a>
 <LI><a href="#[7c]">hci_le_periodic_advertising_sync_lost_event_cb_ucfg</a>
 <LI><a href="#[58c]">hci_le_periodic_advertising_sync_lost_event_cb_ucfg_weak</a>
 <LI><a href="#[82]">hci_le_periodic_advertising_sync_transfer_received_event_cb_ucfg</a>
 <LI><a href="#[58d]">hci_le_periodic_advertising_sync_transfer_received_event_cb_ucfg_weak</a>
 <LI><a href="#[79]">hci_le_phy_update_complete_event_cb_ucfg</a>
 <LI><a href="#[58e]">hci_le_phy_update_complete_event_cb_ucfg_weak</a>
 <LI><a href="#[68]">hci_le_read_local_p256_public_key_complete_event_cb_ucfg</a>
 <LI><a href="#[58f]">hci_le_read_local_p256_public_key_complete_event_cb_ucfg_weak</a>
 <LI><a href="#[b7]">hci_le_read_local_p256_public_key_complete_event_int_cb</a>
 <LI><a href="#[4c2]">hci_le_read_remote_used_features_complete_event</a>
 <LI><a href="#[77]">hci_le_read_remote_used_features_complete_event_cb</a>
 <LI><a href="#[7d]">hci_le_scan_request_received_event_cb_ucfg</a>
 <LI><a href="#[590]">hci_le_scan_request_received_event_cb_ucfg_weak</a>
 <LI><a href="#[6d]">hci_le_scan_timeout_event_cb_ucfg</a>
 <LI><a href="#[591]">hci_le_scan_timeout_event_cb_ucfg_weak</a>
 <LI><a href="#[bc]">hci_le_scan_timeout_event_int_cb</a>
 <LI><a href="#[21e]">hci_le_set_advertising_enable</a>
 <LI><a href="#[21c]">hci_le_set_advertising_parameters</a>
 <LI><a href="#[1f1]">hci_le_set_event_mask</a>
 <LI><a href="#[219]">hci_le_set_random_address</a>
 <LI><a href="#[84]">hci_le_transmit_power_reporting_event_cb_ucfg</a>
 <LI><a href="#[592]">hci_le_transmit_power_reporting_event_cb_ucfg_weak</a>
 <LI><a href="#[4c6]">hci_number_of_completed_packets_event</a>
 <LI><a href="#[70]">hci_number_of_completed_packets_event_cb</a>
 <LI><a href="#[4c5]">hci_number_of_completed_packets_event_copy</a>
 <LI><a href="#[4c8]">hci_read_remote_version_information_complete_event</a>
 <LI><a href="#[6f]">hci_read_remote_version_information_complete_event_cb</a>
 <LI><a href="#[4c9]">hci_read_remote_version_information_complete_event_copy</a>
 <LI><a href="#[4b0]">hci_rx_acl_data</a>
 <LI><a href="#[4cb]">hci_rx_acl_data_event</a>
 <LI><a href="#[85]">hci_rx_acl_data_event_cb</a>
 <LI><a href="#[4cc]">hci_rx_acl_data_event_copy</a>
 <LI><a href="#[1f2]">hci_set_event_mask</a>
 <LI><a href="#[4b1]">hci_tx_acl_data_done</a>
 <LI><a href="#[2d6]">is_Buffer_All_Set_To</a>
 <LI><a href="#[3ad]">isr_Acl_Data_Indication_Queue_Full</a>
 <LI><a href="#[3a4]">isr_Acl_Data_TX_Cmpl_Queue_Full</a>
 <LI><a href="#[46f]">l2c_cos_csr_ucfg</a>
 <LI><a href="#[593]">l2c_cos_csr_ucfg_weak</a>
 <LI><a href="#[47]">l2cap_timers_callback</a>
 <LI><a href="#[35]">l2cap_timers_callback_wrapper</a>
 <LI><a href="#[39f]">ll_cpe_get_cpid_from_opcode</a>
 <LI><a href="#[3c9]">ll_cpe_set_unknown_rsp_pending</a>
 <LI><a href="#[4dc]">ll_set_advertising_data_ptr</a>
 <LI><a href="#[21d]">ll_set_legacy_advertising_data_ptr</a>
 <LI><a href="#[2ce]">ll_write_supported_data_ucfg</a>
 <LI><a href="#[594]">ll_write_supported_data_ucfg_weak</a>
 <LI><a href="#[48]">llc_timers_callback</a>
 <LI><a href="#[36]">llc_timers_callback_wrapper</a>
 <LI><a href="#[470]">master_csr_ucfg</a>
 <LI><a href="#[595]">master_csr_ucfg_weak</a>
 <LI><a href="#[3e9]">pcl_csr_ucfg</a>
 <LI><a href="#[596]">pcl_csr_ucfg_weak</a>
 <LI><a href="#[1f0]">periodic_csr_ucfg</a>
 <LI><a href="#[597]">periodic_csr_ucfg_weak</a>
 <LI><a href="#[10c]">phy_map</a>
 <LI><a href="#[35f]">phy_upd_csr_ucfg</a>
 <LI><a href="#[598]">phy_upd_csr_ucfg_weak</a>
 <LI><a href="#[471]">secure_connections_csr_ucfg</a>
 <LI><a href="#[599]">secure_connections_csr_ucfg_weak</a>
 <LI><a href="#[4a]">sm_timers_callback</a>
 <LI><a href="#[45]">sm_timers_callback_wrapper</a>
 <LI><a href="#[450]">sma_CMAC_generate_tag</a>
 <LI><a href="#[4e5]">smp_Execute_Actions_wrt_Current_State_MI_excerpt_ucfg</a>
 <LI><a href="#[59a]">smp_Execute_Actions_wrt_Current_State_MI_excerpt_ucfg_weak</a>
 <LI><a href="#[4ee]">smp_MI_Start_Encryption_ucfg</a>
 <LI><a href="#[59b]">smp_MI_Start_Encryption_ucfg_weak</a>
 <LI><a href="#[4f6]">smp_Process_Rx_Packet_Exception_Cases_sc_excerpt_ucfg</a>
 <LI><a href="#[59c]">smp_Process_Rx_Packet_Exception_Cases_sc_excerpt_ucfg_weak</a>
 <LI><a href="#[4f7]">smp_Process_Rx_Packet_wrt_Current_State_MI_excerpt_ucfg</a>
 <LI><a href="#[59d]">smp_Process_Rx_Packet_wrt_Current_State_MI_excerpt_ucfg_weak</a>
 <LI><a href="#[4f3]">smp_Process_Rx_Packet_wrt_Current_State_sc_excerpt_ucfg</a>
 <LI><a href="#[59e]">smp_Process_Rx_Packet_wrt_Current_State_sc_excerpt_ucfg_weak</a>
 <LI><a href="#[4fe]">smp_add_pairing_record_to_bonding_database</a>
 <LI><a href="#[43e]">smp_cmn_is_peer_rejectlisted</a>
 <LI><a href="#[505]">smp_cmn_notify_rejectlist_penalty_timer_expiration</a>
 <LI><a href="#[4f5]">smp_cmn_pairing_phase_3_keys_receiving</a>
 <LI><a href="#[506]">smp_cmn_rejectlist_init</a>
 <LI><a href="#[507]">smp_cmn_rejectlist_start_probation_timer2</a>
 <LI><a href="#[508]">smp_cmn_repeated_attacks_protection_start</a>
 <LI><a href="#[4e1]">smp_cmn_repeated_attacks_timer_cb</a>
 <LI><a href="#[4ea]">smp_execute_actions_wrt_state_sc_phase1to2_ucfg</a>
 <LI><a href="#[59f]">smp_execute_actions_wrt_state_sc_phase1to2_ucfg_weak</a>
 <LI><a href="#[4e6]">smp_execute_actions_wrt_state_sc_phase2as2_ucfg</a>
 <LI><a href="#[5a0]">smp_execute_actions_wrt_state_sc_phase2as2_ucfg_weak</a>
 <LI><a href="#[440]">smp_find_remote_device_index</a>
 <LI><a href="#[44f]">smp_get_CSRK</a>
 <LI><a href="#[4ef]">smp_get_local_identity_address</a>
 <LI><a href="#[4ec]">smp_keys_distribution_start</a>
 <LI><a href="#[448]">smp_le_long_term_key_response</a>
 <LI><a href="#[502]">smp_oob_check_is_remote_data_present</a>
 <LI><a href="#[509]">smp_pairing_2octets_packet_send</a>
 <LI><a href="#[4e9]">smp_pairing_completed</a>
 <LI><a href="#[44a]">smp_pairing_failed_receive</a>
 <LI><a href="#[449]">smp_pairing_failed_send</a>
 <LI><a href="#[4fc]">smp_sc_SR_PairingConfirm_Receive_sc_excerpt_ucfg</a>
 <LI><a href="#[5a1]">smp_sc_SR_PairingConfirm_Receive_sc_excerpt_ucfg_weak</a>
 <LI><a href="#[4fd]">smp_sc_SR_PairingRandom_Receive_sc_excerpt_ucfg</a>
 <LI><a href="#[5a2]">smp_sc_SR_PairingRandom_Receive_sc_excerpt_ucfg_weak</a>
 <LI><a href="#[4eb]">smp_sc_SR_Pairing_Phase_2AS1_Start_sc_excerpt_ucfg</a>
 <LI><a href="#[5a3]">smp_sc_SR_Pairing_Phase_2AS1_Start_sc_excerpt_ucfg_weak</a>
 <LI><a href="#[501]">smp_sc_continue_on_exclusive_sc_pairing_ucfg</a>
 <LI><a href="#[5a4]">smp_sc_continue_on_exclusive_sc_pairing_ucfg_weak</a>
 <LI><a href="#[4bd]">smp_sc_hci_le_generate_dhkey_complete_evt_hndl_ucfg</a>
 <LI><a href="#[5a5]">smp_sc_hci_le_generate_dhkey_complete_evt_hndl_ucfg_weak</a>
 <LI><a href="#[4c1]">smp_sc_hci_le_read_local_p256_public_key_complete_evt_hndl_ucfg</a>
 <LI><a href="#[5a6]">smp_sc_hci_le_read_local_p256_public_key_complete_evt_hndl_ucfg_weak</a>
 <LI><a href="#[438]">smp_sc_init_ucfg</a>
 <LI><a href="#[5a7]">smp_sc_init_ucfg_weak</a>
 <LI><a href="#[44e]">smp_sc_is_another_sc_pairing_ongoing</a>
 <LI><a href="#[50b]">smp_sc_update_statistics_on_pairing_complete_ucfg</a>
 <LI><a href="#[5a8]">smp_sc_update_statistics_on_pairing_complete_ucfg_weak</a>
 <LI><a href="#[4f0]">smp_send_packet</a>
 <LI><a href="#[1aa]">tsk_init</a>
 <LI><a href="#[178]">tsk_notify_idx</a>
 <LI><a href="#[17a]">tsk_scheduler</a>
 <LI><a href="#[396]">tsk_signal_resource_idx</a>
 <LI><a href="#[245]">tsk_wait_resource_idx</a>
 <LI><a href="#[1a6]">BlueNRG_Stack_Initialize_ConfigData</a>
 <LI><a href="#[1a8]">BlueNRG_Stack_Initialize_Layers</a>
 <LI><a href="#[16b]">total_buffer_size_value</a>
 <LI><a href="#[1ca]">Dynamic_allocator_EVNT</a>
 <LI><a href="#[1ea]">aci_event_fifo_init</a>
 <LI><a href="#[489]">fifoBuf_getFreeHeader</a>
 <LI><a href="#[488]">fifoCtrl_init</a>
 <LI><a href="#[200]">GAP_dynamic_allocator</a>
 <LI><a href="#[20f]">GAP_limited_discoverable_event_check</a>
 <LI><a href="#[21a]">GAP_set_discoverability_mode</a>
 <LI><a href="#[285]">GAT_srv_aes_cmac_append</a>
 <LI><a href="#[286]">GAT_srv_attr_direct_value_write</a>
 <LI><a href="#[28b]">GAT_srv_check_sec_perm</a>
 <LI><a href="#[297]">GAT_srv_find_from_handle_p</a>
 <LI><a href="#[294]">GAT_srv_generate_hash</a>
 <LI><a href="#[29d]">GAT_srv_get_chr_decl_val</a>
 <LI><a href="#[29f]">GAT_srv_get_chr_descr_val</a>
 <LI><a href="#[29e]">GAT_srv_get_chr_val</a>
 <LI><a href="#[2a2]">GAT_srv_get_fast_buffer_val</a>
 <LI><a href="#[293]">GAT_srv_get_from_nvm</a>
 <LI><a href="#[29c]">GAT_srv_get_incl_srv_val</a>
 <LI><a href="#[288]">GAT_srv_get_zip_val</a>
 <LI><a href="#[299]">GAT_srv_hash_attr</a>
 <LI><a href="#[292]">GAT_srv_is_bonded</a>
 <LI><a href="#[28a]">GAT_srv_set_cccd_val</a>
 <LI><a href="#[32]">GAT_srv_set_change_unaware</a>
 <LI><a href="#[289]">GAT_srv_set_zip_val</a>
 <LI><a href="#[296]">GAT_srv_store_to_nvm</a>
 <LI><a href="#[33]">GAT_srv_tx_service_change</a>
 <LI><a href="#[287]">aci_gatt_srv_attribute_modified_event_push</a>
 <LI><a href="#[280]">GAT_srv_char_sanity_check</a>
 <LI><a href="#[27e]">GAT_srv_check_group_size</a>
 <LI><a href="#[28f]">GAT_srv_checks_for_notify</a>
 <LI><a href="#[27c]">GAT_srv_db_update_allowed</a>
 <LI><a href="#[27d]">GAT_srv_descr_sanity_check</a>
 <LI><a href="#[2ea]">L2C_discard_accumulated_acl_data</a>
 <LI><a href="#[2dd]">L2C_dynamic_allocator</a>
 <LI><a href="#[2e0]">L2C_get_link_control_block_index</a>
 <LI><a href="#[2e3]">L2C_process_basic_mode_command</a>
 <LI><a href="#[39d]">LLC_conn_get_opcode</a>
 <LI><a href="#[338]">LL_channel_selection_algorithm_2</a>
 <LI><a href="#[33d]">LL_conn_CSA_2_update_remapped_table</a>
 <LI><a href="#[33e]">LL_conn_calc_data_packet_time_st</a>
 <LI><a href="#[33c]">LL_conn_check_unmapped_channel_in_ch_map</a>
 <LI><a href="#[33f]">LL_conn_close_event</a>
 <LI><a href="#[32d]">LL_conn_copy_tx_data_packet</a>
 <LI><a href="#[34d]">LL_conn_decrement_enc_count_rx</a>
 <LI><a href="#[343]">LL_conn_get_ctrl_flds_instant</a>
 <LI><a href="#[358]">LL_conn_get_ctrl_flds_isr_p</a>
 <LI><a href="#[347]">LL_conn_get_ctrl_pdu_ctrl_fld_p</a>
 <LI><a href="#[38d]">LL_conn_init_cmn_len_upd_params</a>
 <LI><a href="#[392]">LL_conn_isr_rx_done</a>
 <LI><a href="#[391]">LL_conn_isr_tx_done</a>
 <LI><a href="#[33a]">LL_conn_modulo_37</a>
 <LI><a href="#[328]">LL_conn_slave_latency_cancelation</a>
 <LI><a href="#[326]">LL_conn_time_t1_lessthan_t2</a>
 <LI><a href="#[3b0]">LL_conn_update_cmd_rsp_timer</a>
 <LI><a href="#[36d]">LL_get_anchor_point</a>
 <LI><a href="#[339]">LL_pseudo_rand_num_gen</a>
 <LI><a href="#[374]">hci_le_connection_complete_event_push</a>
 <LI><a href="#[373]">hci_le_enhanced_connection_complete_event_push</a>
 <LI><a href="#[367]">le2ByteToInt16</a>
 <LI><a href="#[3dd]">LL_dtm_get_cntxt_p</a>
 <LI><a href="#[1d7]">EADV_start</a>
 <LI><a href="#[1e1]">EADV_stop</a>
 <LI><a href="#[119]">EADV_stop_isr</a>
 <LI><a href="#[30b]">LL_Context_ReturnFree</a>
 <LI><a href="#[31c]">LL_LE_Set_Advertising_Parameters_Default</a>
 <LI><a href="#[1df]">LL_eadv_start_legacy</a>
 <LI><a href="#[106]">UTIL_u8GetNextAdvChannel</a>
 <LI><a href="#[3e3]">aci_hal_adv_scan_resp_data_update_event_push</a>
 <LI><a href="#[118]">hci_le_advertising_set_terminated_event_push</a>
 <LI><a href="#[116]">hci_le_connection_complete_event_push</a>
 <LI><a href="#[117]">hci_le_enhanced_connection_complete_event_push</a>
 <LI><a href="#[101]">hci_le_scan_request_received_event_push</a>
 <LI><a href="#[1cb]">Dynamic_allocator_LL</a>
 <LI><a href="#[3fb]">LL_sched_calculate_priority</a>
 <LI><a href="#[3f6]">LL_sched_engine_manage_skip_cancel_slot</a>
 <LI><a href="#[3f4]">LL_sched_get_cntxt_common_p</a>
 <LI><a href="#[3f5]">LL_sched_get_cntxt_per_p</a>
 <LI><a href="#[3f7]">LL_sched_return_token</a>
 <LI><a href="#[3fa]">LL_sched_time_t1_lessthan_t2</a>
 <LI><a href="#[1d4]">Dynamic_allocator_PM</a>
 <LI><a href="#[424]">PM_Check_And_Set</a>
 <LI><a href="#[4f2]">int32ToLe4Byte</a>
 <LI><a href="#[500]">smp_Build_AuthReq_Field</a>
 <LI><a href="#[504]">smp_Build_Pairing_ReqResp_Packet</a>
 <LI><a href="#[4ff]">smp_Check_Incoming_Pairing_Parameters</a>
 <LI><a href="#[4e4]">smp_Determine_Key_Association_Method</a>
 <LI><a href="#[44d]">smp_Execute_Actions_wrt_Current_State</a>
 <LI><a href="#[4ed]">smp_Get_Long_Term_Key</a>
 <LI><a href="#[503]">smp_Get_Pairing_Parameters_From_Peer_Packet</a>
 <LI><a href="#[4e8]">smp_Keys_Distribution_Send</a>
 <LI><a href="#[4f1]">smp_LP_SR_Compute_c1_Confirm_Value</a>
 <LI><a href="#[44b]">smp_Process_Rx_Packet_wrt_Current_State</a>
 <LI><a href="#[4f4]">smp_Process_Rx_Packet_wrt_Current_State_SR_excerpt</a>
 <LI><a href="#[4fb]">smp_Set_Key_Association_Method</a>
 <LI><a href="#[4f9]">smp____SR_PairingConfirm_Receive</a>
 <LI><a href="#[4fa]">smp____SR_PairingRandom_Receive</a>
 <LI><a href="#[4f8]">smp____SR_PairingRequest_Receive</a>
 <LI><a href="#[43d]">SMP_connection_complete_handler</a>
 <LI><a href="#[43a]">aci_gap_pairing_complete_event_push</a>
 <LI><a href="#[43c]">smp_Keys_Distribution_Complete</a>
 <LI><a href="#[437]">smp_dynamic_allocator</a>
 <LI><a href="#[442]">smp_flush_rx_queues</a>
 <LI><a href="#[50a]">smp_pairing_process_abort</a>
 <LI><a href="#[43b]">smp_update_statistics_on_pairing_complete</a>
 <LI><a href="#[19c]">BleNvm_GATT_SeekRecord</a>
 <LI><a href="#[19f]">aci_hal_fw_error_event_push</a>
 <LI><a href="#[50e]">lsbit</a>
 <LI><a href="#[50c]">tsk_bitmap_init</a>
 <LI><a href="#[50d]">tsk_bitmap_merge</a>
 <LI><a href="#[221]">GAT_att_clt_check_packet</a>
 <LI><a href="#[6]">GAT_att_clt_unexpect_rx</a>
 <LI><a href="#[230]">aci_hal_fw_error_event_push</a>
 <LI><a href="#[247]">GAT_att_db_find_attr_idx_from_handle</a>
 <LI><a href="#[246]">GAT_att_db_find_attr_idx_with_conf_def</a>
 <LI><a href="#[248]">GAT_att_db_find_attr_idx_with_handle</a>
 <LI><a href="#[24d]">GAT_att_db_get_att_idx</a>
 <LI><a href="#[24c]">GAT_att_db_get_last_group_attribute</a>
 <LI><a href="#[255]">GAT_att_srv_alloc_resp_packt</a>
 <LI><a href="#[258]">GAT_att_srv_common_check</a>
 <LI><a href="#[c7]">GAT_att_srv_confirm_exc</a>
 <LI><a href="#[be]">GAT_att_srv_exchange_mtu_exc</a>
 <LI><a href="#[c6]">GAT_att_srv_exec_wr_exc</a>
 <LI><a href="#[c0]">GAT_att_srv_find_by_type_val_exc</a>
 <LI><a href="#[bf]">GAT_att_srv_find_info_exc</a>
 <LI><a href="#[25e]">GAT_att_srv_flush_rx_pckts</a>
 <LI><a href="#[256]">GAT_att_srv_get_exec_fn_id_by_op</a>
 <LI><a href="#[259]">GAT_att_srv_get_handle_range</a>
 <LI><a href="#[31]">GAT_att_srv_no_confirm_pending</a>
 <LI><a href="#[c5]">GAT_att_srv_prep_wr_exc</a>
 <LI><a href="#[c1]">GAT_att_srv_read_by_type_exc</a>
 <LI><a href="#[c2]">GAT_att_srv_read_exc</a>
 <LI><a href="#[c3]">GAT_att_srv_read_multi_exc</a>
 <LI><a href="#[26e]">GAT_att_srv_run</a>
 <LI><a href="#[276]">GAT_att_srv_send_response</a>
 <LI><a href="#[26d]">GAT_att_srv_set_attr_value_check</a>
 <LI><a href="#[264]">GAT_att_srv_value_read</a>
 <LI><a href="#[25a]">GAT_att_srv_write_err_packet</a>
 <LI><a href="#[c4]">GAT_att_srv_write_exc</a>
 <LI><a href="#[271]">GAT_srv_find_by_handle_p</a>
 <LI><a href="#[257]">PM_Get_Host_Pckt</a>
 <LI><a href="#[274]">aci_gatt_srv_read_event_push</a>
 <LI><a href="#[25f]">aci_hal_fw_error_event_push</a>
 <LI><a href="#[7]">GAT_clt_exec_empty</a>
 <LI><a href="#[27a]">GAT_clt_get_proc_per_chandle</a>
 <LI><a href="#[4c7]">hci_number_of_completed_packets_event_push</a>
 <LI><a href="#[4ca]">hci_rx_acl_data_event_push</a>
 <LI><a href="#[3ce]">LL_cpe_get_cpf</a>
 <LI><a href="#[3c2]">LL_cpe_get_ctrl_flds_common_p</a>
 <LI><a href="#[4ce]">LL_cpe_is_opcode_supporting_instant</a>
 <LI><a href="#[3ca]">LL_cpe_rxctrlpdu_checkreject</a>
 <LI><a href="#[4cd]">ll_cpe_check_instant_blocked</a>
 <LI><a href="#[3c3]">ll_cpe_check_rx_pdu_can_be_processed</a>
 <LI><a href="#[3cc]">ll_cpe_check_tx_terminate_in_progress</a>
 <LI><a href="#[4d1]">ll_cpe_clr_rx_pdu_discarded_by_one_sm</a>
 <LI><a href="#[4d0]">ll_cpe_get_active</a>
 <LI><a href="#[3c4]">ll_cpe_get_blocked_status</a>
 <LI><a href="#[3c0]">ll_cpe_get_cpid_from_sm</a>
 <LI><a href="#[3c1]">ll_cpe_get_ctrl_flds_per_sm_p</a>
 <LI><a href="#[3c7]">ll_cpe_get_expected_opcode</a>
 <LI><a href="#[4d3]">ll_cpe_get_instant_active</a>
 <LI><a href="#[4cf]">ll_cpe_get_instant_supported</a>
 <LI><a href="#[4d2]">ll_cpe_get_other_sm_init_type</a>
 <LI><a href="#[4d4]">ll_cpe_get_rx_pdu_discarded_by_one_sm</a>
 <LI><a href="#[3c8]">ll_cpe_get_state</a>
 <LI><a href="#[3c5]">ll_cpe_handle_isr_disconnect</a>
 <LI><a href="#[4d6]">ll_cpe_process_rx_pdu</a>
 <LI><a href="#[3d5]">ll_cpe_reset_state_machines</a>
 <LI><a href="#[4d7]">ll_cpe_set_expected_opcode</a>
 <LI><a href="#[4d8]">ll_cpe_state_dormant</a>
 <LI><a href="#[3cd]">ll_cpe_state_machine</a>
 <LI><a href="#[4da]">ll_cpe_state_wait4ack</a>
 <LI><a href="#[4db]">ll_cpe_state_wait4rsp</a>
 <LI><a href="#[4d9]">ll_cpe_state_wait4tx</a>
 <LI><a href="#[3cb]">valid_first_opcode</a>
 <LI><a href="#[3c6]">valid_opcode</a>
 <LI><a href="#[42b]">Reclassify_channel</a>
 <LI><a href="#[3e6]">hci_encryption_change_event_push</a>
 <LI><a href="#[3e7]">hci_encryption_key_refresh_complete_event_push</a>
 <LI><a href="#[3e4]">le3ByteToInt32</a>
 <LI><a href="#[3e5]">le4ByteToInt32</a>
 <LI><a href="#[2fd]">LLC_authenticated_payload_timeout_start_le_ping</a>
 <LI><a href="#[3ee]">LL_priv_Innerlist_size</a>
 <LI><a href="#[3f2]">LL_priv_RemoveAddrInEachListIndex</a>
 <LI><a href="#[451]">sma_Calculate_Hash</a>
 <LI><a href="#[4e2]">sma_generate_subkeys</a>
 <LI><a href="#[4e3]">sma_left_shift</a>
 <LI><a href="#[1b6]">Timer_StartFirstActive_sysT</a>
 <LI><a href="#[1b7]">Timer_TryStartFirstActive</a>
 <LI><a href="#[3ea]">hci_le_read_remote_used_features_complete_event_push</a>
 <LI><a href="#[3fc]">hci_read_remote_version_information_complete_event_push</a>
</UL>
</UL>
<P>
<H3>
Function Pointers
</H3><UL>
 <LI><a href="#[1a]">ADC_IRQHandler</a> from system_bluenrg_lp.o(i.ADC_IRQHandler) referenced from system_bluenrg_lp.o(.intvec)
 <LI><a href="#[42]">ADV_ISR</a> from ll_ext_adv.o(i.ADV_ISR) referenced from ll_ext_adv.o(i.LL_eadv_start_legacy)
 <LI><a href="#[41]">ADV_cancelslot</a> from ll_ext_adv.o(i.ADV_cancelslot) referenced from ll_ext_adv.o(i.LL_eadv_start_legacy)
 <LI><a href="#[43]">ADV_createslot</a> from ll_ext_adv.o(i.ADV_createslot) referenced from ll_ext_adv.o(i.LL_eadv_start_legacy)
 <LI><a href="#[44]">ADV_skiproutine</a> from ll_ext_adv.o(i.ADV_skiproutine) referenced from ll_ext_adv.o(i.LL_eadv_start_legacy)
 <LI><a href="#[21]">BLE_AES_IRQHandler</a> from system_bluenrg_lp.o(i.BLE_AES_IRQHandler) referenced from system_bluenrg_lp.o(.intvec)
 <LI><a href="#[22]">BLE_ERROR_IRQHandler</a> from bluenrg_lp_it.o(i.BLE_ERROR_IRQHandler) referenced from system_bluenrg_lp.o(.intvec)
 <LI><a href="#[27]">BLE_RXTX_SEQ_IRQHandler</a> from system_bluenrg_lp.o(i.BLE_RXTX_SEQ_IRQHandler) referenced from system_bluenrg_lp.o(.intvec)
 <LI><a href="#[20]">BLE_TX_RX_IRQHandler</a> from bluenrg_lp_it.o(i.BLE_TX_RX_IRQHandler) referenced from system_bluenrg_lp.o(.intvec)
 <LI><a href="#[26]">BLE_WKUP_IRQHandler</a> from bluenrg_lp_it.o(i.BLE_WKUP_IRQHandler) referenced from system_bluenrg_lp.o(.intvec)
 <LI><a href="#[25]">CPU_WKUP_IRQHandler</a> from bluenrg_lp_it.o(i.CPU_WKUP_IRQHandler) referenced from system_bluenrg_lp.o(.intvec)
 <LI><a href="#[61]">Controller_Process_Q</a> from hci_common.o(i.Controller_Process_Q) referenced from stacklib_tasks.o(.constdata)
 <LI><a href="#[1f]">DMA_IRQHandler</a> from bluenrg_lp_it.o(i.DMA_IRQHandler) referenced from system_bluenrg_lp.o(.intvec)
 <LI><a href="#[2c]">EADV_Offline_Callback</a> from ll_ext_adv.o(i.EADV_Offline_Callback) referenced from ll_ext_adv.o(i.EADV_init)
 <LI><a href="#[4b]">Events_Process_Q</a> from events.o(i.Events_Process_Q) referenced from stacklib_tasks.o(.constdata)
 <LI><a href="#[e]">FLASH_IRQHandler</a> from system_bluenrg_lp.o(i.FLASH_IRQHandler) referenced from system_bluenrg_lp.o(.intvec)
 <LI><a href="#[50]">GAP_name_disc_proc_connected_check</a> from gap_master.o(i.GAP_name_disc_proc_connected_check) referenced from stacklib_tasks.o(.constdata)
 <LI><a href="#[6]">GAT_att_clt_unexpect_rx</a> from gat_att_clt.o(i.GAT_att_clt_unexpect_rx) referenced 2 times from gat_att_clt.o(.data)
 <LI><a href="#[30]">GAT_att_cmn_handle_disconnec_iterate_f</a> from gat_att_cmn.o(i.GAT_att_cmn_handle_disconnec_iterate_f) referenced from gat_att_cmn.o(i.GAT_att_cmn_timer_expire_tsk)
 <LI><a href="#[51]">GAT_att_cmn_send_pending_tsk</a> from gat_att_cmn.o(i.GAT_att_cmn_send_pending_tsk) referenced from stacklib_tasks.o(.constdata)
 <LI><a href="#[2f]">GAT_att_cmn_timeout_cb</a> from gat_att_cmn.o(i.GAT_att_cmn_timeout_cb) referenced from gat_att_cmn.o(i.GAT_att_cmn_timeout_cb_wrapper)
 <LI><a href="#[2e]">GAT_att_cmn_timeout_cb_wrapper</a> from gat_att_cmn.o(i.GAT_att_cmn_timeout_cb_wrapper) referenced from gat_att_cmn.o(i.GAT_att_cmn_init)
 <LI><a href="#[52]">GAT_att_cmn_timer_expire_tsk</a> from gat_att_cmn.o(i.GAT_att_cmn_timer_expire_tsk) referenced from stacklib_tasks.o(.constdata)
 <LI><a href="#[53]">GAT_att_cmn_tx_pool_evt_tsk</a> from gat_att_cmn.o(i.GAT_att_cmn_tx_pool_evt_tsk) referenced from stacklib_tasks.o(.constdata)
 <LI><a href="#[c7]">GAT_att_srv_confirm_exc</a> from gat_att_srv.o(i.GAT_att_srv_confirm_exc) referenced from gat_att_srv.o(.constdata)
 <LI><a href="#[be]">GAT_att_srv_exchange_mtu_exc</a> from gat_att_srv.o(i.GAT_att_srv_exchange_mtu_exc) referenced from gat_att_srv.o(.constdata)
 <LI><a href="#[c6]">GAT_att_srv_exec_wr_exc</a> from gat_att_srv.o(i.GAT_att_srv_exec_wr_exc) referenced from gat_att_srv.o(.constdata)
 <LI><a href="#[c0]">GAT_att_srv_find_by_type_val_exc</a> from gat_att_srv.o(i.GAT_att_srv_find_by_type_val_exc) referenced from gat_att_srv.o(.constdata)
 <LI><a href="#[bf]">GAT_att_srv_find_info_exc</a> from gat_att_srv.o(i.GAT_att_srv_find_info_exc) referenced from gat_att_srv.o(.constdata)
 <LI><a href="#[31]">GAT_att_srv_no_confirm_pending</a> from gat_att_srv.o(i.GAT_att_srv_no_confirm_pending) referenced from gat_att_srv.o(i.GAT_att_srv_confirmation_pending)
 <LI><a href="#[c5]">GAT_att_srv_prep_wr_exc</a> from gat_att_srv.o(i.GAT_att_srv_prep_wr_exc) referenced from gat_att_srv.o(.constdata)
 <LI><a href="#[54]">GAT_att_srv_process_rx_pckt_tsk</a> from gat_att_srv.o(i.GAT_att_srv_process_rx_pckt_tsk) referenced from stacklib_tasks.o(.constdata)
 <LI><a href="#[c1]">GAT_att_srv_read_by_type_exc</a> from gat_att_srv.o(i.GAT_att_srv_read_by_type_exc) referenced 2 times from gat_att_srv.o(.constdata)
 <LI><a href="#[c2]">GAT_att_srv_read_exc</a> from gat_att_srv.o(i.GAT_att_srv_read_exc) referenced 2 times from gat_att_srv.o(.constdata)
 <LI><a href="#[c3]">GAT_att_srv_read_multi_exc</a> from gat_att_srv.o(i.GAT_att_srv_read_multi_exc) referenced from gat_att_srv.o(.constdata)
 <LI><a href="#[c4]">GAT_att_srv_write_exc</a> from gat_att_srv.o(i.GAT_att_srv_write_exc) referenced 3 times from gat_att_srv.o(.constdata)
 <LI><a href="#[7]">GAT_clt_exec_empty</a> from gat_clt.o(i.GAT_clt_exec_empty) referenced 2 times from gat_clt.o(.data)
 <LI><a href="#[57]">GAT_clt_proc_exec_tsk</a> from gat_clt.o(i.GAT_clt_proc_exec_tsk) referenced from stacklib_tasks.o(.constdata)
 <LI><a href="#[55]">GAT_srv_db_hash_tsk</a> from gat_srv.o(i.GAT_srv_db_hash_tsk) referenced from stacklib_tasks.o(.constdata)
 <LI><a href="#[56]">GAT_srv_send_srv_change_tsk</a> from gat_srv.o(i.GAT_srv_send_srv_change_tsk) referenced from stacklib_tasks.o(.constdata)
 <LI><a href="#[32]">GAT_srv_set_change_unaware</a> from gat_srv.o(i.GAT_srv_set_change_unaware) referenced from gat_srv.o(i.GAT_srv_generate_hash)
 <LI><a href="#[33]">GAT_srv_tx_service_change</a> from gat_srv.o(i.GAT_srv_tx_service_change) referenced from gat_srv.o(i.GAT_srv_send_srv_change_tsk)
 <LI><a href="#[1d]">GPIOA_IRQHandler</a> from system_bluenrg_lp.o(i.GPIOA_IRQHandler) referenced from system_bluenrg_lp.o(.intvec)
 <LI><a href="#[1e]">GPIOB_IRQHandler</a> from system_bluenrg_lp.o(i.GPIOB_IRQHandler) referenced from system_bluenrg_lp.o(.intvec)
 <LI><a href="#[a]">HardFault_IRQHandler</a> from bluenrg_lp_it.o(i.HardFault_IRQHandler) referenced from system_bluenrg_lp.o(.intvec)
 <LI><a href="#[11]">I2C1_IRQHandler</a> from system_bluenrg_lp.o(i.I2C1_IRQHandler) referenced from system_bluenrg_lp.o(.intvec)
 <LI><a href="#[12]">I2C2_IRQHandler</a> from system_bluenrg_lp.o(i.I2C2_IRQHandler) referenced from system_bluenrg_lp.o(.intvec)
 <LI><a href="#[4f]">L2C_cos_perform_pdu_reassembly_tsk_ucfg</a> from l2c_cos_resource_manager.o(i.L2C_cos_perform_pdu_reassembly_tsk_ucfg_weak) referenced from stacklib_tasks.o(.constdata)
 <LI><a href="#[4d]">L2C_cos_perform_sdu_segmentation_tsk_ucfg</a> from l2c_cos_resource_manager.o(i.L2C_cos_perform_sdu_segmentation_tsk_ucfg_weak) referenced from stacklib_tasks.o(.constdata)
 <LI><a href="#[4c]">L2C_cos_process_pending_actions_tsk_ucfg</a> from l2c_cos_common.o(i.L2C_cos_process_pending_actions_tsk_ucfg_weak) referenced from stacklib_tasks.o(.constdata)
 <LI><a href="#[4e]">L2C_cos_transmit_pdu_packets_tsk_ucfg</a> from l2c_cos_resource_manager.o(i.L2C_cos_transmit_pdu_packets_tsk_ucfg_weak) referenced from stacklib_tasks.o(.constdata)
 <LI><a href="#[5f]">LLC_authenticated_payload_timeout_processing</a> from ll_cpf_le_ping.o(i.LLC_authenticated_payload_timeout_processing) referenced from stacklib_tasks.o(.constdata)
 <LI><a href="#[40]">LLC_le_ping</a> from ll_cpf_le_ping.o(i.LLC_le_ping) referenced from ll_cpe.o(i.LL_cpe_init)
 <LI><a href="#[5d]">LLC_offline_control_procedures_processing</a> from hci_common.o(i.LLC_offline_control_procedures_processing) referenced from stacklib_tasks.o(.constdata)
 <LI><a href="#[3d]">LL_channel_map_update</a> from ll_cpf_channel_map_update.o(i.LL_channel_map_update) referenced from ll_cpe.o(i.LL_cpe_init)
 <LI><a href="#[38]">LL_conn_isr</a> from ll_connect.o(i.LL_conn_isr) referenced from ll_connect.o(i.LL_conn_go_to_connect)
 <LI><a href="#[39]">LL_conn_program_next_taskslot</a> from ll_connect.o(i.LL_conn_program_next_taskslot) referenced from ll_connect.o(i.LL_conn_go_to_connect)
 <LI><a href="#[3a]">LL_conn_reschedule_taskslot_params</a> from ll_connect.o(i.LL_conn_reschedule_taskslot_params) referenced from ll_connect.o(i.LL_conn_go_to_connect)
 <LI><a href="#[60]">LL_conn_slave_sleep_latency_cancellation_check</a> from hci_common.o(i.LL_conn_slave_sleep_latency_cancellation_check) referenced from stacklib_tasks.o(.constdata)
 <LI><a href="#[37]">LL_connect_cancel_taskslot_dummy</a> from ll_connect.o(i.LL_connect_cancel_taskslot_dummy) referenced from ll_connect.o(i.LL_conn_go_to_connect)
 <LI><a href="#[3b]">LL_cpf_conn_upd</a> from ll_cpf_connection_update.o(i.LL_cpf_conn_upd) referenced from ll_cpe.o(i.LL_cpe_init)
 <LI><a href="#[3c]">LL_encryption</a> from ll_cpf_encryption.o(i.LL_encryption) referenced from ll_cpe.o(i.LL_cpe_init)
 <LI><a href="#[3e]">LL_feature_exchange</a> from ll_cpf_feature_exchange.o(i.LL_feature_exchange) referenced from ll_cpe.o(i.LL_cpe_init)
 <LI><a href="#[2b]">LL_priv_notallow_resolvinglistaccess_function</a> from ll_ext_adv.o(i.LL_priv_notallow_resolvinglistaccess_function) referenced from ll_ext_adv.o(i.EADV_init)
 <LI><a href="#[5c]">LL_priv_u8OfflineProcessing_ucfg</a> from ll_privacy.o(i.LL_priv_u8OfflineProcessing_ucfg_weak) referenced from stacklib_tasks.o(.constdata)
 <LI><a href="#[3f]">LL_version_exchange</a> from ll_cpf_version_exchange.o(i.LL_version_exchange) referenced from ll_cpe.o(i.LL_cpe_init)
 <LI><a href="#[17]">LPUART1_IRQHandler</a> from system_bluenrg_lp.o(i.LPUART1_IRQHandler) referenced from system_bluenrg_lp.o(.intvec)
 <LI><a href="#[24]">MR_BLE_IRQHandler</a> from system_bluenrg_lp.o(i.MR_BLE_IRQHandler) referenced from system_bluenrg_lp.o(.intvec)
 <LI><a href="#[9]">NMI_IRQHandler</a> from bluenrg_lp_it.o(i.NMI_IRQHandler) referenced from system_bluenrg_lp.o(.intvec)
 <LI><a href="#[1b]">PKA_IRQHandler</a> from pka_manager_bluenrg_lp.o(i.PKA_IRQHandler) referenced from system_bluenrg_lp.o(.intvec)
 <LI><a href="#[2a]">PRIV_offline_callbackr</a> from ll_ext_adv.o(i.PRIV_offline_callbackr) referenced from ll_ext_adv.o(i.EADV_init)
 <LI><a href="#[10]">PVD_IRQHandler</a> from system_bluenrg_lp.o(i.PVD_IRQHandler) referenced from system_bluenrg_lp.o(.intvec)
 <LI><a href="#[c]">PendSV_IRQHandler</a> from system_bluenrg_lp.o(i.PendSV_IRQHandler) referenced from system_bluenrg_lp.o(.intvec)
 <LI><a href="#[49]">Process_InputData</a> from serial_port.o(i.Process_InputData) referenced from ble_serialport_main.o(i.main)
 <LI><a href="#[23]">RADIO_CTRL_IRQHandler</a> from system_bluenrg_lp.o(i.RADIO_CTRL_IRQHandler) referenced from system_bluenrg_lp.o(.intvec)
 <LI><a href="#[f]">RCC_IRQHandler</a> from system_bluenrg_lp.o(i.RCC_IRQHandler) referenced from system_bluenrg_lp.o(.intvec)
 <LI><a href="#[8]">RESET_HANDLER</a> from system_bluenrg_lp.o(i.RESET_HANDLER) referenced from system_bluenrg_lp.o(.intvec)
 <LI><a href="#[19]">RTC_IRQHandler</a> from system_bluenrg_lp.o(i.RTC_IRQHandler) referenced from system_bluenrg_lp.o(.intvec)
 <LI><a href="#[5a]">SMP_process_pending_rx_packets_tsk</a> from securitymgr.o(i.SMP_process_pending_rx_packets_tsk) referenced from stacklib_tasks.o(.constdata)
 <LI><a href="#[58]">SMP_process_sc_ecc_pk_generation_tsk_ucfg</a> from securitymgr.o(i.SMP_process_sc_ecc_pk_generation_tsk_ucfg_weak) referenced from stacklib_tasks.o(.constdata)
 <LI><a href="#[59]">SMP_process_state_transition_actions_tsk</a> from securitymgr.o(i.SMP_process_state_transition_actions_tsk) referenced from stacklib_tasks.o(.constdata)
 <LI><a href="#[13]">SPI1_IRQHandler</a> from system_bluenrg_lp.o(i.SPI1_IRQHandler) referenced from system_bluenrg_lp.o(.intvec)
 <LI><a href="#[14]">SPI2_IRQHandler</a> from system_bluenrg_lp.o(i.SPI2_IRQHandler) referenced from system_bluenrg_lp.o(.intvec)
 <LI><a href="#[15]">SPI3_IRQHandler</a> from system_bluenrg_lp.o(i.SPI3_IRQHandler) referenced from system_bluenrg_lp.o(.intvec)
 <LI><a href="#[b]">SVC_IRQHandler</a> from bluenrg_lp_it.o(i.SVC_IRQHandler) referenced from system_bluenrg_lp.o(.intvec)
 <LI><a href="#[d]">SysTick_IRQHandler</a> from bluenrg_lp_it.o(i.SysTick_IRQHandler) referenced from system_bluenrg_lp.o(.intvec)
 <LI><a href="#[18]">TIM1_IRQHandler</a> from system_bluenrg_lp.o(i.TIM1_IRQHandler) referenced from system_bluenrg_lp.o(.intvec)
 <LI><a href="#[1c]">UPCONV_IRQHandler</a> from system_bluenrg_lp.o(i.UPCONV_IRQHandler) referenced from system_bluenrg_lp.o(.intvec)
 <LI><a href="#[16]">USART1_IRQHandler</a> from bluenrg_lp_it.o(i.USART1_IRQHandler) referenced from system_bluenrg_lp.o(.intvec)
 <LI><a href="#[29]">_printf_input_char</a> from _printf_char_common.o(.text) referenced from _printf_char_common.o(.text)
 <LI><a href="#[a3]">aci_att_clt_exec_write_resp_event_cb</a> from events_gatt.o(i.aci_att_clt_exec_write_resp_event_cb) referenced from events_int.o(.constdata)
 <LI><a href="#[9c]">aci_att_clt_find_by_type_value_resp_event_cb</a> from events_gatt.o(i.aci_att_clt_find_by_type_value_resp_event_cb) referenced from events_int.o(.constdata)
 <LI><a href="#[9b]">aci_att_clt_find_info_resp_event_cb</a> from events_gatt.o(i.aci_att_clt_find_info_resp_event_cb) referenced from events_int.o(.constdata)
 <LI><a href="#[a2]">aci_att_clt_prepare_write_resp_event_cb</a> from events_gatt.o(i.aci_att_clt_prepare_write_resp_event_cb) referenced from events_int.o(.constdata)
 <LI><a href="#[9f]">aci_att_clt_read_blob_resp_event_cb</a> from events_gatt.o(i.aci_att_clt_read_blob_resp_event_cb) referenced from events_int.o(.constdata)
 <LI><a href="#[a1]">aci_att_clt_read_by_group_type_resp_event_cb</a> from events_gatt.o(i.aci_att_clt_read_by_group_type_resp_event_cb) referenced from events_int.o(.constdata)
 <LI><a href="#[9d]">aci_att_clt_read_by_type_resp_event_cb</a> from events_gatt.o(i.aci_att_clt_read_by_type_resp_event_cb) referenced from events_int.o(.constdata)
 <LI><a href="#[a0]">aci_att_clt_read_multiple_resp_event_cb</a> from events_gatt.o(i.aci_att_clt_read_multiple_resp_event_cb) referenced from events_int.o(.constdata)
 <LI><a href="#[9e]">aci_att_clt_read_resp_event_cb</a> from events_gatt.o(i.aci_att_clt_read_resp_event_cb) referenced from events_int.o(.constdata)
 <LI><a href="#[9a]">aci_att_exchange_mtu_resp_event_cb</a> from events_gatt.o(i.aci_att_exchange_mtu_resp_event_cb) referenced from events_int.o(.constdata)
 <LI><a href="#[ae]">aci_att_srv_exec_write_req_event_cb</a> from events_gatt.o(i.aci_att_srv_exec_write_req_event_cb) referenced from events_int.o(.constdata)
 <LI><a href="#[ad]">aci_att_srv_prepare_write_req_event_cb</a> from events_gatt.o(i.aci_att_srv_prepare_write_req_event_cb) referenced from events_int.o(.constdata)
 <LI><a href="#[8c]">aci_gap_addr_not_resolved_event_cb</a> from events_gap.o(i.aci_gap_addr_not_resolved_event_cb) referenced from events_int.o(.constdata)
 <LI><a href="#[8a]">aci_gap_bond_lost_event_cb</a> from events_smp.o(i.aci_gap_bond_lost_event_cb) referenced from events_int.o(.constdata)
 <LI><a href="#[8e]">aci_gap_keypress_notification_event_cb_ucfg</a> from events_smp.o(i.aci_gap_keypress_notification_event_cb_ucfg_weak) referenced from events_int.o(.constdata)
 <LI><a href="#[86]">aci_gap_limited_discoverable_event_cb</a> from events_gap.o(i.aci_gap_limited_discoverable_event_cb) referenced from events_int.o(.constdata)
 <LI><a href="#[8d]">aci_gap_numeric_comparison_value_event_cb_ucfg</a> from events_smp.o(i.aci_gap_numeric_comparison_value_event_cb_ucfg_weak) referenced from events_int.o(.constdata)
 <LI><a href="#[87]">aci_gap_pairing_complete_event_cb</a> from events_smp.o(i.aci_gap_pairing_complete_event_cb) referenced from events_int.o(.constdata)
 <LI><a href="#[88]">aci_gap_pass_key_req_event_cb</a> from events_smp.o(i.aci_gap_pass_key_req_event_cb) referenced from events_int.o(.constdata)
 <LI><a href="#[8b]">aci_gap_proc_complete_event_cb</a> from events_gap.o(i.aci_gap_proc_complete_event_cb) referenced from events_int.o(.constdata)
 <LI><a href="#[89]">aci_gap_slave_security_initiated_event_cb</a> from events_smp.o(i.aci_gap_slave_security_initiated_event_cb) referenced from events_int.o(.constdata)
 <LI><a href="#[a8]">aci_gatt_clt_disc_read_char_by_uuid_resp_event_cb</a> from events_gatt.o(i.aci_gatt_clt_disc_read_char_by_uuid_resp_event_cb) referenced from events_int.o(.constdata)
 <LI><a href="#[a7]">aci_gatt_clt_error_resp_event_cb</a> from events_gatt.o(i.aci_gatt_clt_error_resp_event_cb) referenced from events_int.o(.constdata)
 <LI><a href="#[a4]">aci_gatt_clt_indication_event_cb</a> from events_gatt.o(i.aci_gatt_clt_indication_event_cb) referenced from events_int.o(.constdata)
 <LI><a href="#[a5]">aci_gatt_clt_notification_event_cb</a> from events_gatt.o(i.aci_gatt_clt_notification_event_cb) referenced from events_int.o(.constdata)
 <LI><a href="#[a6]">aci_gatt_clt_proc_complete_event_cb</a> from events_gatt.o(i.aci_gatt_clt_proc_complete_event_cb) referenced from events_int.o(.constdata)
 <LI><a href="#[99]">aci_gatt_proc_timeout_event_cb</a> from events_gatt.o(i.aci_gatt_proc_timeout_event_cb) referenced from events_int.o(.constdata)
 <LI><a href="#[98]">aci_gatt_srv_attribute_modified_event_cb</a> from events_gatt.o(i.aci_gatt_srv_attribute_modified_event_cb) referenced from events_int.o(.constdata)
 <LI><a href="#[aa]">aci_gatt_srv_confirmation_event_cb</a> from events_gatt.o(i.aci_gatt_srv_confirmation_event_cb) referenced from events_int.o(.constdata)
 <LI><a href="#[ab]">aci_gatt_srv_read_event_cb</a> from events_gatt.o(i.aci_gatt_srv_read_event_cb) referenced from events_int.o(.constdata)
 <LI><a href="#[ac]">aci_gatt_srv_write_event_cb</a> from events_gatt.o(i.aci_gatt_srv_write_event_cb) referenced from events_int.o(.constdata)
 <LI><a href="#[a9]">aci_gatt_tx_pool_available_event_cb</a> from events_gatt.o(i.aci_gatt_tx_pool_available_event_cb) referenced from events_int.o(.constdata)
 <LI><a href="#[75]">aci_hal_adv_scan_resp_data_update_event_cb</a> from events_llc.o(i.aci_hal_adv_scan_resp_data_update_event_cb) referenced from events_int.o(.constdata)
 <LI><a href="#[74]">aci_hal_fw_error_event_cb</a> from events_llc.o(i.aci_hal_fw_error_event_cb) referenced from events_int.o(.constdata)
 <LI><a href="#[73]">aci_hal_scan_req_report_event_cb_ucfg</a> from events_llc.o(i.aci_hal_scan_req_report_event_cb_ucfg_weak) referenced from events_int.o(.constdata)
 <LI><a href="#[92]">aci_l2cap_cfc_connection_event_cb_ucfg</a> from events_l2cap.o(i.aci_l2cap_cfc_connection_event_cb_ucfg_weak) referenced from events_int.o(.constdata)
 <LI><a href="#[95]">aci_l2cap_command_reject_event_cb</a> from events_l2cap.o(i.aci_l2cap_command_reject_event_cb) referenced from events_int.o(.constdata)
 <LI><a href="#[91]">aci_l2cap_connection_update_req_event_cb</a> from events_l2cap.o(i.aci_l2cap_connection_update_req_event_cb) referenced from events_int.o(.constdata)
 <LI><a href="#[8f]">aci_l2cap_connection_update_resp_event_cb</a> from events_l2cap.o(i.aci_l2cap_connection_update_resp_event_cb) referenced from events_int.o(.constdata)
 <LI><a href="#[93]">aci_l2cap_disconnection_complete_event_cb_ucfg</a> from events_l2cap.o(i.aci_l2cap_disconnection_complete_event_cb_ucfg_weak) referenced from events_int.o(.constdata)
 <LI><a href="#[94]">aci_l2cap_flow_control_credit_event_cb_ucfg</a> from events_l2cap.o(i.aci_l2cap_flow_control_credit_event_cb_ucfg_weak) referenced from events_int.o(.constdata)
 <LI><a href="#[90]">aci_l2cap_proc_timeout_event_cb</a> from events_l2cap.o(i.aci_l2cap_proc_timeout_event_cb) referenced from events_int.o(.constdata)
 <LI><a href="#[97]">aci_l2cap_sdu_data_rx_event_cb_ucfg</a> from events_l2cap.o(i.aci_l2cap_sdu_data_rx_event_cb_ucfg_weak) referenced from events_int.o(.constdata)
 <LI><a href="#[96]">aci_l2cap_sdu_data_tx_event_cb_ucfg</a> from events_l2cap.o(i.aci_l2cap_sdu_data_tx_event_cb_ucfg_weak) referenced from events_int.o(.constdata)
 <LI><a href="#[34]">calibration_callback</a> from rf_driver_hal_vtimer.o(i.calibration_callback) referenced from rf_driver_hal_vtimer.o(i.HAL_VTIMER_Init)
 <LI><a href="#[5e]">channel_Update_Offline_Processing</a> from ll_cpf_channel_map_update.o(i.channel_Update_Offline_Processing) referenced from stacklib_tasks.o(.constdata)
 <LI><a href="#[28]">fputc</a> from bluenrg_lp_evb_com.o(i.fputc) referenced from _printf_char_file.o(.text)
 <LI><a href="#[46]">gap_timers_callback</a> from gap_common.o(i.gap_timers_callback) referenced from gap_common.o(i.gap_timers_callback_wrapper)
 <LI><a href="#[2d]">gap_timers_callback_wrapper</a> from gap_common.o(i.gap_timers_callback_wrapper) referenced from gap_common.o(i.GAP_init_context)
 <LI><a href="#[5b]">hci_acl_Process_Q</a> from hci_acl_data.o(i.hci_acl_Process_Q) referenced from stacklib_tasks.o(.constdata)
 <LI><a href="#[b0]">hci_acl_data_ind_event_int_cb</a> from acl.o(i.hci_acl_data_ind_event_int_cb) referenced from events_int.o(.constdata)
 <LI><a href="#[af]">hci_acl_data_tx_cmpl_event_int_cb</a> from acl.o(i.hci_acl_data_tx_cmpl_event_int_cb) referenced from events_int.o(.constdata)
 <LI><a href="#[72]">hci_authenticated_payload_timeout_expired_event_cb</a> from events_hci.o(i.hci_authenticated_payload_timeout_expired_event_cb) referenced from events_int.o(.constdata)
 <LI><a href="#[71]">hci_data_buffer_overflow_event_cb</a> from events_hci.o(i.hci_data_buffer_overflow_event_cb) referenced from events_int.o(.constdata)
 <LI><a href="#[62]">hci_disconnection_complete_event_cb</a> from events_hci.o(i.hci_disconnection_complete_event_cb) referenced from events_int.o(.constdata)
 <LI><a href="#[b1]">hci_disconnection_complete_event_int_cb</a> from events.o(i.hci_disconnection_complete_event_int_cb) referenced from events_int.o(.constdata)
 <LI><a href="#[63]">hci_encryption_change_event_cb</a> from events_hci.o(i.hci_encryption_change_event_cb) referenced from events_int.o(.constdata)
 <LI><a href="#[b2]">hci_encryption_change_event_int_cb</a> from events.o(i.hci_encryption_change_event_int_cb) referenced from events_int.o(.constdata)
[...]
<LI><a href="#[359]">&gt;&gt;</a>&nbsp;&nbsp;&nbsp;LL_conn_get_disconnect_reason
<LI><a href="#[2fb]">&gt;&gt;</a>&nbsp;&nbsp;&nbsp;LL_conn_get_cntxt_per_p
<LI><a href="#[341]">&gt;&gt;</a>&nbsp;&nbsp;&nbsp;LL_conn_clr_disconnect_reason
<LI><a href="#[238]">&gt;&gt;</a>&nbsp;&nbsp;&nbsp;ACL_list_init
<LI><a href="#[3f1]">&gt;&gt;</a>&nbsp;&nbsp;&nbsp;LL_priv_remove_from_ConnIDList
<LI><a href="#[4d5]">&gt;&gt;</a>&nbsp;&nbsp;&nbsp;LL_past_initialize_connect_context_ucfg
<LI><a href="#[2fe]">&gt;&gt;</a>&nbsp;&nbsp;&nbsp;LLC_authenticated_payload_timeout_reset
<LI><a href="#[3d5]">&gt;&gt;</a>&nbsp;&nbsp;&nbsp;ll_cpe_reset_state_machines
</UL>
<BR>[Called By]<UL><LI><a href="#[1c9]">&gt;&gt;</a>&nbsp;&nbsp;&nbsp;LL_cpe_engine
</UL>

<P><STRONG><a name="[4d6]"></a>ll_cpe_process_rx_pdu</STRONG> (Thumb, 364 bytes, Stack size unknown bytes, ll_cpe.o(i.ll_cpe_process_rx_pdu))
<BR><BR>[Stack]<UL><LI>Max Depth = 8 + Unknown Stack Size
<LI>Call Chain = ll_cpe_process_rx_pdu &rArr; valid_first_opcode &rArr; __ARM_common_switch8
</UL>
<BR>[Calls]<UL><LI><a href="#[39f]">&gt;&gt;</a>&nbsp;&nbsp;&nbsp;ll_cpe_get_cpid_from_opcode
<LI><a href="#[2ff]">&gt;&gt;</a>&nbsp;&nbsp;&nbsp;LL_cpe_get_active_status
<LI><a href="#[32b]">&gt;&gt;</a>&nbsp;&nbsp;&nbsp;LL_conn_get_ctrl_pdu_data_p
<LI><a href="#[2fb]">&gt;&gt;</a>&nbsp;&nbsp;&nbsp;LL_conn_get_cntxt_per_p
<LI><a href="#[348]">&gt;&gt;</a>&nbsp;&nbsp;&nbsp;LL_conn_clr_rx_ctrl_pdu_full
<LI><a href="#[3cb]">&gt;&gt;</a>&nbsp;&nbsp;&nbsp;valid_first_opcode
<LI><a href="#[4d7]">&gt;&gt;</a>&nbsp;&nbsp;&nbsp;ll_cpe_set_expected_opcode
<LI><a href="#[3c8]">&gt;&gt;</a>&nbsp;&nbsp;&nbsp;ll_cpe_get_state
<LI><a href="#[4d2]">&gt;&gt;</a>&nbsp;&nbsp;&nbsp;ll_cpe_get_other_sm_init_type
<LI><a href="#[4cf]">&gt;&gt;</a>&nbsp;&nbsp;&nbsp;ll_cpe_get_instant_supported
<LI><a href="#[3c7]">&gt;&gt;</a>&nbsp;&nbsp;&nbsp;ll_cpe_get_expected_opcode
<LI><a href="#[3c0]">&gt;&gt;</a>&nbsp;&nbsp;&nbsp;ll_cpe_get_cpid_from_sm
<LI><a href="#[3c4]">&gt;&gt;</a>&nbsp;&nbsp;&nbsp;ll_cpe_get_blocked_status
<LI><a href="#[4cd]">&gt;&gt;</a>&nbsp;&nbsp;&nbsp;ll_cpe_check_instant_blocked
<LI><a href="#[3ca]">&gt;&gt;</a>&nbsp;&nbsp;&nbsp;LL_cpe_rxctrlpdu_checkreject
<LI><a href="#[4ce]">&gt;&gt;</a>&nbsp;&nbsp;&nbsp;LL_cpe_is_opcode_supporting_instant
<LI><a href="#[3ce]">&gt;&gt;</a>&nbsp;&nbsp;&nbsp;LL_cpe_get_cpf
</UL>
<BR>[Called By]<UL><LI><a href="#[4db]">&gt;&gt;</a>&nbsp;&nbsp;&nbsp;ll_cpe_state_wait4rsp
<LI><a href="#[4d8]">&gt;&gt;</a>&nbsp;&nbsp;&nbsp;ll_cpe_state_dormant
</UL>

<P><STRONG><a name="[3d5]"></a>ll_cpe_reset_state_machines</STRONG> (Thumb, 118 bytes, Stack size unknown bytes, ll_cpe.o(i.ll_cpe_reset_state_machines))
<BR><BR>[Calls]<UL><LI><a href="#[2fb]">&gt;&gt;</a>&nbsp;&nbsp;&nbsp;LL_conn_get_cntxt_per_p
<LI><a href="#[3c1]">&gt;&gt;</a>&nbsp;&nbsp;&nbsp;ll_cpe_get_ctrl_flds_per_sm_p
<LI><a href="#[3c2]">&gt;&gt;</a>&nbsp;&nbsp;&nbsp;LL_cpe_get_ctrl_flds_common_p
</UL>
<BR>[Called By]<UL><LI><a href="#[316]">&gt;&gt;</a>&nbsp;&nbsp;&nbsp;LL_cpe_init
<LI><a href="#[3c5]">&gt;&gt;</a>&nbsp;&nbsp;&nbsp;ll_cpe_handle_isr_disconnect
</UL>

<P><STRONG><a name="[4d7]"></a>ll_cpe_set_expected_opcode</STRONG> (Thumb, 18 bytes, Stack size unknown bytes, ll_cpe.o(i.ll_cpe_set_expected_opcode))
<BR><BR>[Calls]<UL><LI><a href="#[2fb]">&gt;&gt;</a>&nbsp;&nbsp;&nbsp;LL_conn_get_cntxt_per_p
</UL>
<BR>[Called By]<UL><LI><a href="#[4d9]">&gt;&gt;</a>&nbsp;&nbsp;&nbsp;ll_cpe_state_wait4tx
<LI><a href="#[4da]">&gt;&gt;</a>&nbsp;&nbsp;&nbsp;ll_cpe_state_wait4ack
<LI><a href="#[4d6]">&gt;&gt;</a>&nbsp;&nbsp;&nbsp;ll_cpe_process_rx_pdu
</UL>

<P><STRONG><a name="[4d8]"></a>ll_cpe_state_dormant</STRONG> (Thumb, 122 bytes, Stack size unknown bytes, ll_cpe.o(i.ll_cpe_state_dormant))
<BR><BR>[Stack]<UL><LI>Max Depth = 8 + Unknown Stack Size
<LI>Call Chain = ll_cpe_state_dormant &rArr; ll_cpe_process_rx_pdu &rArr; valid_first_opcode &rArr; __ARM_common_switch8
</UL>
<BR>[Calls]<UL><LI><a href="#[2ff]">&gt;&gt;</a>&nbsp;&nbsp;&nbsp;LL_cpe_get_active_status
<LI><a href="#[32b]">&gt;&gt;</a>&nbsp;&nbsp;&nbsp;LL_conn_get_ctrl_pdu_data_p
<LI><a href="#[4d6]">&gt;&gt;</a>&nbsp;&nbsp;&nbsp;ll_cpe_process_rx_pdu
<LI><a href="#[3c8]">&gt;&gt;</a>&nbsp;&nbsp;&nbsp;ll_cpe_get_state
<LI><a href="#[4d4]">&gt;&gt;</a>&nbsp;&nbsp;&nbsp;ll_cpe_get_rx_pdu_discarded_by_one_sm
<LI><a href="#[4d3]">&gt;&gt;</a>&nbsp;&nbsp;&nbsp;ll_cpe_get_instant_active
<LI><a href="#[4d1]">&gt;&gt;</a>&nbsp;&nbsp;&nbsp;ll_cpe_clr_rx_pdu_discarded_by_one_sm
<LI><a href="#[3c3]">&gt;&gt;</a>&nbsp;&nbsp;&nbsp;ll_cpe_check_rx_pdu_can_be_processed
</UL>
<BR>[Called By]<UL><LI><a href="#[3cd]">&gt;&gt;</a>&nbsp;&nbsp;&nbsp;ll_cpe_state_machine
</UL>

<P><STRONG><a name="[3cd]"></a>ll_cpe_state_machine</STRONG> (Thumb, 298 bytes, Stack size unknown bytes, ll_cpe.o(i.ll_cpe_state_machine))
<BR><BR>[Stack]<UL><LI>Max Depth = 8 + Unknown Stack Size
<LI>Call Chain = ll_cpe_state_machine &rArr; __ARM_common_switch8
</UL>
<BR>[Calls]<UL><LI><a href="#[222]">&gt;&gt;</a>&nbsp;&nbsp;&nbsp;__ARM_common_switch8
<LI><a href="#[3a0]">&gt;&gt;</a>&nbsp;&nbsp;&nbsp;LL_conn_set_tx_ctrl_pdu_state
<LI><a href="#[364]">&gt;&gt;</a>&nbsp;&nbsp;&nbsp;LL_conn_get_tx_ctrl_pdu_state
<LI><a href="#[35c]">&gt;&gt;</a>&nbsp;&nbsp;&nbsp;LL_conn_get_instant_reached
<LI><a href="#[35b]">&gt;&gt;</a>&nbsp;&nbsp;&nbsp;LL_conn_get_instant_passed
<LI><a href="#[32b]">&gt;&gt;</a>&nbsp;&nbsp;&nbsp;LL_conn_get_ctrl_pdu_data_p
<LI><a href="#[2fb]">&gt;&gt;</a>&nbsp;&nbsp;&nbsp;LL_conn_get_cntxt_per_p
<LI><a href="#[342]">&gt;&gt;</a>&nbsp;&nbsp;&nbsp;LL_conn_clr_instant_reached_passed
<LI><a href="#[4d9]">&gt;&gt;</a>&nbsp;&nbsp;&nbsp;ll_cpe_state_wait4tx
<LI><a href="#[4db]">&gt;&gt;</a>&nbsp;&nbsp;&nbsp;ll_cpe_state_wait4rsp
<LI><a href="#[4da]">&gt;&gt;</a>&nbsp;&nbsp;&nbsp;ll_cpe_state_wait4ack
<LI><a href="#[4d8]">&gt;&gt;</a>&nbsp;&nbsp;&nbsp;ll_cpe_state_dormant
<LI><a href="#[3c8]">&gt;&gt;</a>&nbsp;&nbsp;&nbsp;ll_cpe_get_state
<LI><a href="#[3c0]">&gt;&gt;</a>&nbsp;&nbsp;&nbsp;ll_cpe_get_cpid_from_sm
<LI><a href="#[4d0]">&gt;&gt;</a>&nbsp;&nbsp;&nbsp;ll_cpe_get_active
<LI><a href="#[3c2]">&gt;&gt;</a>&nbsp;&nbsp;&nbsp;LL_cpe_get_ctrl_flds_common_p
<LI><a href="#[3ce]">&gt;&gt;</a>&nbsp;&nbsp;&nbsp;LL_cpe_get_cpf
</UL>
<BR>[Called By]<UL><LI><a href="#[1c9]">&gt;&gt;</a>&nbsp;&nbsp;&nbsp;LL_cpe_engine
</UL>

<P><STRONG><a name="[4da]"></a>ll_cpe_state_wait4ack</STRONG> (Thumb, 112 bytes, Stack size unknown bytes, ll_cpe.o(i.ll_cpe_state_wait4ack))
<BR><BR>[Calls]<UL><LI><a href="#[2ff]">&gt;&gt;</a>&nbsp;&nbsp;&nbsp;LL_cpe_get_active_status
<LI><a href="#[3a0]">&gt;&gt;</a>&nbsp;&nbsp;&nbsp;LL_conn_set_tx_ctrl_pdu_state
<LI><a href="#[364]">&gt;&gt;</a>&nbsp;&nbsp;&nbsp;LL_conn_get_tx_ctrl_pdu_state
<LI><a href="#[4d7]">&gt;&gt;</a>&nbsp;&nbsp;&nbsp;ll_cpe_set_expected_opcode
<LI><a href="#[4d3]">&gt;&gt;</a>&nbsp;&nbsp;&nbsp;ll_cpe_get_instant_active
<LI><a href="#[3c7]">&gt;&gt;</a>&nbsp;&nbsp;&nbsp;ll_cpe_get_expected_opcode
<LI><a href="#[3c0]">&gt;&gt;</a>&nbsp;&nbsp;&nbsp;ll_cpe_get_cpid_from_sm
<LI><a href="#[3ce]">&gt;&gt;</a>&nbsp;&nbsp;&nbsp;LL_cpe_get_cpf
</UL>
<BR>[Called By]<UL><LI><a href="#[3cd]">&gt;&gt;</a>&nbsp;&nbsp;&nbsp;ll_cpe_state_machine
</UL>

<P><STRONG><a name="[4db]"></a>ll_cpe_state_wait4rsp</STRONG> (Thumb, 158 bytes, Stack size unknown bytes, ll_cpe.o(i.ll_cpe_state_wait4rsp))
<BR><BR>[Stack]<UL><LI>Max Depth = 8 + Unknown Stack Size
<LI>Call Chain = ll_cpe_state_wait4rsp &rArr; ll_cpe_process_rx_pdu &rArr; valid_first_opcode &rArr; __ARM_common_switch8
</UL>
<BR>[Calls]<UL><LI><a href="#[178]">&gt;&gt;</a>&nbsp;&nbsp;&nbsp;tsk_notify_idx
<LI><a href="#[2ff]">&gt;&gt;</a>&nbsp;&nbsp;&nbsp;LL_cpe_get_active_status
<LI><a href="#[32b]">&gt;&gt;</a>&nbsp;&nbsp;&nbsp;LL_conn_get_ctrl_pdu_data_p
<LI><a href="#[4d6]">&gt;&gt;</a>&nbsp;&nbsp;&nbsp;ll_cpe_process_rx_pdu
<LI><a href="#[3c8]">&gt;&gt;</a>&nbsp;&nbsp;&nbsp;ll_cpe_get_state
<LI><a href="#[4d4]">&gt;&gt;</a>&nbsp;&nbsp;&nbsp;ll_cpe_get_rx_pdu_discarded_by_one_sm
<LI><a href="#[4d2]">&gt;&gt;</a>&nbsp;&nbsp;&nbsp;ll_cpe_get_other_sm_init_type
<LI><a href="#[4d3]">&gt;&gt;</a>&nbsp;&nbsp;&nbsp;ll_cpe_get_instant_active
<LI><a href="#[3c7]">&gt;&gt;</a>&nbsp;&nbsp;&nbsp;ll_cpe_get_expected_opcode
<LI><a href="#[4d1]">&gt;&gt;</a>&nbsp;&nbsp;&nbsp;ll_cpe_clr_rx_pdu_discarded_by_one_sm
<LI><a href="#[3c3]">&gt;&gt;</a>&nbsp;&nbsp;&nbsp;ll_cpe_check_rx_pdu_can_be_processed
<LI><a href="#[3c2]">&gt;&gt;</a>&nbsp;&nbsp;&nbsp;LL_cpe_get_ctrl_flds_common_p
</UL>
<BR>[Called By]<UL><LI><a href="#[3cd]">&gt;&gt;</a>&nbsp;&nbsp;&nbsp;ll_cpe_state_machine
</UL>

<P><STRONG><a name="[4d9]"></a>ll_cpe_state_wait4tx</STRONG> (Thumb, 148 bytes, Stack size unknown bytes, ll_cpe.o(i.ll_cpe_state_wait4tx))
<BR><BR>[Calls]<UL><LI><a href="#[2ff]">&gt;&gt;</a>&nbsp;&nbsp;&nbsp;LL_cpe_get_active_status
<LI><a href="#[3a0]">&gt;&gt;</a>&nbsp;&nbsp;&nbsp;LL_conn_set_tx_ctrl_pdu_state
<LI><a href="#[364]">&gt;&gt;</a>&nbsp;&nbsp;&nbsp;LL_conn_get_tx_ctrl_pdu_state
<LI><a href="#[32b]">&gt;&gt;</a>&nbsp;&nbsp;&nbsp;LL_conn_get_ctrl_pdu_data_p
<LI><a href="#[4d7]">&gt;&gt;</a>&nbsp;&nbsp;&nbsp;ll_cpe_set_expected_opcode
<LI><a href="#[3c1]">&gt;&gt;</a>&nbsp;&nbsp;&nbsp;ll_cpe_get_ctrl_flds_per_sm_p
<LI><a href="#[3c0]">&gt;&gt;</a>&nbsp;&nbsp;&nbsp;ll_cpe_get_cpid_from_sm
<LI><a href="#[3c4]">&gt;&gt;</a>&nbsp;&nbsp;&nbsp;ll_cpe_get_blocked_status
<LI><a href="#[4cd]">&gt;&gt;</a>&nbsp;&nbsp;&nbsp;ll_cpe_check_instant_blocked
<LI><a href="#[3ce]">&gt;&gt;</a>&nbsp;&nbsp;&nbsp;LL_cpe_get_cpf
</UL>
<BR>[Called By]<UL><LI><a href="#[3cd]">&gt;&gt;</a>&nbsp;&nbsp;&nbsp;ll_cpe_state_machine
</UL>

<P><STRONG><a name="[3cb]"></a>valid_first_opcode</STRONG> (Thumb, 82 bytes, Stack size unknown bytes, ll_cpe.o(i.valid_first_opcode))
<BR><BR>[Stack]<UL><LI>Max Depth = 8 + Unknown Stack Size
<LI>Call Chain = valid_first_opcode &rArr; __ARM_common_switch8
</UL>
<BR>[Calls]<UL><LI><a href="#[222]">&gt;&gt;</a>&nbsp;&nbsp;&nbsp;__ARM_common_switch8
</UL>
<BR>[Called By]<UL><LI><a href="#[4d6]">&gt;&gt;</a>&nbsp;&nbsp;&nbsp;ll_cpe_process_rx_pdu
<LI><a href="#[1c9]">&gt;&gt;</a>&nbsp;&nbsp;&nbsp;LL_cpe_engine
</UL>

<P><STRONG><a name="[3c6]"></a>valid_opcode</STRONG> (Thumb, 140 bytes, Stack size unknown bytes, ll_cpe.o(i.valid_opcode))
<BR><BR>[Stack]<UL><LI>Max Depth = 8 + Unknown Stack Size
<LI>Call Chain = valid_opcode &rArr; __ARM_common_switch8
</UL>
<BR>[Calls]<UL><LI><a href="#[222]">&gt;&gt;</a>&nbsp;&nbsp;&nbsp;__ARM_common_switch8
<LI><a href="#[35f]">&gt;&gt;</a>&nbsp;&nbsp;&nbsp;phy_upd_csr_ucfg
<LI><a href="#[1f0]">&gt;&gt;</a>&nbsp;&nbsp;&nbsp;periodic_csr_ucfg
<LI><a href="#[3e9]">&gt;&gt;</a>&nbsp;&nbsp;&nbsp;pcl_csr_ucfg
<LI><a href="#[390]">&gt;&gt;</a>&nbsp;&nbsp;&nbsp;cte_csr_ucfg
<LI><a href="#[2cb]">&gt;&gt;</a>&nbsp;&nbsp;&nbsp;data_length_extension_csr_ucfg
</UL>
<BR>[Called By]<UL><LI><a href="#[1c9]">&gt;&gt;</a>&nbsp;&nbsp;&nbsp;LL_cpe_engine
</UL>

<P><STRONG><a name="[42b]"></a>Reclassify_channel</STRONG> (Thumb, 54 bytes, Stack size unknown bytes, ll_cpf_channel_map_update.o(i.Reclassify_channel))
<BR><BR>[Calls]<UL><LI><a href="#[2ff]">&gt;&gt;</a>&nbsp;&nbsp;&nbsp;LL_cpe_get_active_status
<LI><a href="#[3b3]">&gt;&gt;</a>&nbsp;&nbsp;&nbsp;LL_conn_set_ch_classification_pending
<LI><a href="#[340]">&gt;&gt;</a>&nbsp;&nbsp;&nbsp;LL_conn_clr_ch_classification_pending
<LI><a href="#[300]">&gt;&gt;</a>&nbsp;&nbsp;&nbsp;LL_cpe_set_prepare_tx_pdu
<LI><a href="#[301]">&gt;&gt;</a>&nbsp;&nbsp;&nbsp;LL_cpe_set_active
</UL>
<BR>[Called By]<UL><LI><a href="#[5e]">&gt;&gt;</a>&nbsp;&nbsp;&nbsp;channel_Update_Offline_Processing
</UL>

<P><STRONG><a name="[3e6]"></a>hci_encryption_change_event_push</STRONG> (Thumb, 80 bytes, Stack size unknown bytes, ll_cpf_encryption.o(i.hci_encryption_change_event_push))
<BR><BR>[Calls]<UL><LI><a href="#[126]">&gt;&gt;</a>&nbsp;&nbsp;&nbsp;aci_event_fifo_push_header
<LI><a href="#[127]">&gt;&gt;</a>&nbsp;&nbsp;&nbsp;aci_event_fifo_push
</UL>
<BR>[Called By]<UL><LI><a href="#[3c]">&gt;&gt;</a>&nbsp;&nbsp;&nbsp;LL_encryption
</UL>

<P><STRONG><a name="[3e7]"></a>hci_encryption_key_refresh_complete_event_push</STRONG> (Thumb, 76 bytes, Stack size unknown bytes, ll_cpf_encryption.o(i.hci_encryption_key_refresh_complete_event_push))
<BR><BR>[Calls]<UL><LI><a href="#[126]">&gt;&gt;</a>&nbsp;&nbsp;&nbsp;aci_event_fifo_push_header
<LI><a href="#[127]">&gt;&gt;</a>&nbsp;&nbsp;&nbsp;aci_event_fifo_push
</UL>
<BR>[Called By]<UL><LI><a href="#[3c]">&gt;&gt;</a>&nbsp;&nbsp;&nbsp;LL_encryption
</UL>

<P><STRONG><a name="[3e4]"></a>le3ByteToInt32</STRONG> (Thumb, 16 bytes, Stack size unknown bytes, ll_cpf_encryption.o(i.le3ByteToInt32))
<BR><BR>[Called By]<UL><LI><a href="#[3c]">&gt;&gt;</a>&nbsp;&nbsp;&nbsp;LL_encryption
</UL>

<P><STRONG><a name="[3e5]"></a>le4ByteToInt32</STRONG> (Thumb, 22 bytes, Stack size unknown bytes, ll_cpf_encryption.o(i.le4ByteToInt32))
<BR><BR>[Called By]<UL><LI><a href="#[3c]">&gt;&gt;</a>&nbsp;&nbsp;&nbsp;LL_encryption
</UL>

<P><STRONG><a name="[2fd]"></a>LLC_authenticated_payload_timeout_start_le_ping</STRONG> (Thumb, 58 bytes, Stack size unknown bytes, ll_cpf_le_ping.o(i.LLC_authenticated_payload_timeout_start_le_ping))
<BR><BR>[Calls]<UL><LI><a href="#[2ff]">&gt;&gt;</a>&nbsp;&nbsp;&nbsp;LL_cpe_get_active_status
<LI><a href="#[245]">&gt;&gt;</a>&nbsp;&nbsp;&nbsp;tsk_wait_resource_idx
<LI><a href="#[300]">&gt;&gt;</a>&nbsp;&nbsp;&nbsp;LL_cpe_set_prepare_tx_pdu
<LI><a href="#[301]">&gt;&gt;</a>&nbsp;&nbsp;&nbsp;LL_cpe_set_active
</UL>
<BR>[Called By]<UL><LI><a href="#[2fa]">&gt;&gt;</a>&nbsp;&nbsp;&nbsp;LLC_authenticated_payload_timeout_cb
<LI><a href="#[5f]">&gt;&gt;</a>&nbsp;&nbsp;&nbsp;LLC_authenticated_payload_timeout_processing
</UL>

<P><STRONG><a name="[3ee]"></a>LL_priv_Innerlist_size</STRONG> (Thumb, 48 bytes, Stack size unknown bytes, ll_privacy.o(i.LL_priv_Innerlist_size))
<BR><BR>[Called By]<UL><LI><a href="#[3ec]">&gt;&gt;</a>&nbsp;&nbsp;&nbsp;LL_priv_AddAddrInEachList
</UL>

<P><STRONG><a name="[3f2]"></a>LL_priv_RemoveAddrInEachListIndex</STRONG> (Thumb, 276 bytes, Stack size unknown bytes, ll_privacy.o(i.LL_priv_RemoveAddrInEachListIndex))
<BR><BR>[Called By]<UL><LI><a href="#[3f1]">&gt;&gt;</a>&nbsp;&nbsp;&nbsp;LL_priv_remove_from_ConnIDList
</UL>

<P><STRONG><a name="[451]"></a>sma_Calculate_Hash</STRONG> (Thumb, 54 bytes, Stack size unknown bytes, smp_algo_sap.o(i.sma_Calculate_Hash))
<BR><BR>[Stack]<UL><LI>Max Depth = 24 + Unknown Stack Size
<LI>Call Chain = sma_Calculate_Hash &rArr; hci_le_encrypt &rArr; BLEPLAT_aes128_encrypt &rArr; AESMGR_Encrypt
</UL>
<BR>[Calls]<UL><LI><a href="#[16a]">&gt;&gt;</a>&nbsp;&nbsp;&nbsp;Osal_MemCpy
<LI><a href="#[141]">&gt;&gt;</a>&nbsp;&nbsp;&nbsp;Osal_MemSet
<LI><a href="#[433]">&gt;&gt;</a>&nbsp;&nbsp;&nbsp;hci_le_encrypt
</UL>
<BR>[Called By]<UL><LI><a href="#[1f8]">&gt;&gt;</a>&nbsp;&nbsp;&nbsp;SM_Generate_Resolvable_Private_Address
<LI><a href="#[1a3]">&gt;&gt;</a>&nbsp;&nbsp;&nbsp;SM_Resolve_Private_Address
</UL>

<P><STRONG><a name="[4e2]"></a>sma_generate_subkeys</STRONG> (Thumb, 126 bytes, Stack size unknown bytes, smp_algo_sap.o(i.sma_generate_subkeys))
<BR><BR>[Stack]<UL><LI>Max Depth = 24 + Unknown Stack Size
<LI>Call Chain = sma_generate_subkeys &rArr; hci_le_encrypt &rArr; BLEPLAT_aes128_encrypt &rArr; AESMGR_Encrypt
</UL>
<BR>[Calls]<UL><LI><a href="#[433]">&gt;&gt;</a>&nbsp;&nbsp;&nbsp;hci_le_encrypt
<LI><a href="#[4e3]">&gt;&gt;</a>&nbsp;&nbsp;&nbsp;sma_left_shift
</UL>
<BR>[Called By]<UL><LI><a href="#[450]">&gt;&gt;</a>&nbsp;&nbsp;&nbsp;sma_CMAC_generate_tag
</UL>

<P><STRONG><a name="[4e3]"></a>sma_left_shift</STRONG> (Thumb, 44 bytes, Stack size unknown bytes, smp_algo_sap.o(i.sma_left_shift))
<BR><BR>[Called By]<UL><LI><a href="#[4e2]">&gt;&gt;</a>&nbsp;&nbsp;&nbsp;sma_generate_subkeys
</UL>

<P><STRONG><a name="[1b6]"></a>Timer_StartFirstActive_sysT</STRONG> (Thumb, 72 bytes, Stack size unknown bytes, stacklib_timers.o(i.Timer_StartFirstActive_sysT))
<BR><BR>[Stack]<UL><LI>Max Depth = 160 + Unknown Stack Size
<LI>Call Chain = Timer_StartFirstActive_sysT &rArr; HAL_VTIMER_StartTimerSysTime &rArr; _virtualTimeBaseEnable &rArr; HAL_VTIMER_StopTimer &rArr; _update_user_timeout &rArr; _check_radio_activity &rArr; TIMER_SetRadioTimerValue &rArr; get_system_time_and_machine
</UL>
<BR>[Calls]<UL><LI><a href="#[1b4]">&gt;&gt;</a>&nbsp;&nbsp;&nbsp;TIMER_GetCurrentSysTime
<LI><a href="#[2c6]">&gt;&gt;</a>&nbsp;&nbsp;&nbsp;HAL_VTIMER_StopTimer
<LI><a href="#[2c5]">&gt;&gt;</a>&nbsp;&nbsp;&nbsp;HAL_VTIMER_StartTimerSysTime
<LI><a href="#[46b]">&gt;&gt;</a>&nbsp;&nbsp;&nbsp;__aeabi_llsl
</UL>
<BR>[Called By]<UL><LI><a href="#[1b3]">&gt;&gt;</a>&nbsp;&nbsp;&nbsp;CST_start
<LI><a href="#[1b7]">&gt;&gt;</a>&nbsp;&nbsp;&nbsp;Timer_TryStartFirstActive
</UL>

<P><STRONG><a name="[1b7]"></a>Timer_TryStartFirstActive</STRONG> (Thumb, 40 bytes, Stack size unknown bytes, stacklib_timers.o(i.Timer_TryStartFirstActive))
<BR><BR>[Stack]<UL><LI>Max Depth = 160 + Unknown Stack Size
<LI>Call Chain = Timer_TryStartFirstActive &rArr; Timer_StartFirstActive_sysT &rArr; HAL_VTIMER_StartTimerSysTime &rArr; _virtualTimeBaseEnable &rArr; HAL_VTIMER_StopTimer &rArr; _update_user_timeout &rArr; _check_radio_activity &rArr; TIMER_SetRadioTimerValue &rArr; get_system_time_and_machine
</UL>
<BR>[Calls]<UL><LI><a href="#[2c6]">&gt;&gt;</a>&nbsp;&nbsp;&nbsp;HAL_VTIMER_StopTimer
<LI><a href="#[1b6]">&gt;&gt;</a>&nbsp;&nbsp;&nbsp;Timer_StartFirstActive_sysT
</UL>
<BR>[Called By]<UL><LI><a href="#[242]">&gt;&gt;</a>&nbsp;&nbsp;&nbsp;cst_sharedCallback
<LI><a href="#[1b5]">&gt;&gt;</a>&nbsp;&nbsp;&nbsp;CST_stop
</UL>

<P><STRONG><a name="[121]"></a>AESstdInitEnc</STRONG> (Thumb, 150 bytes, Stack size 20 bytes, crypto.o(i.AESstdInitEnc))
<BR><BR>[Stack]<UL><LI>Max Depth = 20<LI>Call Chain = AESstdInitEnc
</UL>
<BR>[Called By]<UL><LI><a href="#[120]">&gt;&gt;</a>&nbsp;&nbsp;&nbsp;AES_CMAC_Encrypt_Init
</UL>

<P><STRONG><a name="[3ea]"></a>hci_le_read_remote_used_features_complete_event_push</STRONG> (Thumb, 96 bytes, Stack size unknown bytes, ll_cpf_feature_exchange.o(i.hci_le_read_remote_used_features_complete_event_push))
<BR><BR>[Calls]<UL><LI><a href="#[16a]">&gt;&gt;</a>&nbsp;&nbsp;&nbsp;Osal_MemCpy
<LI><a href="#[126]">&gt;&gt;</a>&nbsp;&nbsp;&nbsp;aci_event_fifo_push_header
<LI><a href="#[127]">&gt;&gt;</a>&nbsp;&nbsp;&nbsp;aci_event_fifo_push
</UL>
<BR>[Called By]<UL><LI><a href="#[3e]">&gt;&gt;</a>&nbsp;&nbsp;&nbsp;LL_feature_exchange
</UL>

<P><STRONG><a name="[3fc]"></a>hci_read_remote_version_information_complete_event_push</STRONG> (Thumb, 82 bytes, Stack size unknown bytes, ll_cpf_version_exchange.o(i.hci_read_remote_version_information_complete_event_push))
<BR><BR>[Calls]<UL><LI><a href="#[4c9]">&gt;&gt;</a>&nbsp;&nbsp;&nbsp;hci_read_remote_version_information_complete_event_copy
<LI><a href="#[126]">&gt;&gt;</a>&nbsp;&nbsp;&nbsp;aci_event_fifo_push_header
<LI><a href="#[127]">&gt;&gt;</a>&nbsp;&nbsp;&nbsp;aci_event_fifo_push
</UL>
<BR>[Called By]<UL><LI><a href="#[3f]">&gt;&gt;</a>&nbsp;&nbsp;&nbsp;LL_version_exchange
</UL>

<P><STRONG><a name="[29]"></a>_printf_input_char</STRONG> (Thumb, 10 bytes, Stack size 0 bytes, _printf_char_common.o(.text))
<BR>[Address Reference Count : 1]<UL><LI> _printf_char_common.o(.text)
</UL><P>
<H3>
Undefined Global Symbols
</H3>
<P><STRONG><a name="[f5]"></a>_call_atexit_fns</STRONG> (ARM, 0 bytes, Stack size 0 bytes, UNDEFINED)
<BR><BR>[Called By]<UL><LI><a href="#[d9]">&gt;&gt;</a>&nbsp;&nbsp;&nbsp;exit
</UL>

<P><STRONG><a name="[f2]"></a>_printf_mbtowc</STRONG> (ARM, 0 bytes, Stack size 0 bytes, UNDEFINED)
<BR><BR>[Called By]<UL><LI><a href="#[f1]">&gt;&gt;</a>&nbsp;&nbsp;&nbsp;_printf_cs_common
</UL>

<P><STRONG><a name="[e3]"></a>_printf_truncate_unsigned</STRONG> (ARM, 0 bytes, Stack size 0 bytes, UNDEFINED)
<BR><BR>[Called By]<UL><LI><a href="#[d0]">&gt;&gt;</a>&nbsp;&nbsp;&nbsp;_printf_int_hex
</UL>
<HR></body></html>
