<html>
<body>
<pre>
<h1>µVision Build Log</h1>
<h2>Tool Versions:</h2>
IDE-Version: •ÏVision V5.27.1.0
Copyright (C) 2019 ARM Ltd and ARM Germany GmbH. All rights reserved.
License Information: June Ra, Sigmalab Co.,Ltd., LIC=Y2B1Q-NUGP3-F1DPT-R35L9-CELB1-R9HP9
 
Tool Versions:
Toolchain:       MDK-ARM Professional  Version: 5.28.0.0
Toolchain Path:  C:\Keil_v5\ARM\ARMCC\Bin
C Compiler:      Armcc.exe V5.06 update 6 (build 750)
Assembler:       Armasm.exe V5.06 update 6 (build 750)
Linker/Locator:  ArmLink.exe V5.06 update 6 (build 750)
Library Manager: ArmAr.exe V5.06 update 6 (build 750)
Hex Converter:   FromElf.exe V5.06 update 6 (build 750)
CPU DLL:         SARMCM3.DLL V5.28.0.0
Dialog DLL:      DARMCM1.DLL V1.19.2.0
Target DLL:      CMSIS_AGDI.dll V1.31.18.0
Dialog DLL:      TARMCM1.DLL V1.14.1.0
 
<h2>Project:</h2>
D:\Work\_Tnn\Development\BLE_Module\_firmware\BlueNRG-LP DK 1.1.0\Projects\BLE_Examples\BLE_SerialPort\MDK-ARM\STEVAL-IDB011V1\BLE_SerialPort.uvprojx
Project File Date:  01/03/2023

<h2>Output:</h2>
*** Using Compiler 'V5.06 update 6 (build 750)', folder: 'C:\Keil_v5\ARM\ARMCC\Bin'
Rebuild target 'Server_Use_OTA_ServiceManager'
compiling bluenrg_lp_evb_i2c.c...
compiling bluenrg_lp_evb_button.c...
compiling bluenrg_lp_evb_com.c...
compiling bluenrg_lp_evb_io.c...
compiling bluenrg_lp_evb_led.c...
compiling bluenrg_lp_evb_spi.c...
compiling lps22hh_reg.c...
compiling system_BlueNRG_LP.c...
compiling rf_driver_hal_power_manager.c...
compiling rf_driver_hal_vtimer.c...
compiling lsm6dsox_reg.c...
compiling rf_driver_ll_adc.c...
compiling rf_driver_ll_crc.c...
compiling rf_driver_ll_dma.c...
compiling rf_driver_ll_exti.c...
compiling rf_driver_ll_flash.c...
compiling rf_driver_ll_gpio.c...
compiling rf_driver_ll_i2c.c...
compiling rf_driver_ll_lpuart.c...
compiling rf_driver_ll_pka_v7b.c...
compiling rf_driver_ll_pwr.c...
compiling rf_driver_ll_rcc.c...
compiling rf_driver_ll_radio_2g4.c...
compiling rf_driver_ll_rng.c...
compiling rf_driver_ll_rtc.c...
compiling rf_driver_ll_spi.c...
compiling rf_driver_ll_tim.c...
compiling rf_driver_ll_usart.c...
compiling rf_driver_ll_timer.c...
compiling rf_driver_ll_utils.c...
compiling gatt_db.c...
compiling bluenrg_lp_it.c...
compiling BLE_SerialPort_main.c...
compiling serial_port.c...
compiling app_main.c...
compiling subs.c...
compiling aes_manager_bluenrg_lp.c...
compiling stack_user_cfg.c...
compiling aes_hw.c...
compiling ble_controller.c...
assembling blue_unit_conversion.s...
compiling ble_controller_bluenrg_lp.c...
assembling context_switch.s...
compiling clock.c...
compiling fifo.c...
compiling gp_timer.c...
compiling hal_miscutil.c...
compiling miscutil.c...
compiling osal.c...
assembling osal_memcpy.s...
compiling nvm_db_conf.c...
compiling nvm_db_upper_layer.c...
compiling nvm_db.c...
compiling pka_manager.c...
compiling OTA_btl.c...
compiling pka_manager_bluenrg_lp.c...
compiling gatt_profile.c...
compiling gap_profile.c...
compiling rng_manager.c...
compiling rng_manager_bluenrg_lp.c...
linking...
Program Size: Code=85760 RO-data=1848 RW-data=1160 ZI-data=10152  
FromELF: creating hex file...
After Build - User command #1: fromelf.exe --bin Server_Use_OTA_ServiceManager\Objects\BLE_SerialPort_Server_Use_OTA_ServiceManager.axf --output Server_Use_OTA_ServiceManager\Objects\BLE_SerialPort_Server_Use_OTA_ServiceManager.bin
".\Server_Use_OTA_ServiceManager\Objects\BLE_SerialPort_Server_Use_OTA_ServiceManager.axf" - 0 Error(s), 0 Warning(s).

<h2>Software Packages used:</h2>

Package Vendor: Keil
                http://www.keil.com/pack/Keil.STBlueNRG-LP_DFP.2.0.0.pack
                Keil.STBlueNRG-LP_DFP.2.0.0
                STMicroelectronics BlueNRG-LP Series Device Support

<h2>Collection of Component include folders:</h2>
  .\RTE\_Server_Use_OTA_ServiceManager

<h2>Collection of Component Files used:</h2>
Build Time Elapsed:  00:00:16
</pre>
</body>
</html>
